******************************************************************************
                  TI ARM Linker PC v18.12.3                    
******************************************************************************
>> Linked Thu Nov 14 13:19:04 2019

OUTPUT FILE NAME:   <HET Fail Test.out>
ENTRY POINT SYMBOL: "_c_int00"  address: 0000485c


MEMORY CONFIGURATION

         name            origin    length      used     unused   attr    fill
----------------------  --------  ---------  --------  --------  ----  --------
  VECTORS               00000000   00000020  00000020  00000000     X
  FLASH0                00000020   001fffe0  00005488  001fab58  R  X
  FLASH1                00200000   00200000  00000000  00200000  R  X
  STACKS                08000000   00001500  00000000  00001500  RW  
  RAM                   08001500   0007eb00  00000000  0007eb00  RW  


SEGMENT ALLOCATION MAP

run origin  load origin   length   init length attrs members
----------  ----------- ---------- ----------- ----- -------
00000000    00000000    00004b28   00004b28    r-x
  00000000    00000000    00000020   00000020    r-x .intvecs
  00000020    00000020    00004b08   00004b08    r-x .text
00004b40    00004b40    00000980   00000980    r--
  00004b40    00004b40    00000980   00000980    r-- .const


SECTION ALLOCATION MAP

 output                                  attributes/
section   page    origin      length       input sections
--------  ----  ----------  ----------   ----------------
.intvecs   0    00000000    00000020     
                  00000000    00000020     HL_sys_intvecs.obj (.intvecs)

.text      0    00000020    00004b08     
                  00000020    00000bd4     HL_het.obj (.text)
                  00000bf4    000009c0     HL_pinmux.obj (.text)
                  000015b4    00000998     HL_system.obj (.text)
                  00001f4c    00000938     HL_sys_vim.obj (.text)
                  00002884    0000078c     HL_esm.obj (.text)
                  00003010    00000664     HL_errata_SSWF021_45.obj (.text)
                  00003674    00000484     HL_gio.obj (.text)
                  00003af8    000003c4     HL_sys_core.obj (.text)
                  00003ebc    0000036c     HL_sys_mpu.obj (.text)
                  00004228    0000033c     HL_sys_vim.obj (.text:retain)
                  00004564    00000180     rtsv7R4_A_le_v3D16_eabi.lib : memcpy32.asm.obj (.text)
                  000046e4    00000178     HL_esm.obj (.text:retain)
                  0000485c    000000d8     HL_sys_startup.obj (.text:retain)
                  00004934    000000b4     HL_notification.obj (.text)
                  000049e8    00000074     HL_sys_main.obj (.text)
                  00004a5c    00000068     rtsv7R4_A_le_v3D16_eabi.lib : autoinit.c.obj (.text:__TI_auto_init_nobinit_nopinit:__TI_auto_init_nobinit_nopinit)
                  00004ac4    00000050                                 : u_div32.asm.obj (.text)
                  00004b14    00000008                                 : exit.c.obj (.text:abort:abort)
                  00004b1c    00000004     HL_sys_startup.obj (.text)
                  00004b20    00000004     HL_sys_phantom.obj (.text:retain)
                  00004b24    00000004     rtsv7R4_A_le_v3D16_eabi.lib : div0.asm.obj (.text)

.const     0    00004b40    00000980     
                  00004b40    000003a0     HL_het.obj (.const:het1PROGRAM)
                  00004ee0    000003a0     HL_het.obj (.const:het2PROGRAM)
                  00005280    00000200     HL_sys_vim.obj (.const:s_vim_init)
                  00005480    00000020     HL_het.obj (.const:s_het1pwmPolarity)
                  000054a0    00000020     HL_het.obj (.const:s_het2pwmPolarity)

.cinit     0    00000020    00000000     UNINITIALIZED

MODULE SUMMARY

       Module                     code    ro data   rw data
       ------                     ----    -------   -------
    .\source\
       HL_het.obj                 3028    1920      0      
       HL_sys_vim.obj             3188    512       0      
       HL_pinmux.obj              2496    0         0      
       HL_system.obj              2456    0         0      
       HL_esm.obj                 2308    0         0      
       HL_errata_SSWF021_45.obj   1636    0         0      
       HL_gio.obj                 1156    0         0      
       HL_sys_core.obj            964     0         0      
       HL_sys_mpu.obj             876     0         0      
       HL_sys_startup.obj         220     0         0      
       HL_notification.obj        180     0         0      
       HL_sys_main.obj            116     0         0      
       HL_sys_intvecs.obj         32      0         0      
       HL_sys_phantom.obj         4       0         0      
    +--+--------------------------+-------+---------+---------+
       Total:                     18660   2432      0      
                                                           
    C:\Software\TI\CCS\ccs\tools\compiler\ti-cgt-arm_18.12.3.LTS\lib\rtsv7R4_A_le_v3D16_eabi.lib
       memcpy32.asm.obj           384     0         0      
       autoinit.c.obj             104     0         0      
       u_div32.asm.obj            80      0         0      
       exit.c.obj                 8       0         0      
       div0.asm.obj               4       0         0      
    +--+--------------------------+-------+---------+---------+
       Total:                     580     0         0      
                                                           
    +--+--------------------------+-------+---------+---------+
       Grand Total:               19240   2432      0      


GLOBAL SYMBOLS: SORTED ALPHABETICALLY BY Name 

address   name                                
-------   ----                                
00004b14  C$$EXIT                             
UNDEFED   SHT$$INIT_ARRAY$$Base               
UNDEFED   SHT$$INIT_ARRAY$$Limit              
UNDEFED   __TI_CINIT_Base                     
UNDEFED   __TI_CINIT_Limit                    
UNDEFED   __TI_Handler_Table_Base             
UNDEFED   __TI_Handler_Table_Limit            
00003eb4  __TI_PINIT_Base                     
00003eb8  __TI_PINIT_Limit                    
00004a5c  __TI_auto_init_nobinit_nopinit      
ffffffff  __TI_pprof_out_hndl                 
ffffffff  __TI_prof_data_size                 
ffffffff  __TI_prof_data_start                
00000000  __TI_static_base__                  
00004b24  __aeabi_idiv0                       
00004b24  __aeabi_ldiv0                       
00004564  __aeabi_memcpy                      
00004564  __aeabi_memcpy4                     
00004564  __aeabi_memcpy8                     
00004ac4  __aeabi_uidiv                       
00004ac4  __aeabi_uidivmod                    
ffffffff  __binit__                           
ffffffff  __c_args__                          
0000485c  _c_int00                            
00003e68  _cacheDisable_                      
00003e24  _cacheEnable_                       
00003e04  _checkMemInitOn_                    
00003d10  _coreClearAuxiliaryDataFault_       
00003d24  _coreClearAuxiliaryInstructionFault_
00003ce8  _coreClearDataFaultAddress_         
00003cc0  _coreClearDataFault_                
00003cfc  _coreClearInstructionFaultAddress_  
00003cd4  _coreClearInstructionFault_         
00003c98  _coreDisableEventBusExport_         
00003c88  _coreEnableEventBusExport_          
00003ca8  _coreEnableIrqVicOffset_            
00003c70  _coreEnableVfp_                     
00003d08  _coreGetAuxiliaryDataFault_         
00003d1c  _coreGetAuxiliaryInstructionFault_  
00003ce0  _coreGetDataFaultAddress_           
00003cb8  _coreGetDataFault_                  
00003cf4  _coreGetInstructionFaultAddress_    
00003ccc  _coreGetInstructionFault_           
00003af8  _coreInitRegisters_                 
00003c04  _coreInitStackPointer_              
00003e8c  _dCacheInvalidate_                  
00003d30  _disable_IRQ_interrupt_             
00003d38  _enable_IRQ_interrupt_              
00003d40  _enable_interrupt_                  
00003010  _errata_SSWF021_45_both_plls        
00003204  _errata_SSWF021_45_pll1             
0000337c  _errata_SSWF021_45_pll2             
00003d48  _esmCcmErrorsClear_                 
00003c50  _getCPSRValue_                      
00003c58  _gotoCPUIdle_                       
00003ea0  _iCacheInvalidate_                  
00003dd0  _memInit_                           
000041d0  _mpuAreRegionsSeparate_             
000041b4  _mpuDisableBackgroundRegion_        
0000418c  _mpuDisable_                        
000041a4  _mpuEnableBackgroundRegion_         
00004174  _mpuEnable_                         
000041c4  _mpuGetNumberOfRegions_             
000041f4  _mpuGetRegionBaseAddress_           
00004214  _mpuGetRegionPermission_            
00004208  _mpuGetRegionType_                  
000041e4  _mpuGetRegion_                      
00003ebc  _mpuInit_                           
000041ec  _mpuSetRegionBaseAddress_           
00004220  _mpuSetRegionSizeRegister_          
000041fc  _mpuSetRegionTypeAndPermission_     
000041dc  _mpuSetRegion_                      
UNDEFED   _system_post_cinit                  
00004b14  abort                               
ffffffff  binit                               
00000738  capGetSignal                        
00001ea4  customTrimLPO                       
0000496c  dmaGroupANotification               
000006f8  edgeDisableNotification             
000006bc  edgeEnableNotification              
00000690  edgeGetCounter                      
000049ac  edgeNotification                    
00000664  edgeResetCounter                    
000049d4  epcCAMFullNotification              
000049d8  epcFIFOFullNotification             
00002a94  esmActivateNormalOperation          
00002be0  esmClearStatus                      
00002c44  esmClearStatusBuffer                
00002c20  esmClearStatusUpper                 
00002a40  esmDisableError                     
00002a68  esmDisableErrorUpper                
00002ae8  esmDisableInterrupt                 
00002b10  esmDisableInterruptUpper            
000029fc  esmEnableError                      
00002a24  esmEnableErrorUpper                 
00002aa4  esmEnableInterrupt                  
00002acc  esmEnableInterruptUpper             
00002d74  esmEnterSelfTest                    
000029e0  esmError                            
00002e4c  esmGetConfigValue                   
00002c80  esmGetStatus                        
00002d4c  esmGetStatusBuffer                  
00002d04  esmGetStatusUpper                   
00004934  esmGroup1Notification               
00004948  esmGroup2Notification               
0000495c  esmGroup3Notification               
000046e4  esmHighInterrupt                    
00002884  esmInit                             
00002dfc  esmSelfTestStatus                   
00002c60  esmSetCounterPreloadValue           
00002b2c  esmSetInterruptLevel                
00002ba0  esmSetInterruptLevelUpper           
00002a84  esmTriggerErrorPinReset             
0000194c  getResetSource                      
000038d4  gioDisableNotification              
0000386c  gioEnableNotification               
000037d4  gioGetBit                           
0000393c  gioGetConfigValue                   
000037fc  gioGetPort                          
00003674  gioInit                             
00004980  gioNotification                     
00003764  gioSetBit                           
00003744  gioSetDirection                     
000037b4  gioSetPort                          
00003814  gioToggleBit                        
00004b1c  handlePLLLockFail                   
00000844  het1GetConfigValue                  
000009d4  het2GetConfigValue                  
0000082c  hetGetTimestamp                     
00000020  hetInit                             
000049c0  hetNotification                     
00000810  hetResetTimestamp                   
000049e8  main                                
0000177c  mapClocks                           
00004564  memcpy                              
00000bf4  muxInit                             
000016c8  periphInit                          
00004b20  phantomInterrupt                    
00000634  pwmDisableNotification              
000005ec  pwmEnableNotification               
0000050c  pwmGetSignal                        
00004994  pwmNotification                     
0000020c  pwmSetDuty                          
0000035c  pwmSetSignal                        
000001a4  pwmStart                            
000001d8  pwmStop                             
00000000  resetEntry                          
00001688  setupFlash                          
000015b4  setupPLL                            
00001a74  systemGetConfigValue                
000018a8  systemInit                          
0000191c  systemPowerDown                     
00001614  trimLPO                             
00002020  vimChannelMap                       
0000228c  vimDisableInterrupt                 
00004228  vimECCErrorHandler                  
000020c4  vimEnableInterrupt                  
00002338  vimGetConfigValue                   
00001f4c  vimInit                             


GLOBAL SYMBOLS: SORTED BY Symbol Address 

address   name                                
-------   ----                                
00000000  __TI_static_base__                  
00000000  resetEntry                          
00000020  hetInit                             
000001a4  pwmStart                            
000001d8  pwmStop                             
0000020c  pwmSetDuty                          
0000035c  pwmSetSignal                        
0000050c  pwmGetSignal                        
000005ec  pwmEnableNotification               
00000634  pwmDisableNotification              
00000664  edgeResetCounter                    
00000690  edgeGetCounter                      
000006bc  edgeEnableNotification              
000006f8  edgeDisableNotification             
00000738  capGetSignal                        
00000810  hetResetTimestamp                   
0000082c  hetGetTimestamp                     
00000844  het1GetConfigValue                  
000009d4  het2GetConfigValue                  
00000bf4  muxInit                             
000015b4  setupPLL                            
00001614  trimLPO                             
00001688  setupFlash                          
000016c8  periphInit                          
0000177c  mapClocks                           
000018a8  systemInit                          
0000191c  systemPowerDown                     
0000194c  getResetSource                      
00001a74  systemGetConfigValue                
00001ea4  customTrimLPO                       
00001f4c  vimInit                             
00002020  vimChannelMap                       
000020c4  vimEnableInterrupt                  
0000228c  vimDisableInterrupt                 
00002338  vimGetConfigValue                   
00002884  esmInit                             
000029e0  esmError                            
000029fc  esmEnableError                      
00002a24  esmEnableErrorUpper                 
00002a40  esmDisableError                     
00002a68  esmDisableErrorUpper                
00002a84  esmTriggerErrorPinReset             
00002a94  esmActivateNormalOperation          
00002aa4  esmEnableInterrupt                  
00002acc  esmEnableInterruptUpper             
00002ae8  esmDisableInterrupt                 
00002b10  esmDisableInterruptUpper            
00002b2c  esmSetInterruptLevel                
00002ba0  esmSetInterruptLevelUpper           
00002be0  esmClearStatus                      
00002c20  esmClearStatusUpper                 
00002c44  esmClearStatusBuffer                
00002c60  esmSetCounterPreloadValue           
00002c80  esmGetStatus                        
00002d04  esmGetStatusUpper                   
00002d4c  esmGetStatusBuffer                  
00002d74  esmEnterSelfTest                    
00002dfc  esmSelfTestStatus                   
00002e4c  esmGetConfigValue                   
00003010  _errata_SSWF021_45_both_plls        
00003204  _errata_SSWF021_45_pll1             
0000337c  _errata_SSWF021_45_pll2             
00003674  gioInit                             
00003744  gioSetDirection                     
00003764  gioSetBit                           
000037b4  gioSetPort                          
000037d4  gioGetBit                           
000037fc  gioGetPort                          
00003814  gioToggleBit                        
0000386c  gioEnableNotification               
000038d4  gioDisableNotification              
0000393c  gioGetConfigValue                   
00003af8  _coreInitRegisters_                 
00003c04  _coreInitStackPointer_              
00003c50  _getCPSRValue_                      
00003c58  _gotoCPUIdle_                       
00003c70  _coreEnableVfp_                     
00003c88  _coreEnableEventBusExport_          
00003c98  _coreDisableEventBusExport_         
00003ca8  _coreEnableIrqVicOffset_            
00003cb8  _coreGetDataFault_                  
00003cc0  _coreClearDataFault_                
00003ccc  _coreGetInstructionFault_           
00003cd4  _coreClearInstructionFault_         
00003ce0  _coreGetDataFaultAddress_           
00003ce8  _coreClearDataFaultAddress_         
00003cf4  _coreGetInstructionFaultAddress_    
00003cfc  _coreClearInstructionFaultAddress_  
00003d08  _coreGetAuxiliaryDataFault_         
00003d10  _coreClearAuxiliaryDataFault_       
00003d1c  _coreGetAuxiliaryInstructionFault_  
00003d24  _coreClearAuxiliaryInstructionFault_
00003d30  _disable_IRQ_interrupt_             
00003d38  _enable_IRQ_interrupt_              
00003d40  _enable_interrupt_                  
00003d48  _esmCcmErrorsClear_                 
00003dd0  _memInit_                           
00003e04  _checkMemInitOn_                    
00003e24  _cacheEnable_                       
00003e68  _cacheDisable_                      
00003e8c  _dCacheInvalidate_                  
00003ea0  _iCacheInvalidate_                  
00003eb4  __TI_PINIT_Base                     
00003eb8  __TI_PINIT_Limit                    
00003ebc  _mpuInit_                           
00004174  _mpuEnable_                         
0000418c  _mpuDisable_                        
000041a4  _mpuEnableBackgroundRegion_         
000041b4  _mpuDisableBackgroundRegion_        
000041c4  _mpuGetNumberOfRegions_             
000041d0  _mpuAreRegionsSeparate_             
000041dc  _mpuSetRegion_                      
000041e4  _mpuGetRegion_                      
000041ec  _mpuSetRegionBaseAddress_           
000041f4  _mpuGetRegionBaseAddress_           
000041fc  _mpuSetRegionTypeAndPermission_     
00004208  _mpuGetRegionType_                  
00004214  _mpuGetRegionPermission_            
00004220  _mpuSetRegionSizeRegister_          
00004228  vimECCErrorHandler                  
00004564  __aeabi_memcpy                      
00004564  __aeabi_memcpy4                     
00004564  __aeabi_memcpy8                     
00004564  memcpy                              
000046e4  esmHighInterrupt                    
0000485c  _c_int00                            
00004934  esmGroup1Notification               
00004948  esmGroup2Notification               
0000495c  esmGroup3Notification               
0000496c  dmaGroupANotification               
00004980  gioNotification                     
00004994  pwmNotification                     
000049ac  edgeNotification                    
000049c0  hetNotification                     
000049d4  epcCAMFullNotification              
000049d8  epcFIFOFullNotification             
000049e8  main                                
00004a5c  __TI_auto_init_nobinit_nopinit      
00004ac4  __aeabi_uidiv                       
00004ac4  __aeabi_uidivmod                    
00004b14  C$$EXIT                             
00004b14  abort                               
00004b1c  handlePLLLockFail                   
00004b20  phantomInterrupt                    
00004b24  __aeabi_idiv0                       
00004b24  __aeabi_ldiv0                       
ffffffff  __TI_pprof_out_hndl                 
ffffffff  __TI_prof_data_size                 
ffffffff  __TI_prof_data_start                
ffffffff  __binit__                           
ffffffff  __c_args__                          
ffffffff  binit                               
UNDEFED   SHT$$INIT_ARRAY$$Base               
UNDEFED   SHT$$INIT_ARRAY$$Limit              
UNDEFED   __TI_CINIT_Base                     
UNDEFED   __TI_CINIT_Limit                    
UNDEFED   __TI_Handler_Table_Base             
UNDEFED   __TI_Handler_Table_Limit            
UNDEFED   _system_post_cinit                  

[159 symbols]
