<?xml version="1.0" encoding="ISO-8859-1" ?>
<link_info>
   <banner>TI ARM Linker PC v18.12.2.LTS</banner>
   <copyright>Copyright (c) 1996-2018 Texas Instruments Incorporated</copyright>
   <link_time>0x5d8cf45f</link_time>
   <link_errors>0x0</link_errors>
   <output_file>NHET GIO.out</output_file>
   <entry_point>
      <name>_c_int00</name>
      <address>0x4578</address>
   </entry_point>
   <input_file_list>
      <input_file id="fl-2">
         <path>.\source\</path>
         <kind>object</kind>
         <file>HL_epc.obj</file>
         <name>HL_epc.obj</name>
      </input_file>
      <input_file id="fl-3">
         <path>.\source\</path>
         <kind>object</kind>
         <file>HL_errata.obj</file>
         <name>HL_errata.obj</name>
      </input_file>
      <input_file id="fl-4">
         <path>.\source\</path>
         <kind>object</kind>
         <file>HL_errata_SSWF021_45.obj</file>
         <name>HL_errata_SSWF021_45.obj</name>
      </input_file>
      <input_file id="fl-5">
         <path>.\source\</path>
         <kind>object</kind>
         <file>HL_esm.obj</file>
         <name>HL_esm.obj</name>
      </input_file>
      <input_file id="fl-6">
         <path>.\source\</path>
         <kind>object</kind>
         <file>HL_gio.obj</file>
         <name>HL_gio.obj</name>
      </input_file>
      <input_file id="fl-7">
         <path>.\source\</path>
         <kind>object</kind>
         <file>HL_het.obj</file>
         <name>HL_het.obj</name>
      </input_file>
      <input_file id="fl-8">
         <path>.\source\</path>
         <kind>object</kind>
         <file>HL_nmpu.obj</file>
         <name>HL_nmpu.obj</name>
      </input_file>
      <input_file id="fl-9">
         <path>.\source\</path>
         <kind>object</kind>
         <file>HL_notification.obj</file>
         <name>HL_notification.obj</name>
      </input_file>
      <input_file id="fl-a">
         <path>.\source\</path>
         <kind>object</kind>
         <file>HL_pinmux.obj</file>
         <name>HL_pinmux.obj</name>
      </input_file>
      <input_file id="fl-b">
         <path>.\source\</path>
         <kind>object</kind>
         <file>HL_sys_core.obj</file>
         <name>HL_sys_core.obj</name>
      </input_file>
      <input_file id="fl-c">
         <path>.\source\</path>
         <kind>object</kind>
         <file>HL_sys_dma.obj</file>
         <name>HL_sys_dma.obj</name>
      </input_file>
      <input_file id="fl-d">
         <path>.\source\</path>
         <kind>object</kind>
         <file>HL_sys_intvecs.obj</file>
         <name>HL_sys_intvecs.obj</name>
      </input_file>
      <input_file id="fl-e">
         <path>.\source\</path>
         <kind>object</kind>
         <file>HL_sys_main.obj</file>
         <name>HL_sys_main.obj</name>
      </input_file>
      <input_file id="fl-f">
         <path>.\source\</path>
         <kind>object</kind>
         <file>HL_sys_mpu.obj</file>
         <name>HL_sys_mpu.obj</name>
      </input_file>
      <input_file id="fl-10">
         <path>.\source\</path>
         <kind>object</kind>
         <file>HL_sys_pcr.obj</file>
         <name>HL_sys_pcr.obj</name>
      </input_file>
      <input_file id="fl-11">
         <path>.\source\</path>
         <kind>object</kind>
         <file>HL_sys_phantom.obj</file>
         <name>HL_sys_phantom.obj</name>
      </input_file>
      <input_file id="fl-12">
         <path>.\source\</path>
         <kind>object</kind>
         <file>HL_sys_pmm.obj</file>
         <name>HL_sys_pmm.obj</name>
      </input_file>
      <input_file id="fl-13">
         <path>.\source\</path>
         <kind>object</kind>
         <file>HL_sys_pmu.obj</file>
         <name>HL_sys_pmu.obj</name>
      </input_file>
      <input_file id="fl-14">
         <path>.\source\</path>
         <kind>object</kind>
         <file>HL_sys_startup.obj</file>
         <name>HL_sys_startup.obj</name>
      </input_file>
      <input_file id="fl-15">
         <path>.\source\</path>
         <kind>object</kind>
         <file>HL_sys_vim.obj</file>
         <name>HL_sys_vim.obj</name>
      </input_file>
      <input_file id="fl-16">
         <path>.\source\</path>
         <kind>object</kind>
         <file>HL_system.obj</file>
         <name>HL_system.obj</name>
      </input_file>
      <input_file id="fl-1a">
         <kind>object</kind>
         <file>&lt;internal&gt;</file>
         <name>&lt;internal&gt;</name>
      </input_file>
      <input_file id="fl-d0">
         <path>C:\Software\TI\CCS\ccs\tools\compiler\ti-cgt-arm_18.12.2.LTS\lib\</path>
         <kind>archive</kind>
         <file>rtsv7R4_A_le_v3D16_eabi.lib</file>
         <name>memcpy32.asm.obj</name>
      </input_file>
      <input_file id="fl-d1">
         <path>C:\Software\TI\CCS\ccs\tools\compiler\ti-cgt-arm_18.12.2.LTS\lib\</path>
         <kind>archive</kind>
         <file>rtsv7R4_A_le_v3D16_eabi.lib</file>
         <name>u_div32.asm.obj</name>
      </input_file>
      <input_file id="fl-d2">
         <path>C:\Software\TI\CCS\ccs\tools\compiler\ti-cgt-arm_18.12.2.LTS\lib\</path>
         <kind>archive</kind>
         <file>rtsv7R4_A_le_v3D16_eabi.lib</file>
         <name>autoinit.c.obj</name>
      </input_file>
      <input_file id="fl-d3">
         <path>C:\Software\TI\CCS\ccs\tools\compiler\ti-cgt-arm_18.12.2.LTS\lib\</path>
         <kind>archive</kind>
         <file>rtsv7R4_A_le_v3D16_eabi.lib</file>
         <name>cpy_tbl.c.obj</name>
      </input_file>
      <input_file id="fl-d4">
         <path>C:\Software\TI\CCS\ccs\tools\compiler\ti-cgt-arm_18.12.2.LTS\lib\</path>
         <kind>archive</kind>
         <file>rtsv7R4_A_le_v3D16_eabi.lib</file>
         <name>copy_zero_init.c.obj</name>
      </input_file>
      <input_file id="fl-d5">
         <path>C:\Software\TI\CCS\ccs\tools\compiler\ti-cgt-arm_18.12.2.LTS\lib\</path>
         <kind>archive</kind>
         <file>rtsv7R4_A_le_v3D16_eabi.lib</file>
         <name>copy_decompress_none.c.obj</name>
      </input_file>
      <input_file id="fl-d6">
         <path>C:\Software\TI\CCS\ccs\tools\compiler\ti-cgt-arm_18.12.2.LTS\lib\</path>
         <kind>archive</kind>
         <file>rtsv7R4_A_le_v3D16_eabi.lib</file>
         <name>copy_decompress_lzss.c.obj</name>
      </input_file>
      <input_file id="fl-d7">
         <path>C:\Software\TI\CCS\ccs\tools\compiler\ti-cgt-arm_18.12.2.LTS\lib\</path>
         <kind>archive</kind>
         <file>rtsv7R4_A_le_v3D16_eabi.lib</file>
         <name>exit.c.obj</name>
      </input_file>
      <input_file id="fl-d8">
         <path>C:\Software\TI\CCS\ccs\tools\compiler\ti-cgt-arm_18.12.2.LTS\lib\</path>
         <kind>archive</kind>
         <file>rtsv7R4_A_le_v3D16_eabi.lib</file>
         <name>_lock.c.obj</name>
      </input_file>
      <input_file id="fl-d9">
         <path>C:\Software\TI\CCS\ccs\tools\compiler\ti-cgt-arm_18.12.2.LTS\lib\</path>
         <kind>archive</kind>
         <file>rtsv7R4_A_le_v3D16_eabi.lib</file>
         <name>div0.asm.obj</name>
      </input_file>
      <input_file id="fl-da">
         <path>C:\Software\TI\CCS\ccs\tools\compiler\ti-cgt-arm_18.12.2.LTS\lib\</path>
         <kind>archive</kind>
         <file>rtsv7R4_A_le_v3D16_eabi.lib</file>
         <name>memset32.asm.obj</name>
      </input_file>
   </input_file_list>
   <object_component_list>
      <object_component id="oc-2e">
         <name>.intvecs</name>
         <load_address>0x0</load_address>
         <run_address>0x0</run_address>
         <size>0x20</size>
         <input_file_ref idref="fl-d"/>
      </object_component>
      <object_component id="oc-d7">
         <name>.text</name>
         <load_address>0x20</load_address>
         <run_address>0x20</run_address>
         <size>0x9c0</size>
         <input_file_ref idref="fl-a"/>
      </object_component>
      <object_component id="oc-6d">
         <name>.text</name>
         <load_address>0x9e0</load_address>
         <run_address>0x9e0</run_address>
         <size>0x998</size>
         <input_file_ref idref="fl-16"/>
      </object_component>
      <object_component id="oc-3a">
         <name>.text</name>
         <load_address>0x1378</load_address>
         <run_address>0x1378</run_address>
         <size>0x938</size>
         <input_file_ref idref="fl-15"/>
      </object_component>
      <object_component id="oc-12b">
         <name>.text</name>
         <load_address>0x1cb0</load_address>
         <run_address>0x1cb0</run_address>
         <size>0x8f0</size>
         <input_file_ref idref="fl-7"/>
      </object_component>
      <object_component id="oc-85">
         <name>.text</name>
         <load_address>0x25a0</load_address>
         <run_address>0x25a0</run_address>
         <size>0x78c</size>
         <input_file_ref idref="fl-5"/>
      </object_component>
      <object_component id="oc-73">
         <name>.text</name>
         <load_address>0x2d2c</load_address>
         <run_address>0x2d2c</run_address>
         <size>0x664</size>
         <input_file_ref idref="fl-4"/>
      </object_component>
      <object_component id="oc-125">
         <name>.text</name>
         <load_address>0x3390</load_address>
         <run_address>0x3390</run_address>
         <size>0x484</size>
         <input_file_ref idref="fl-6"/>
      </object_component>
      <object_component id="oc-68">
         <name>.text</name>
         <load_address>0x3814</load_address>
         <run_address>0x3814</run_address>
         <size>0x3c4</size>
         <input_file_ref idref="fl-b"/>
      </object_component>
      <object_component id="oc-8b">
         <name>.text</name>
         <load_address>0x3bd8</load_address>
         <run_address>0x3bd8</run_address>
         <size>0x36c</size>
         <input_file_ref idref="fl-f"/>
      </object_component>
      <object_component id="oc-39">
         <name>.text:retain</name>
         <load_address>0x3f44</load_address>
         <run_address>0x3f44</run_address>
         <size>0x33c</size>
         <input_file_ref idref="fl-15"/>
      </object_component>
      <object_component id="oc-50">
         <name>.text</name>
         <load_address>0x4280</load_address>
         <run_address>0x4280</run_address>
         <size>0x180</size>
         <input_file_ref idref="fl-d0"/>
      </object_component>
      <object_component id="oc-1f">
         <name>.text:retain</name>
         <load_address>0x4400</load_address>
         <run_address>0x4400</run_address>
         <size>0x178</size>
         <input_file_ref idref="fl-5"/>
      </object_component>
      <object_component id="oc-19">
         <name>.text:retain</name>
         <load_address>0x4578</load_address>
         <run_address>0x4578</run_address>
         <size>0xd8</size>
         <input_file_ref idref="fl-14"/>
      </object_component>
      <object_component id="oc-7f">
         <name>.text</name>
         <load_address>0x4650</load_address>
         <run_address>0x4650</run_address>
         <size>0xb4</size>
         <input_file_ref idref="fl-9"/>
      </object_component>
      <object_component id="oc-28">
         <name>.text:retain</name>
         <load_address>0x4704</load_address>
         <run_address>0x4704</run_address>
         <size>0xb0</size>
         <input_file_ref idref="fl-7"/>
      </object_component>
      <object_component id="oc-f5">
         <name>.text:__TI_auto_init_nobinit_nopinit:__TI_auto_init_nobinit_nopinit</name>
         <load_address>0x47b4</load_address>
         <run_address>0x47b4</run_address>
         <size>0x68</size>
         <input_file_ref idref="fl-d2"/>
      </object_component>
      <object_component id="oc-1b5">
         <name>.text</name>
         <load_address>0x481c</load_address>
         <run_address>0x481c</run_address>
         <size>0x50</size>
         <input_file_ref idref="fl-d1"/>
      </object_component>
      <object_component id="oc-91">
         <name>.text</name>
         <load_address>0x486c</load_address>
         <run_address>0x486c</run_address>
         <size>0x44</size>
         <input_file_ref idref="fl-e"/>
      </object_component>
      <object_component id="oc-133">
         <name>.text:abort:abort</name>
         <load_address>0x48b0</load_address>
         <run_address>0x48b0</run_address>
         <size>0x8</size>
         <input_file_ref idref="fl-d7"/>
      </object_component>
      <object_component id="oc-79">
         <name>.text</name>
         <load_address>0x48b8</load_address>
         <run_address>0x48b8</run_address>
         <size>0x4</size>
         <input_file_ref idref="fl-14"/>
      </object_component>
      <object_component id="oc-33">
         <name>.text:retain</name>
         <load_address>0x48bc</load_address>
         <run_address>0x48bc</run_address>
         <size>0x4</size>
         <input_file_ref idref="fl-11"/>
      </object_component>
      <object_component id="oc-1f8">
         <name>.text</name>
         <load_address>0x48c0</load_address>
         <run_address>0x48c0</run_address>
         <size>0x4</size>
         <input_file_ref idref="fl-d9"/>
      </object_component>
      <object_component id="oc-1ba">
         <name>.const:het1PROGRAM</name>
         <load_address>0x48e0</load_address>
         <run_address>0x48e0</run_address>
         <size>0x3a0</size>
         <input_file_ref idref="fl-7"/>
      </object_component>
      <object_component id="oc-25">
         <name>.const:s_vim_init</name>
         <load_address>0x4c80</load_address>
         <run_address>0x4c80</run_address>
         <size>0x200</size>
         <input_file_ref idref="fl-15"/>
      </object_component>
      <object_component id="oc-1bd">
         <name>.const:s_het1pwmPolarity</name>
         <load_address>0x4e80</load_address>
         <run_address>0x4e80</run_address>
         <size>0x20</size>
         <input_file_ref idref="fl-7"/>
      </object_component>
      <object_component id="oc-173">
         <name>.debug_info</name>
         <load_address>0x0</load_address>
         <run_address>0x0</run_address>
         <size>0x38c</size>
         <input_file_ref idref="fl-2"/>
      </object_component>
      <object_component id="oc-99">
         <name>.debug_info</name>
         <load_address>0x38c</load_address>
         <run_address>0x38c</run_address>
         <size>0x429</size>
         <input_file_ref idref="fl-2"/>
      </object_component>
      <object_component id="oc-146">
         <name>.debug_info</name>
         <load_address>0x7b5</load_address>
         <run_address>0x7b5</run_address>
         <size>0x26b</size>
         <input_file_ref idref="fl-2"/>
      </object_component>
      <object_component id="oc-9f">
         <name>.debug_info</name>
         <load_address>0xa20</load_address>
         <run_address>0xa20</run_address>
         <size>0x157</size>
         <input_file_ref idref="fl-2"/>
      </object_component>
      <object_component id="oc-b0">
         <name>.debug_info</name>
         <load_address>0xb77</load_address>
         <run_address>0xb77</run_address>
         <size>0x8b</size>
         <input_file_ref idref="fl-2"/>
      </object_component>
      <object_component id="oc-ab">
         <name>.debug_info</name>
         <load_address>0xc02</load_address>
         <run_address>0xc02</run_address>
         <size>0x18c</size>
         <input_file_ref idref="fl-2"/>
      </object_component>
      <object_component id="oc-1d3">
         <name>.debug_info</name>
         <load_address>0xd8e</load_address>
         <run_address>0xd8e</run_address>
         <size>0x297</size>
         <input_file_ref idref="fl-2"/>
      </object_component>
      <object_component id="oc-13f">
         <name>.debug_info</name>
         <load_address>0x1025</load_address>
         <run_address>0x1025</run_address>
         <size>0xbb</size>
         <input_file_ref idref="fl-2"/>
      </object_component>
      <object_component id="oc-b5">
         <name>.debug_info</name>
         <load_address>0x10e0</load_address>
         <run_address>0x10e0</run_address>
         <size>0x86</size>
         <input_file_ref idref="fl-2"/>
      </object_component>
      <object_component id="oc-14b">
         <name>.debug_info</name>
         <load_address>0x1166</load_address>
         <run_address>0x1166</run_address>
         <size>0x102</size>
         <input_file_ref idref="fl-2"/>
      </object_component>
      <object_component id="oc-198">
         <name>.debug_info</name>
         <load_address>0x1268</load_address>
         <run_address>0x1268</run_address>
         <size>0x142</size>
         <input_file_ref idref="fl-2"/>
      </object_component>
      <object_component id="oc-150">
         <name>.debug_info</name>
         <load_address>0x13aa</load_address>
         <run_address>0x13aa</run_address>
         <size>0x285</size>
         <input_file_ref idref="fl-2"/>
      </object_component>
      <object_component id="oc-155">
         <name>.debug_info</name>
         <load_address>0x162f</load_address>
         <run_address>0x162f</run_address>
         <size>0x44a</size>
         <input_file_ref idref="fl-2"/>
      </object_component>
      <object_component id="oc-15a">
         <name>.debug_info</name>
         <load_address>0x1a79</load_address>
         <run_address>0x1a79</run_address>
         <size>0x1f9</size>
         <input_file_ref idref="fl-2"/>
      </object_component>
      <object_component id="oc-15f">
         <name>.debug_info</name>
         <load_address>0x1c72</load_address>
         <run_address>0x1c72</run_address>
         <size>0x152</size>
         <input_file_ref idref="fl-2"/>
      </object_component>
      <object_component id="oc-164">
         <name>.debug_info</name>
         <load_address>0x1dc4</load_address>
         <run_address>0x1dc4</run_address>
         <size>0x70a</size>
         <input_file_ref idref="fl-2"/>
      </object_component>
      <object_component id="oc-169">
         <name>.debug_info</name>
         <load_address>0x24ce</load_address>
         <run_address>0x24ce</run_address>
         <size>0x36d</size>
         <input_file_ref idref="fl-2"/>
      </object_component>
      <object_component id="oc-190">
         <name>.debug_info</name>
         <load_address>0x283b</load_address>
         <run_address>0x283b</run_address>
         <size>0x2c6</size>
         <input_file_ref idref="fl-4"/>
      </object_component>
      <object_component id="oc-75">
         <name>.debug_info</name>
         <load_address>0x2b01</load_address>
         <run_address>0x2b01</run_address>
         <size>0x665</size>
         <input_file_ref idref="fl-4"/>
      </object_component>
      <object_component id="oc-4b">
         <name>.debug_info</name>
         <load_address>0x3166</load_address>
         <run_address>0x3166</run_address>
         <size>0x84</size>
         <input_file_ref idref="fl-4"/>
      </object_component>
      <object_component id="oc-e0">
         <name>.debug_info</name>
         <load_address>0x31ea</load_address>
         <run_address>0x31ea</run_address>
         <size>0x9e7</size>
         <input_file_ref idref="fl-4"/>
      </object_component>
      <object_component id="oc-f3">
         <name>.debug_info</name>
         <load_address>0x3bd1</load_address>
         <run_address>0x3bd1</run_address>
         <size>0x358</size>
         <input_file_ref idref="fl-5"/>
      </object_component>
      <object_component id="oc-87">
         <name>.debug_info</name>
         <load_address>0x3f29</load_address>
         <run_address>0x3f29</run_address>
         <size>0x10cd</size>
         <input_file_ref idref="fl-5"/>
      </object_component>
      <object_component id="oc-21">
         <name>.debug_info</name>
         <load_address>0x4ff6</load_address>
         <run_address>0x4ff6</run_address>
         <size>0x1b5</size>
         <input_file_ref idref="fl-5"/>
      </object_component>
      <object_component id="oc-ee">
         <name>.debug_info</name>
         <load_address>0x51ab</load_address>
         <run_address>0x51ab</run_address>
         <size>0x168</size>
         <input_file_ref idref="fl-5"/>
      </object_component>
      <object_component id="oc-1b4">
         <name>.debug_info</name>
         <load_address>0x5313</load_address>
         <run_address>0x5313</run_address>
         <size>0x2bd</size>
         <input_file_ref idref="fl-6"/>
      </object_component>
      <object_component id="oc-126">
         <name>.debug_info</name>
         <load_address>0x55d0</load_address>
         <run_address>0x55d0</run_address>
         <size>0x727</size>
         <input_file_ref idref="fl-6"/>
      </object_component>
      <object_component id="oc-1f3">
         <name>.debug_info</name>
         <load_address>0x5cf7</load_address>
         <run_address>0x5cf7</run_address>
         <size>0x12a</size>
         <input_file_ref idref="fl-6"/>
      </object_component>
      <object_component id="oc-1c1">
         <name>.debug_info</name>
         <load_address>0x5e21</load_address>
         <run_address>0x5e21</run_address>
         <size>0x386</size>
         <input_file_ref idref="fl-7"/>
      </object_component>
      <object_component id="oc-1be">
         <name>.debug_info</name>
         <load_address>0x61a7</load_address>
         <run_address>0x61a7</run_address>
         <size>0xf6</size>
         <input_file_ref idref="fl-7"/>
      </object_component>
      <object_component id="oc-1bb">
         <name>.debug_info</name>
         <load_address>0x629d</load_address>
         <run_address>0x629d</run_address>
         <size>0xea</size>
         <input_file_ref idref="fl-7"/>
      </object_component>
      <object_component id="oc-12f">
         <name>.debug_info</name>
         <load_address>0x6387</load_address>
         <run_address>0x6387</run_address>
         <size>0xdd2</size>
         <input_file_ref idref="fl-7"/>
      </object_component>
      <object_component id="oc-2a">
         <name>.debug_info</name>
         <load_address>0x7159</load_address>
         <run_address>0x7159</run_address>
         <size>0x194</size>
         <input_file_ref idref="fl-7"/>
      </object_component>
      <object_component id="oc-19d">
         <name>.debug_info</name>
         <load_address>0x72ed</load_address>
         <run_address>0x72ed</run_address>
         <size>0x3d3</size>
         <input_file_ref idref="fl-7"/>
      </object_component>
      <object_component id="oc-1c2">
         <name>.debug_info</name>
         <load_address>0x76c0</load_address>
         <run_address>0x76c0</run_address>
         <size>0x2e3</size>
         <input_file_ref idref="fl-7"/>
      </object_component>
      <object_component id="oc-e7">
         <name>.debug_info</name>
         <load_address>0x79a3</load_address>
         <run_address>0x79a3</run_address>
         <size>0x39c</size>
         <input_file_ref idref="fl-9"/>
      </object_component>
      <object_component id="oc-82">
         <name>.debug_info</name>
         <load_address>0x7d3f</load_address>
         <run_address>0x7d3f</run_address>
         <size>0x8a7</size>
         <input_file_ref idref="fl-9"/>
      </object_component>
      <object_component id="oc-193">
         <name>.debug_info</name>
         <load_address>0x85e6</load_address>
         <run_address>0x85e6</run_address>
         <size>0xadd</size>
         <input_file_ref idref="fl-9"/>
      </object_component>
      <object_component id="oc-e8">
         <name>.debug_info</name>
         <load_address>0x90c3</load_address>
         <run_address>0x90c3</run_address>
         <size>0x6eb</size>
         <input_file_ref idref="fl-9"/>
      </object_component>
      <object_component id="oc-1db">
         <name>.debug_info</name>
         <load_address>0x97ae</load_address>
         <run_address>0x97ae</run_address>
         <size>0x2bf</size>
         <input_file_ref idref="fl-a"/>
      </object_component>
      <object_component id="oc-d9">
         <name>.debug_info</name>
         <load_address>0x9a6d</load_address>
         <run_address>0x9a6d</run_address>
         <size>0x129</size>
         <input_file_ref idref="fl-a"/>
      </object_component>
      <object_component id="oc-18b">
         <name>.debug_info</name>
         <load_address>0x9b96</load_address>
         <run_address>0x9b96</run_address>
         <size>0x199</size>
         <input_file_ref idref="fl-a"/>
      </object_component>
      <object_component id="oc-69">
         <name>.debug_info</name>
         <load_address>0x9d2f</load_address>
         <run_address>0x9d2f</run_address>
         <size>0x81c</size>
         <input_file_ref idref="fl-b"/>
      </object_component>
      <object_component id="oc-31">
         <name>.debug_info</name>
         <load_address>0xa54b</load_address>
         <run_address>0xa54b</run_address>
         <size>0x112</size>
         <input_file_ref idref="fl-d"/>
      </object_component>
      <object_component id="oc-132">
         <name>.debug_info</name>
         <load_address>0xa65d</load_address>
         <run_address>0xa65d</run_address>
         <size>0x37e</size>
         <input_file_ref idref="fl-e"/>
      </object_component>
      <object_component id="oc-94">
         <name>.debug_info</name>
         <load_address>0xa9db</load_address>
         <run_address>0xa9db</run_address>
         <size>0x24c</size>
         <input_file_ref idref="fl-e"/>
      </object_component>
      <object_component id="oc-8e">
         <name>.debug_info</name>
         <load_address>0xac27</load_address>
         <run_address>0xac27</run_address>
         <size>0x449</size>
         <input_file_ref idref="fl-f"/>
      </object_component>
      <object_component id="oc-1da">
         <name>.debug_info</name>
         <load_address>0xb070</load_address>
         <run_address>0xb070</run_address>
         <size>0x300</size>
         <input_file_ref idref="fl-10"/>
      </object_component>
      <object_component id="oc-186">
         <name>.debug_info</name>
         <load_address>0xb370</load_address>
         <run_address>0xb370</run_address>
         <size>0x457</size>
         <input_file_ref idref="fl-10"/>
      </object_component>
      <object_component id="oc-35">
         <name>.debug_info</name>
         <load_address>0xb7c7</load_address>
         <run_address>0xb7c7</run_address>
         <size>0x14a</size>
         <input_file_ref idref="fl-11"/>
      </object_component>
      <object_component id="oc-1a">
         <name>.debug_info</name>
         <load_address>0xb911</load_address>
         <run_address>0xb911</run_address>
         <size>0x2ea</size>
         <input_file_ref idref="fl-14"/>
      </object_component>
      <object_component id="oc-7a">
         <name>.debug_info</name>
         <load_address>0xbbfb</load_address>
         <run_address>0xbbfb</run_address>
         <size>0x143</size>
         <input_file_ref idref="fl-14"/>
      </object_component>
      <object_component id="oc-a6">
         <name>.debug_info</name>
         <load_address>0xbd3e</load_address>
         <run_address>0xbd3e</run_address>
         <size>0x48f</size>
         <input_file_ref idref="fl-15"/>
      </object_component>
      <object_component id="oc-26">
         <name>.debug_info</name>
         <load_address>0xc1cd</load_address>
         <run_address>0xc1cd</run_address>
         <size>0xec</size>
         <input_file_ref idref="fl-15"/>
      </object_component>
      <object_component id="oc-3b">
         <name>.debug_info</name>
         <load_address>0xc2b9</load_address>
         <run_address>0xc2b9</run_address>
         <size>0x49c</size>
         <input_file_ref idref="fl-15"/>
      </object_component>
      <object_component id="oc-40">
         <name>.debug_info</name>
         <load_address>0xc755</load_address>
         <run_address>0xc755</run_address>
         <size>0x207</size>
         <input_file_ref idref="fl-15"/>
      </object_component>
      <object_component id="oc-16e">
         <name>.debug_info</name>
         <load_address>0xc95c</load_address>
         <run_address>0xc95c</run_address>
         <size>0x4f</size>
         <input_file_ref idref="fl-15"/>
      </object_component>
      <object_component id="oc-de">
         <name>.debug_info</name>
         <load_address>0xc9ab</load_address>
         <run_address>0xc9ab</run_address>
         <size>0x3ee</size>
         <input_file_ref idref="fl-16"/>
      </object_component>
      <object_component id="oc-6e">
         <name>.debug_info</name>
         <load_address>0xcd99</load_address>
         <run_address>0xcd99</run_address>
         <size>0x649</size>
         <input_file_ref idref="fl-16"/>
      </object_component>
      <object_component id="oc-53">
         <name>.debug_info</name>
         <load_address>0xd3e2</load_address>
         <run_address>0xd3e2</run_address>
         <size>0x185</size>
         <input_file_ref idref="fl-d0"/>
      </object_component>
      <object_component id="oc-1b7">
         <name>.debug_info</name>
         <load_address>0xd567</load_address>
         <run_address>0xd567</run_address>
         <size>0x152</size>
         <input_file_ref idref="fl-d1"/>
      </object_component>
      <object_component id="oc-1a5">
         <name>.debug_info</name>
         <load_address>0xd6b9</load_address>
         <run_address>0xd6b9</run_address>
         <size>0x4b4</size>
         <input_file_ref idref="fl-d2"/>
      </object_component>
      <object_component id="oc-f6">
         <name>.debug_info</name>
         <load_address>0xdb6d</load_address>
         <run_address>0xdb6d</run_address>
         <size>0x1a7</size>
         <input_file_ref idref="fl-d2"/>
      </object_component>
      <object_component id="oc-1e0">
         <name>.debug_info</name>
         <load_address>0xdd14</load_address>
         <run_address>0xdd14</run_address>
         <size>0x39</size>
         <input_file_ref idref="fl-d2"/>
      </object_component>
      <object_component id="oc-216">
         <name>.debug_info</name>
         <load_address>0xdd4d</load_address>
         <run_address>0xdd4d</run_address>
         <size>0x39</size>
         <input_file_ref idref="fl-d2"/>
      </object_component>
      <object_component id="oc-1e5">
         <name>.debug_info</name>
         <load_address>0xdd86</load_address>
         <run_address>0xdd86</run_address>
         <size>0x39</size>
         <input_file_ref idref="fl-d2"/>
      </object_component>
      <object_component id="oc-1ea">
         <name>.debug_info</name>
         <load_address>0xddbf</load_address>
         <run_address>0xddbf</run_address>
         <size>0xcd</size>
         <input_file_ref idref="fl-d2"/>
      </object_component>
      <object_component id="oc-137">
         <name>.debug_info</name>
         <load_address>0xde8c</load_address>
         <run_address>0xde8c</run_address>
         <size>0x123</size>
         <input_file_ref idref="fl-d7"/>
      </object_component>
      <object_component id="oc-1fa">
         <name>.debug_info</name>
         <load_address>0xdfaf</load_address>
         <run_address>0xdfaf</run_address>
         <size>0x116</size>
         <input_file_ref idref="fl-d9"/>
      </object_component>
      <object_component id="oc-249">
         <name>.debug_info</name>
         <load_address>0xe0c5</load_address>
         <run_address>0xe0c5</run_address>
         <size>0xab</size>
      </object_component>
      <object_component id="oc-1d9">
         <name>.debug_line</name>
         <load_address>0x0</load_address>
         <run_address>0x0</run_address>
         <size>0x20</size>
         <input_file_ref idref="fl-2"/>
      </object_component>
      <object_component id="oc-9c">
         <name>.debug_line</name>
         <load_address>0x20</load_address>
         <run_address>0x20</run_address>
         <size>0x6d</size>
         <input_file_ref idref="fl-2"/>
      </object_component>
      <object_component id="oc-149">
         <name>.debug_line</name>
         <load_address>0x8d</load_address>
         <run_address>0x8d</run_address>
         <size>0x75</size>
         <input_file_ref idref="fl-2"/>
      </object_component>
      <object_component id="oc-a2">
         <name>.debug_line</name>
         <load_address>0x102</load_address>
         <run_address>0x102</run_address>
         <size>0x73</size>
         <input_file_ref idref="fl-2"/>
      </object_component>
      <object_component id="oc-b3">
         <name>.debug_line</name>
         <load_address>0x175</load_address>
         <run_address>0x175</run_address>
         <size>0x20</size>
         <input_file_ref idref="fl-2"/>
      </object_component>
      <object_component id="oc-ae">
         <name>.debug_line</name>
         <load_address>0x195</load_address>
         <run_address>0x195</run_address>
         <size>0x6e</size>
         <input_file_ref idref="fl-2"/>
      </object_component>
      <object_component id="oc-1d6">
         <name>.debug_line</name>
         <load_address>0x203</load_address>
         <run_address>0x203</run_address>
         <size>0x79</size>
         <input_file_ref idref="fl-2"/>
      </object_component>
      <object_component id="oc-142">
         <name>.debug_line</name>
         <load_address>0x27c</load_address>
         <run_address>0x27c</run_address>
         <size>0x76</size>
         <input_file_ref idref="fl-2"/>
      </object_component>
      <object_component id="oc-b8">
         <name>.debug_line</name>
         <load_address>0x2f2</load_address>
         <run_address>0x2f2</run_address>
         <size>0x71</size>
         <input_file_ref idref="fl-2"/>
      </object_component>
      <object_component id="oc-14e">
         <name>.debug_line</name>
         <load_address>0x363</load_address>
         <run_address>0x363</run_address>
         <size>0x70</size>
         <input_file_ref idref="fl-2"/>
      </object_component>
      <object_component id="oc-19b">
         <name>.debug_line</name>
         <load_address>0x3d3</load_address>
         <run_address>0x3d3</run_address>
         <size>0x6e</size>
         <input_file_ref idref="fl-2"/>
      </object_component>
      <object_component id="oc-153">
         <name>.debug_line</name>
         <load_address>0x441</load_address>
         <run_address>0x441</run_address>
         <size>0x6e</size>
         <input_file_ref idref="fl-2"/>
      </object_component>
      <object_component id="oc-158">
         <name>.debug_line</name>
         <load_address>0x4af</load_address>
         <run_address>0x4af</run_address>
         <size>0x70</size>
         <input_file_ref idref="fl-2"/>
      </object_component>
      <object_component id="oc-15d">
         <name>.debug_line</name>
         <load_address>0x51f</load_address>
         <run_address>0x51f</run_address>
         <size>0x6e</size>
         <input_file_ref idref="fl-2"/>
      </object_component>
      <object_component id="oc-162">
         <name>.debug_line</name>
         <load_address>0x58d</load_address>
         <run_address>0x58d</run_address>
         <size>0x71</size>
         <input_file_ref idref="fl-2"/>
      </object_component>
      <object_component id="oc-167">
         <name>.debug_line</name>
         <load_address>0x5fe</load_address>
         <run_address>0x5fe</run_address>
         <size>0x71</size>
         <input_file_ref idref="fl-2"/>
      </object_component>
      <object_component id="oc-16c">
         <name>.debug_line</name>
         <load_address>0x66f</load_address>
         <run_address>0x66f</run_address>
         <size>0x6e</size>
         <input_file_ref idref="fl-2"/>
      </object_component>
      <object_component id="oc-1dd">
         <name>.debug_line</name>
         <load_address>0x6dd</load_address>
         <run_address>0x6dd</run_address>
         <size>0x20</size>
         <input_file_ref idref="fl-4"/>
      </object_component>
      <object_component id="oc-74">
         <name>.debug_line</name>
         <load_address>0x6fd</load_address>
         <run_address>0x6fd</run_address>
         <size>0x1fe</size>
         <input_file_ref idref="fl-4"/>
      </object_component>
      <object_component id="oc-4e">
         <name>.debug_line</name>
         <load_address>0x8fb</load_address>
         <run_address>0x8fb</run_address>
         <size>0x20</size>
         <input_file_ref idref="fl-4"/>
      </object_component>
      <object_component id="oc-e3">
         <name>.debug_line</name>
         <load_address>0x91b</load_address>
         <run_address>0x91b</run_address>
         <size>0x7d</size>
         <input_file_ref idref="fl-4"/>
      </object_component>
      <object_component id="oc-1a3">
         <name>.debug_line</name>
         <load_address>0x998</load_address>
         <run_address>0x998</run_address>
         <size>0x6a</size>
         <input_file_ref idref="fl-5"/>
      </object_component>
      <object_component id="oc-86">
         <name>.debug_line</name>
         <load_address>0xa02</load_address>
         <run_address>0xa02</run_address>
         <size>0x365</size>
         <input_file_ref idref="fl-5"/>
      </object_component>
      <object_component id="oc-24">
         <name>.debug_line</name>
         <load_address>0xd67</load_address>
         <run_address>0xd67</run_address>
         <size>0x7c</size>
         <input_file_ref idref="fl-5"/>
      </object_component>
      <object_component id="oc-f1">
         <name>.debug_line</name>
         <load_address>0xde3</load_address>
         <run_address>0xde3</run_address>
         <size>0x6a</size>
         <input_file_ref idref="fl-5"/>
      </object_component>
      <object_component id="oc-1f2">
         <name>.debug_line</name>
         <load_address>0xe4d</load_address>
         <run_address>0xe4d</run_address>
         <size>0x20</size>
         <input_file_ref idref="fl-6"/>
      </object_component>
      <object_component id="oc-129">
         <name>.debug_line</name>
         <load_address>0xe6d</load_address>
         <run_address>0xe6d</run_address>
         <size>0x199</size>
         <input_file_ref idref="fl-6"/>
      </object_component>
      <object_component id="oc-1f6">
         <name>.debug_line</name>
         <load_address>0x1006</load_address>
         <run_address>0x1006</run_address>
         <size>0x6a</size>
         <input_file_ref idref="fl-6"/>
      </object_component>
      <object_component id="oc-203">
         <name>.debug_line</name>
         <load_address>0x1070</load_address>
         <run_address>0x1070</run_address>
         <size>0x6a</size>
         <input_file_ref idref="fl-7"/>
      </object_component>
      <object_component id="oc-201">
         <name>.debug_line</name>
         <load_address>0x10da</load_address>
         <run_address>0x10da</run_address>
         <size>0x36</size>
         <input_file_ref idref="fl-7"/>
      </object_component>
      <object_component id="oc-1ff">
         <name>.debug_line</name>
         <load_address>0x1110</load_address>
         <run_address>0x1110</run_address>
         <size>0x36</size>
         <input_file_ref idref="fl-7"/>
      </object_component>
      <object_component id="oc-12d">
         <name>.debug_line</name>
         <load_address>0x1146</load_address>
         <run_address>0x1146</run_address>
         <size>0x2a7</size>
         <input_file_ref idref="fl-7"/>
      </object_component>
      <object_component id="oc-2d">
         <name>.debug_line</name>
         <load_address>0x13ed</load_address>
         <run_address>0x13ed</run_address>
         <size>0x63</size>
         <input_file_ref idref="fl-7"/>
      </object_component>
      <object_component id="oc-1a0">
         <name>.debug_line</name>
         <load_address>0x1450</load_address>
         <run_address>0x1450</run_address>
         <size>0x6e</size>
         <input_file_ref idref="fl-7"/>
      </object_component>
      <object_component id="oc-1c5">
         <name>.debug_line</name>
         <load_address>0x14be</load_address>
         <run_address>0x14be</run_address>
         <size>0x6a</size>
         <input_file_ref idref="fl-7"/>
      </object_component>
      <object_component id="oc-192">
         <name>.debug_line</name>
         <load_address>0x1528</load_address>
         <run_address>0x1528</run_address>
         <size>0x20</size>
         <input_file_ref idref="fl-9"/>
      </object_component>
      <object_component id="oc-80">
         <name>.debug_line</name>
         <load_address>0x1548</load_address>
         <run_address>0x1548</run_address>
         <size>0x119</size>
         <input_file_ref idref="fl-9"/>
      </object_component>
      <object_component id="oc-196">
         <name>.debug_line</name>
         <load_address>0x1661</load_address>
         <run_address>0x1661</run_address>
         <size>0x6e</size>
         <input_file_ref idref="fl-9"/>
      </object_component>
      <object_component id="oc-eb">
         <name>.debug_line</name>
         <load_address>0x16cf</load_address>
         <run_address>0x16cf</run_address>
         <size>0x6e</size>
         <input_file_ref idref="fl-9"/>
      </object_component>
      <object_component id="oc-215">
         <name>.debug_line</name>
         <load_address>0x173d</load_address>
         <run_address>0x173d</run_address>
         <size>0x20</size>
         <input_file_ref idref="fl-a"/>
      </object_component>
      <object_component id="oc-d8">
         <name>.debug_line</name>
         <load_address>0x175d</load_address>
         <run_address>0x175d</run_address>
         <size>0xdc</size>
         <input_file_ref idref="fl-a"/>
      </object_component>
      <object_component id="oc-18e">
         <name>.debug_line</name>
         <load_address>0x1839</load_address>
         <run_address>0x1839</run_address>
         <size>0x71</size>
         <input_file_ref idref="fl-a"/>
      </object_component>
      <object_component id="oc-6c">
         <name>.debug_line</name>
         <load_address>0x18aa</load_address>
         <run_address>0x18aa</run_address>
         <size>0x2f2</size>
         <input_file_ref idref="fl-b"/>
      </object_component>
      <object_component id="oc-2f">
         <name>.debug_line</name>
         <load_address>0x1b9c</load_address>
         <run_address>0x1b9c</run_address>
         <size>0x52</size>
         <input_file_ref idref="fl-d"/>
      </object_component>
      <object_component id="oc-1c8">
         <name>.debug_line</name>
         <load_address>0x1bee</load_address>
         <run_address>0x1bee</run_address>
         <size>0x103</size>
         <input_file_ref idref="fl-e"/>
      </object_component>
      <object_component id="oc-96">
         <name>.debug_line</name>
         <load_address>0x1cf1</load_address>
         <run_address>0x1cf1</run_address>
         <size>0x71</size>
         <input_file_ref idref="fl-e"/>
      </object_component>
      <object_component id="oc-8d">
         <name>.debug_line</name>
         <load_address>0x1d62</load_address>
         <run_address>0x1d62</run_address>
         <size>0x1f3</size>
         <input_file_ref idref="fl-f"/>
      </object_component>
      <object_component id="oc-213">
         <name>.debug_line</name>
         <load_address>0x1f55</load_address>
         <run_address>0x1f55</run_address>
         <size>0x20</size>
         <input_file_ref idref="fl-10"/>
      </object_component>
      <object_component id="oc-189">
         <name>.debug_line</name>
         <load_address>0x1f75</load_address>
         <run_address>0x1f75</run_address>
         <size>0x6e</size>
         <input_file_ref idref="fl-10"/>
      </object_component>
      <object_component id="oc-38">
         <name>.debug_line</name>
         <load_address>0x1fe3</load_address>
         <run_address>0x1fe3</run_address>
         <size>0x4e</size>
         <input_file_ref idref="fl-11"/>
      </object_component>
      <object_component id="oc-1d">
         <name>.debug_line</name>
         <load_address>0x2031</load_address>
         <run_address>0x2031</run_address>
         <size>0x94</size>
         <input_file_ref idref="fl-14"/>
      </object_component>
      <object_component id="oc-7e">
         <name>.debug_line</name>
         <load_address>0x20c5</load_address>
         <run_address>0x20c5</run_address>
         <size>0x53</size>
         <input_file_ref idref="fl-14"/>
      </object_component>
      <object_component id="oc-145">
         <name>.debug_line</name>
         <load_address>0x2118</load_address>
         <run_address>0x2118</run_address>
         <size>0xb8</size>
         <input_file_ref idref="fl-15"/>
      </object_component>
      <object_component id="oc-a5">
         <name>.debug_line</name>
         <load_address>0x21d0</load_address>
         <run_address>0x21d0</run_address>
         <size>0x3a</size>
         <input_file_ref idref="fl-15"/>
      </object_component>
      <object_component id="oc-3e">
         <name>.debug_line</name>
         <load_address>0x220a</load_address>
         <run_address>0x220a</run_address>
         <size>0x1b2</size>
         <input_file_ref idref="fl-15"/>
      </object_component>
      <object_component id="oc-43">
         <name>.debug_line</name>
         <load_address>0x23bc</load_address>
         <run_address>0x23bc</run_address>
         <size>0xbc</size>
         <input_file_ref idref="fl-15"/>
      </object_component>
      <object_component id="oc-171">
         <name>.debug_line</name>
         <load_address>0x2478</load_address>
         <run_address>0x2478</run_address>
         <size>0x3a</size>
         <input_file_ref idref="fl-15"/>
      </object_component>
      <object_component id="oc-185">
         <name>.debug_line</name>
         <load_address>0x24b2</load_address>
         <run_address>0x24b2</run_address>
         <size>0xbc</size>
         <input_file_ref idref="fl-16"/>
      </object_component>
      <object_component id="oc-72">
         <name>.debug_line</name>
         <load_address>0x256e</load_address>
         <run_address>0x256e</run_address>
         <size>0x23e</size>
         <input_file_ref idref="fl-16"/>
      </object_component>
      <object_component id="oc-51">
         <name>.debug_line</name>
         <load_address>0x27ac</load_address>
         <run_address>0x27ac</run_address>
         <size>0x9a</size>
         <input_file_ref idref="fl-d0"/>
      </object_component>
      <object_component id="oc-1b9">
         <name>.debug_line</name>
         <load_address>0x2846</load_address>
         <run_address>0x2846</run_address>
         <size>0x51</size>
         <input_file_ref idref="fl-d1"/>
      </object_component>
      <object_component id="oc-1df">
         <name>.debug_line</name>
         <load_address>0x2897</load_address>
         <run_address>0x2897</run_address>
         <size>0xbf</size>
         <input_file_ref idref="fl-d2"/>
      </object_component>
      <object_component id="oc-f9">
         <name>.debug_line</name>
         <load_address>0x2956</load_address>
         <run_address>0x2956</run_address>
         <size>0x7b</size>
         <input_file_ref idref="fl-d2"/>
      </object_component>
      <object_component id="oc-1e3">
         <name>.debug_line</name>
         <load_address>0x29d1</load_address>
         <run_address>0x29d1</run_address>
         <size>0x2e</size>
         <input_file_ref idref="fl-d2"/>
      </object_component>
      <object_component id="oc-219">
         <name>.debug_line</name>
         <load_address>0x29ff</load_address>
         <run_address>0x29ff</run_address>
         <size>0x9a</size>
         <input_file_ref idref="fl-d2"/>
      </object_component>
      <object_component id="oc-1e8">
         <name>.debug_line</name>
         <load_address>0x2a99</load_address>
         <run_address>0x2a99</run_address>
         <size>0x97</size>
         <input_file_ref idref="fl-d2"/>
      </object_component>
      <object_component id="oc-1ed">
         <name>.debug_line</name>
         <load_address>0x2b30</load_address>
         <run_address>0x2b30</run_address>
         <size>0x93</size>
         <input_file_ref idref="fl-d2"/>
      </object_component>
      <object_component id="oc-136">
         <name>.debug_line</name>
         <load_address>0x2bc3</load_address>
         <run_address>0x2bc3</run_address>
         <size>0x3c</size>
         <input_file_ref idref="fl-d7"/>
      </object_component>
      <object_component id="oc-1f9">
         <name>.debug_line</name>
         <load_address>0x2bff</load_address>
         <run_address>0x2bff</run_address>
         <size>0x37</size>
         <input_file_ref idref="fl-d9"/>
      </object_component>
      <object_component id="oc-1d8">
         <name>.debug_abbrev</name>
         <load_address>0x0</load_address>
         <run_address>0x0</run_address>
         <size>0x5f</size>
         <input_file_ref idref="fl-2"/>
      </object_component>
      <object_component id="oc-9b">
         <name>.debug_abbrev</name>
         <load_address>0x5f</load_address>
         <run_address>0x5f</run_address>
         <size>0xba</size>
         <input_file_ref idref="fl-2"/>
      </object_component>
      <object_component id="oc-148">
         <name>.debug_abbrev</name>
         <load_address>0x119</load_address>
         <run_address>0x119</run_address>
         <size>0x69</size>
         <input_file_ref idref="fl-2"/>
      </object_component>
      <object_component id="oc-a1">
         <name>.debug_abbrev</name>
         <load_address>0x182</load_address>
         <run_address>0x182</run_address>
         <size>0x5a</size>
         <input_file_ref idref="fl-2"/>
      </object_component>
      <object_component id="oc-b2">
         <name>.debug_abbrev</name>
         <load_address>0x1dc</load_address>
         <run_address>0x1dc</run_address>
         <size>0x1f</size>
         <input_file_ref idref="fl-2"/>
      </object_component>
      <object_component id="oc-ad">
         <name>.debug_abbrev</name>
         <load_address>0x1fb</load_address>
         <run_address>0x1fb</run_address>
         <size>0x7c</size>
         <input_file_ref idref="fl-2"/>
      </object_component>
      <object_component id="oc-1d5">
         <name>.debug_abbrev</name>
         <load_address>0x277</load_address>
         <run_address>0x277</run_address>
         <size>0x5c</size>
         <input_file_ref idref="fl-2"/>
      </object_component>
      <object_component id="oc-141">
         <name>.debug_abbrev</name>
         <load_address>0x2d3</load_address>
         <run_address>0x2d3</run_address>
         <size>0x24</size>
         <input_file_ref idref="fl-2"/>
      </object_component>
      <object_component id="oc-b7">
         <name>.debug_abbrev</name>
         <load_address>0x2f7</load_address>
         <run_address>0x2f7</run_address>
         <size>0x55</size>
         <input_file_ref idref="fl-2"/>
      </object_component>
      <object_component id="oc-14d">
         <name>.debug_abbrev</name>
         <load_address>0x34c</load_address>
         <run_address>0x34c</run_address>
         <size>0x4b</size>
         <input_file_ref idref="fl-2"/>
      </object_component>
      <object_component id="oc-19a">
         <name>.debug_abbrev</name>
         <load_address>0x397</load_address>
         <run_address>0x397</run_address>
         <size>0x4b</size>
         <input_file_ref idref="fl-2"/>
      </object_component>
      <object_component id="oc-152">
         <name>.debug_abbrev</name>
         <load_address>0x3e2</load_address>
         <run_address>0x3e2</run_address>
         <size>0x4b</size>
         <input_file_ref idref="fl-2"/>
      </object_component>
      <object_component id="oc-157">
         <name>.debug_abbrev</name>
         <load_address>0x42d</load_address>
         <run_address>0x42d</run_address>
         <size>0x4b</size>
         <input_file_ref idref="fl-2"/>
      </object_component>
      <object_component id="oc-15c">
         <name>.debug_abbrev</name>
         <load_address>0x478</load_address>
         <run_address>0x478</run_address>
         <size>0x4b</size>
         <input_file_ref idref="fl-2"/>
      </object_component>
      <object_component id="oc-161">
         <name>.debug_abbrev</name>
         <load_address>0x4c3</load_address>
         <run_address>0x4c3</run_address>
         <size>0x4b</size>
         <input_file_ref idref="fl-2"/>
      </object_component>
      <object_component id="oc-166">
         <name>.debug_abbrev</name>
         <load_address>0x50e</load_address>
         <run_address>0x50e</run_address>
         <size>0x5c</size>
         <input_file_ref idref="fl-2"/>
      </object_component>
      <object_component id="oc-16b">
         <name>.debug_abbrev</name>
         <load_address>0x56a</load_address>
         <run_address>0x56a</run_address>
         <size>0x4b</size>
         <input_file_ref idref="fl-2"/>
      </object_component>
      <object_component id="oc-1dc">
         <name>.debug_abbrev</name>
         <load_address>0x5b5</load_address>
         <run_address>0x5b5</run_address>
         <size>0x39</size>
         <input_file_ref idref="fl-4"/>
      </object_component>
      <object_component id="oc-df">
         <name>.debug_abbrev</name>
         <load_address>0x5ee</load_address>
         <run_address>0x5ee</run_address>
         <size>0xd8</size>
         <input_file_ref idref="fl-4"/>
      </object_component>
      <object_component id="oc-4d">
         <name>.debug_abbrev</name>
         <load_address>0x6c6</load_address>
         <run_address>0x6c6</run_address>
         <size>0x1f</size>
         <input_file_ref idref="fl-4"/>
      </object_component>
      <object_component id="oc-e2">
         <name>.debug_abbrev</name>
         <load_address>0x6e5</load_address>
         <run_address>0x6e5</run_address>
         <size>0xa3</size>
         <input_file_ref idref="fl-4"/>
      </object_component>
      <object_component id="oc-1a2">
         <name>.debug_abbrev</name>
         <load_address>0x788</load_address>
         <run_address>0x788</run_address>
         <size>0x76</size>
         <input_file_ref idref="fl-5"/>
      </object_component>
      <object_component id="oc-ed">
         <name>.debug_abbrev</name>
         <load_address>0x7fe</load_address>
         <run_address>0x7fe</run_address>
         <size>0xc8</size>
         <input_file_ref idref="fl-5"/>
      </object_component>
      <object_component id="oc-9e">
         <name>.debug_abbrev</name>
         <load_address>0x8c6</load_address>
         <run_address>0x8c6</run_address>
         <size>0x6f</size>
         <input_file_ref idref="fl-5"/>
      </object_component>
      <object_component id="oc-f0">
         <name>.debug_abbrev</name>
         <load_address>0x935</load_address>
         <run_address>0x935</run_address>
         <size>0x6b</size>
         <input_file_ref idref="fl-5"/>
      </object_component>
      <object_component id="oc-1f1">
         <name>.debug_abbrev</name>
         <load_address>0x9a0</load_address>
         <run_address>0x9a0</run_address>
         <size>0x52</size>
         <input_file_ref idref="fl-6"/>
      </object_component>
      <object_component id="oc-1b3">
         <name>.debug_abbrev</name>
         <load_address>0x9f2</load_address>
         <run_address>0x9f2</run_address>
         <size>0xc8</size>
         <input_file_ref idref="fl-6"/>
      </object_component>
      <object_component id="oc-1f5">
         <name>.debug_abbrev</name>
         <load_address>0xaba</load_address>
         <run_address>0xaba</run_address>
         <size>0x4b</size>
         <input_file_ref idref="fl-6"/>
      </object_component>
      <object_component id="oc-202">
         <name>.debug_abbrev</name>
         <load_address>0xb05</load_address>
         <run_address>0xb05</run_address>
         <size>0xab</size>
         <input_file_ref idref="fl-7"/>
      </object_component>
      <object_component id="oc-200">
         <name>.debug_abbrev</name>
         <load_address>0xbb0</load_address>
         <run_address>0xbb0</run_address>
         <size>0x27</size>
         <input_file_ref idref="fl-7"/>
      </object_component>
      <object_component id="oc-1fe">
         <name>.debug_abbrev</name>
         <load_address>0xbd7</load_address>
         <run_address>0xbd7</run_address>
         <size>0x27</size>
         <input_file_ref idref="fl-7"/>
      </object_component>
      <object_component id="oc-1c0">
         <name>.debug_abbrev</name>
         <load_address>0xbfe</load_address>
         <run_address>0xbfe</run_address>
         <size>0xa9</size>
         <input_file_ref idref="fl-7"/>
      </object_component>
      <object_component id="oc-a7">
         <name>.debug_abbrev</name>
         <load_address>0xca7</load_address>
         <run_address>0xca7</run_address>
         <size>0x6f</size>
         <input_file_ref idref="fl-7"/>
      </object_component>
      <object_component id="oc-19f">
         <name>.debug_abbrev</name>
         <load_address>0xd16</load_address>
         <run_address>0xd16</run_address>
         <size>0x5c</size>
         <input_file_ref idref="fl-7"/>
      </object_component>
      <object_component id="oc-1c4">
         <name>.debug_abbrev</name>
         <load_address>0xd72</load_address>
         <run_address>0xd72</run_address>
         <size>0x6b</size>
         <input_file_ref idref="fl-7"/>
      </object_component>
      <object_component id="oc-191">
         <name>.debug_abbrev</name>
         <load_address>0xddd</load_address>
         <run_address>0xddd</run_address>
         <size>0x4f</size>
         <input_file_ref idref="fl-9"/>
      </object_component>
      <object_component id="oc-e6">
         <name>.debug_abbrev</name>
         <load_address>0xe2c</load_address>
         <run_address>0xe2c</run_address>
         <size>0x6c</size>
         <input_file_ref idref="fl-9"/>
      </object_component>
      <object_component id="oc-195">
         <name>.debug_abbrev</name>
         <load_address>0xe98</load_address>
         <run_address>0xe98</run_address>
         <size>0x7f</size>
         <input_file_ref idref="fl-9"/>
      </object_component>
      <object_component id="oc-ea">
         <name>.debug_abbrev</name>
         <load_address>0xf17</load_address>
         <run_address>0xf17</run_address>
         <size>0x6b</size>
         <input_file_ref idref="fl-9"/>
      </object_component>
      <object_component id="oc-214">
         <name>.debug_abbrev</name>
         <load_address>0xf82</load_address>
         <run_address>0xf82</run_address>
         <size>0x4f</size>
         <input_file_ref idref="fl-a"/>
      </object_component>
      <object_component id="oc-183">
         <name>.debug_abbrev</name>
         <load_address>0xfd1</load_address>
         <run_address>0xfd1</run_address>
         <size>0x50</size>
         <input_file_ref idref="fl-a"/>
      </object_component>
      <object_component id="oc-18d">
         <name>.debug_abbrev</name>
         <load_address>0x1021</load_address>
         <run_address>0x1021</run_address>
         <size>0x4b</size>
         <input_file_ref idref="fl-a"/>
      </object_component>
      <object_component id="oc-d6">
         <name>.debug_abbrev</name>
         <load_address>0x106c</load_address>
         <run_address>0x106c</run_address>
         <size>0x44</size>
         <input_file_ref idref="fl-b"/>
      </object_component>
      <object_component id="oc-a8">
         <name>.debug_abbrev</name>
         <load_address>0x10b0</load_address>
         <run_address>0x10b0</run_address>
         <size>0x38</size>
         <input_file_ref idref="fl-d"/>
      </object_component>
      <object_component id="oc-1c7">
         <name>.debug_abbrev</name>
         <load_address>0x10e8</load_address>
         <run_address>0x10e8</run_address>
         <size>0xa4</size>
         <input_file_ref idref="fl-e"/>
      </object_component>
      <object_component id="oc-131">
         <name>.debug_abbrev</name>
         <load_address>0x118c</load_address>
         <run_address>0x118c</run_address>
         <size>0xa9</size>
         <input_file_ref idref="fl-e"/>
      </object_component>
      <object_component id="oc-f4">
         <name>.debug_abbrev</name>
         <load_address>0x1235</load_address>
         <run_address>0x1235</run_address>
         <size>0x36</size>
         <input_file_ref idref="fl-f"/>
      </object_component>
      <object_component id="oc-212">
         <name>.debug_abbrev</name>
         <load_address>0x126b</load_address>
         <run_address>0x126b</run_address>
         <size>0x4f</size>
         <input_file_ref idref="fl-10"/>
      </object_component>
      <object_component id="oc-188">
         <name>.debug_abbrev</name>
         <load_address>0x12ba</load_address>
         <run_address>0x12ba</run_address>
         <size>0x5a</size>
         <input_file_ref idref="fl-10"/>
      </object_component>
      <object_component id="oc-a9">
         <name>.debug_abbrev</name>
         <load_address>0x1314</load_address>
         <run_address>0x1314</run_address>
         <size>0x53</size>
         <input_file_ref idref="fl-11"/>
      </object_component>
      <object_component id="oc-98">
         <name>.debug_abbrev</name>
         <load_address>0x1367</load_address>
         <run_address>0x1367</run_address>
         <size>0x63</size>
         <input_file_ref idref="fl-14"/>
      </object_component>
      <object_component id="oc-e5">
         <name>.debug_abbrev</name>
         <load_address>0x13ca</load_address>
         <run_address>0x13ca</run_address>
         <size>0x42</size>
         <input_file_ref idref="fl-14"/>
      </object_component>
      <object_component id="oc-144">
         <name>.debug_abbrev</name>
         <load_address>0x140c</load_address>
         <run_address>0x140c</run_address>
         <size>0xab</size>
         <input_file_ref idref="fl-15"/>
      </object_component>
      <object_component id="oc-a4">
         <name>.debug_abbrev</name>
         <load_address>0x14b7</load_address>
         <run_address>0x14b7</run_address>
         <size>0x27</size>
         <input_file_ref idref="fl-15"/>
      </object_component>
      <object_component id="oc-aa">
         <name>.debug_abbrev</name>
         <load_address>0x14de</load_address>
         <run_address>0x14de</run_address>
         <size>0xa4</size>
         <input_file_ref idref="fl-15"/>
      </object_component>
      <object_component id="oc-ba">
         <name>.debug_abbrev</name>
         <load_address>0x1582</load_address>
         <run_address>0x1582</run_address>
         <size>0x6f</size>
         <input_file_ref idref="fl-15"/>
      </object_component>
      <object_component id="oc-170">
         <name>.debug_abbrev</name>
         <load_address>0x15f1</load_address>
         <run_address>0x15f1</run_address>
         <size>0x4b</size>
         <input_file_ref idref="fl-15"/>
      </object_component>
      <object_component id="oc-184">
         <name>.debug_abbrev</name>
         <load_address>0x163c</load_address>
         <run_address>0x163c</run_address>
         <size>0x77</size>
         <input_file_ref idref="fl-16"/>
      </object_component>
      <object_component id="oc-dd">
         <name>.debug_abbrev</name>
         <load_address>0x16b3</load_address>
         <run_address>0x16b3</run_address>
         <size>0x103</size>
         <input_file_ref idref="fl-16"/>
      </object_component>
      <object_component id="oc-c1">
         <name>.debug_abbrev</name>
         <load_address>0x17b6</load_address>
         <run_address>0x17b6</run_address>
         <size>0x4c</size>
         <input_file_ref idref="fl-d0"/>
      </object_component>
      <object_component id="oc-1fd">
         <name>.debug_abbrev</name>
         <load_address>0x1802</load_address>
         <run_address>0x1802</run_address>
         <size>0x4c</size>
         <input_file_ref idref="fl-d1"/>
      </object_component>
      <object_component id="oc-1de">
         <name>.debug_abbrev</name>
         <load_address>0x184e</load_address>
         <run_address>0x184e</run_address>
         <size>0xc0</size>
         <input_file_ref idref="fl-d2"/>
      </object_component>
      <object_component id="oc-1a4">
         <name>.debug_abbrev</name>
         <load_address>0x190e</load_address>
         <run_address>0x190e</run_address>
         <size>0x7e</size>
         <input_file_ref idref="fl-d2"/>
      </object_component>
      <object_component id="oc-1e2">
         <name>.debug_abbrev</name>
         <load_address>0x198c</load_address>
         <run_address>0x198c</run_address>
         <size>0x24</size>
         <input_file_ref idref="fl-d2"/>
      </object_component>
      <object_component id="oc-218">
         <name>.debug_abbrev</name>
         <load_address>0x19b0</load_address>
         <run_address>0x19b0</run_address>
         <size>0x24</size>
         <input_file_ref idref="fl-d2"/>
      </object_component>
      <object_component id="oc-1e7">
         <name>.debug_abbrev</name>
         <load_address>0x19d4</load_address>
         <run_address>0x19d4</run_address>
         <size>0x24</size>
         <input_file_ref idref="fl-d2"/>
      </object_component>
      <object_component id="oc-1ec">
         <name>.debug_abbrev</name>
         <load_address>0x19f8</load_address>
         <run_address>0x19f8</run_address>
         <size>0x4b</size>
         <input_file_ref idref="fl-d2"/>
      </object_component>
      <object_component id="oc-1c9">
         <name>.debug_abbrev</name>
         <load_address>0x1a43</load_address>
         <run_address>0x1a43</run_address>
         <size>0x45</size>
         <input_file_ref idref="fl-d7"/>
      </object_component>
      <object_component id="oc-222">
         <name>.debug_abbrev</name>
         <load_address>0x1a88</load_address>
         <run_address>0x1a88</run_address>
         <size>0x38</size>
         <input_file_ref idref="fl-d9"/>
      </object_component>
      <object_component id="oc-24a">
         <name>.debug_abbrev</name>
         <load_address>0x1ac0</load_address>
         <run_address>0x1ac0</run_address>
         <size>0xf</size>
      </object_component>
      <object_component id="oc-9d">
         <name>.debug_str</name>
         <load_address>0x0</load_address>
         <run_address>0x0</run_address>
         <size>0x474</size>
         <input_file_ref idref="fl-2"/>
      </object_component>
      <object_component id="oc-14a">
         <name>.debug_str</name>
         <load_address>0x474</load_address>
         <run_address>0x474</run_address>
         <size>0x2c2</size>
         <input_file_ref idref="fl-2"/>
      </object_component>
      <object_component id="oc-a3">
         <name>.debug_str</name>
         <load_address>0x736</load_address>
         <run_address>0x736</run_address>
         <size>0x1bb</size>
         <input_file_ref idref="fl-2"/>
      </object_component>
      <object_component id="oc-b4">
         <name>.debug_str</name>
         <load_address>0x8f1</load_address>
         <run_address>0x8f1</run_address>
         <size>0xfe</size>
         <input_file_ref idref="fl-2"/>
      </object_component>
      <object_component id="oc-af">
         <name>.debug_str</name>
         <load_address>0x9ef</load_address>
         <run_address>0x9ef</run_address>
         <size>0x23f</size>
         <input_file_ref idref="fl-2"/>
      </object_component>
      <object_component id="oc-1d7">
         <name>.debug_str</name>
         <load_address>0xc2e</load_address>
         <run_address>0xc2e</run_address>
         <size>0x351</size>
         <input_file_ref idref="fl-2"/>
      </object_component>
      <object_component id="oc-143">
         <name>.debug_str</name>
         <load_address>0xf7f</load_address>
         <run_address>0xf7f</run_address>
         <size>0x15a</size>
         <input_file_ref idref="fl-2"/>
      </object_component>
      <object_component id="oc-b9">
         <name>.debug_str</name>
         <load_address>0x10d9</load_address>
         <run_address>0x10d9</run_address>
         <size>0x169</size>
         <input_file_ref idref="fl-2"/>
      </object_component>
      <object_component id="oc-14f">
         <name>.debug_str</name>
         <load_address>0x1242</load_address>
         <run_address>0x1242</run_address>
         <size>0x159</size>
         <input_file_ref idref="fl-2"/>
      </object_component>
      <object_component id="oc-19c">
         <name>.debug_str</name>
         <load_address>0x139b</load_address>
         <run_address>0x139b</run_address>
         <size>0x178</size>
         <input_file_ref idref="fl-2"/>
      </object_component>
      <object_component id="oc-154">
         <name>.debug_str</name>
         <load_address>0x1513</load_address>
         <run_address>0x1513</run_address>
         <size>0x1a9</size>
         <input_file_ref idref="fl-2"/>
      </object_component>
      <object_component id="oc-159">
         <name>.debug_str</name>
         <load_address>0x16bc</load_address>
         <run_address>0x16bc</run_address>
         <size>0x2ca</size>
         <input_file_ref idref="fl-2"/>
      </object_component>
      <object_component id="oc-15e">
         <name>.debug_str</name>
         <load_address>0x1986</load_address>
         <run_address>0x1986</run_address>
         <size>0x17d</size>
         <input_file_ref idref="fl-2"/>
      </object_component>
      <object_component id="oc-163">
         <name>.debug_str</name>
         <load_address>0x1b03</load_address>
         <run_address>0x1b03</run_address>
         <size>0x1a0</size>
         <input_file_ref idref="fl-2"/>
      </object_component>
      <object_component id="oc-168">
         <name>.debug_str</name>
         <load_address>0x1ca3</load_address>
         <run_address>0x1ca3</run_address>
         <size>0x37a</size>
         <input_file_ref idref="fl-2"/>
      </object_component>
      <object_component id="oc-16d">
         <name>.debug_str</name>
         <load_address>0x201d</load_address>
         <run_address>0x201d</run_address>
         <size>0x27e</size>
         <input_file_ref idref="fl-2"/>
      </object_component>
      <object_component id="oc-4f">
         <name>.debug_str</name>
         <load_address>0x229b</load_address>
         <run_address>0x229b</run_address>
         <size>0xfe</size>
         <input_file_ref idref="fl-4"/>
      </object_component>
      <object_component id="oc-e4">
         <name>.debug_str</name>
         <load_address>0x2399</load_address>
         <run_address>0x2399</run_address>
         <size>0x561</size>
         <input_file_ref idref="fl-4"/>
      </object_component>
      <object_component id="oc-f2">
         <name>.debug_str</name>
         <load_address>0x28fa</load_address>
         <run_address>0x28fa</run_address>
         <size>0x209</size>
         <input_file_ref idref="fl-5"/>
      </object_component>
      <object_component id="oc-1f7">
         <name>.debug_str</name>
         <load_address>0x2b03</load_address>
         <run_address>0x2b03</run_address>
         <size>0x1c4</size>
         <input_file_ref idref="fl-6"/>
      </object_component>
      <object_component id="oc-1a1">
         <name>.debug_str</name>
         <load_address>0x2cc7</load_address>
         <run_address>0x2cc7</run_address>
         <size>0x226</size>
         <input_file_ref idref="fl-7"/>
      </object_component>
      <object_component id="oc-1c6">
         <name>.debug_str</name>
         <load_address>0x2eed</load_address>
         <run_address>0x2eed</run_address>
         <size>0x326</size>
         <input_file_ref idref="fl-7"/>
      </object_component>
      <object_component id="oc-197">
         <name>.debug_str</name>
         <load_address>0x3213</load_address>
         <run_address>0x3213</run_address>
         <size>0x4e4</size>
         <input_file_ref idref="fl-9"/>
      </object_component>
      <object_component id="oc-ec">
         <name>.debug_str</name>
         <load_address>0x36f7</load_address>
         <run_address>0x36f7</run_address>
         <size>0x79f</size>
         <input_file_ref idref="fl-9"/>
      </object_component>
      <object_component id="oc-18f">
         <name>.debug_str</name>
         <load_address>0x3e96</load_address>
         <run_address>0x3e96</run_address>
         <size>0x1cf</size>
         <input_file_ref idref="fl-a"/>
      </object_component>
      <object_component id="oc-18a">
         <name>.debug_str</name>
         <load_address>0x4065</load_address>
         <run_address>0x4065</run_address>
         <size>0x30a</size>
         <input_file_ref idref="fl-10"/>
      </object_component>
      <object_component id="oc-172">
         <name>.debug_str</name>
         <load_address>0x436f</load_address>
         <run_address>0x436f</run_address>
         <size>0xca</size>
         <input_file_ref idref="fl-15"/>
      </object_component>
      <object_component id="oc-1e4">
         <name>.debug_str</name>
         <load_address>0x4439</load_address>
         <run_address>0x4439</run_address>
         <size>0xee</size>
         <input_file_ref idref="fl-d2"/>
      </object_component>
      <object_component id="oc-21a">
         <name>.debug_str</name>
         <load_address>0x4527</load_address>
         <run_address>0x4527</run_address>
         <size>0x158</size>
         <input_file_ref idref="fl-d2"/>
      </object_component>
      <object_component id="oc-1e9">
         <name>.debug_str</name>
         <load_address>0x467f</load_address>
         <run_address>0x467f</run_address>
         <size>0x151</size>
         <input_file_ref idref="fl-d2"/>
      </object_component>
      <object_component id="oc-1ee">
         <name>.debug_str</name>
         <load_address>0x47d0</load_address>
         <run_address>0x47d0</run_address>
         <size>0x198</size>
         <input_file_ref idref="fl-d2"/>
      </object_component>
      <object_component id="oc-9a">
         <name>.debug_pubtypes</name>
         <load_address>0x0</load_address>
         <run_address>0x0</run_address>
         <size>0x7d</size>
         <input_file_ref idref="fl-2"/>
      </object_component>
      <object_component id="oc-147">
         <name>.debug_pubtypes</name>
         <load_address>0x7d</load_address>
         <run_address>0x7d</run_address>
         <size>0x25c</size>
         <input_file_ref idref="fl-2"/>
      </object_component>
      <object_component id="oc-a0">
         <name>.debug_pubtypes</name>
         <load_address>0x2d9</load_address>
         <run_address>0x2d9</run_address>
         <size>0xc6</size>
         <input_file_ref idref="fl-2"/>
      </object_component>
      <object_component id="oc-b1">
         <name>.debug_pubtypes</name>
         <load_address>0x39f</load_address>
         <run_address>0x39f</run_address>
         <size>0xff</size>
         <input_file_ref idref="fl-2"/>
      </object_component>
      <object_component id="oc-ac">
         <name>.debug_pubtypes</name>
         <load_address>0x49e</load_address>
         <run_address>0x49e</run_address>
         <size>0x75</size>
         <input_file_ref idref="fl-2"/>
      </object_component>
      <object_component id="oc-1d4">
         <name>.debug_pubtypes</name>
         <load_address>0x513</load_address>
         <run_address>0x513</run_address>
         <size>0x325</size>
         <input_file_ref idref="fl-2"/>
      </object_component>
      <object_component id="oc-140">
         <name>.debug_pubtypes</name>
         <load_address>0x838</load_address>
         <run_address>0x838</run_address>
         <size>0xaa</size>
         <input_file_ref idref="fl-2"/>
      </object_component>
      <object_component id="oc-b6">
         <name>.debug_pubtypes</name>
         <load_address>0x8e2</load_address>
         <run_address>0x8e2</run_address>
         <size>0x71</size>
         <input_file_ref idref="fl-2"/>
      </object_component>
      <object_component id="oc-14c">
         <name>.debug_pubtypes</name>
         <load_address>0x953</load_address>
         <run_address>0x953</run_address>
         <size>0x30</size>
         <input_file_ref idref="fl-2"/>
      </object_component>
      <object_component id="oc-199">
         <name>.debug_pubtypes</name>
         <load_address>0x983</load_address>
         <run_address>0x983</run_address>
         <size>0x2c</size>
         <input_file_ref idref="fl-2"/>
      </object_component>
      <object_component id="oc-151">
         <name>.debug_pubtypes</name>
         <load_address>0x9af</load_address>
         <run_address>0x9af</run_address>
         <size>0x2c</size>
         <input_file_ref idref="fl-2"/>
      </object_component>
      <object_component id="oc-156">
         <name>.debug_pubtypes</name>
         <load_address>0x9db</load_address>
         <run_address>0x9db</run_address>
         <size>0x32</size>
         <input_file_ref idref="fl-2"/>
      </object_component>
      <object_component id="oc-15b">
         <name>.debug_pubtypes</name>
         <load_address>0xa0d</load_address>
         <run_address>0xa0d</run_address>
         <size>0x46</size>
         <input_file_ref idref="fl-2"/>
      </object_component>
      <object_component id="oc-160">
         <name>.debug_pubtypes</name>
         <load_address>0xa53</load_address>
         <run_address>0xa53</run_address>
         <size>0x32</size>
         <input_file_ref idref="fl-2"/>
      </object_component>
      <object_component id="oc-165">
         <name>.debug_pubtypes</name>
         <load_address>0xa85</load_address>
         <run_address>0xa85</run_address>
         <size>0x56</size>
         <input_file_ref idref="fl-2"/>
      </object_component>
      <object_component id="oc-16a">
         <name>.debug_pubtypes</name>
         <load_address>0xadb</load_address>
         <run_address>0xadb</run_address>
         <size>0x2c</size>
         <input_file_ref idref="fl-2"/>
      </object_component>
      <object_component id="oc-4c">
         <name>.debug_pubtypes</name>
         <load_address>0xb07</load_address>
         <run_address>0xb07</run_address>
         <size>0xed</size>
         <input_file_ref idref="fl-4"/>
      </object_component>
      <object_component id="oc-e1">
         <name>.debug_pubtypes</name>
         <load_address>0xbf4</load_address>
         <run_address>0xbf4</run_address>
         <size>0xb6</size>
         <input_file_ref idref="fl-4"/>
      </object_component>
      <object_component id="oc-ef">
         <name>.debug_pubtypes</name>
         <load_address>0xcaa</load_address>
         <run_address>0xcaa</run_address>
         <size>0x64</size>
         <input_file_ref idref="fl-5"/>
      </object_component>
      <object_component id="oc-1f4">
         <name>.debug_pubtypes</name>
         <load_address>0xd0e</load_address>
         <run_address>0xd0e</run_address>
         <size>0x3a</size>
         <input_file_ref idref="fl-6"/>
      </object_component>
      <object_component id="oc-19e">
         <name>.debug_pubtypes</name>
         <load_address>0xd48</load_address>
         <run_address>0xd48</run_address>
         <size>0x79</size>
         <input_file_ref idref="fl-7"/>
      </object_component>
      <object_component id="oc-1c3">
         <name>.debug_pubtypes</name>
         <load_address>0xdc1</load_address>
         <run_address>0xdc1</run_address>
         <size>0x69</size>
         <input_file_ref idref="fl-7"/>
      </object_component>
      <object_component id="oc-194">
         <name>.debug_pubtypes</name>
         <load_address>0xe2a</load_address>
[...]
         <value>0x2804</value>
         <object_component_ref idref="oc-85"/>
      </symbol>
      <symbol id="sm-13a">
         <name>esmGetConfigValue</name>
         <value>0x2b68</value>
         <object_component_ref idref="oc-85"/>
      </symbol>
      <symbol id="sm-172">
         <name>gioInit</name>
         <value>0x3390</value>
         <object_component_ref idref="oc-125"/>
      </symbol>
      <symbol id="sm-173">
         <name>gioSetDirection</name>
         <value>0x3460</value>
         <object_component_ref idref="oc-125"/>
      </symbol>
      <symbol id="sm-174">
         <name>gioDisableNotification</name>
         <value>0x35f0</value>
         <object_component_ref idref="oc-125"/>
      </symbol>
      <symbol id="sm-175">
         <name>gioSetPort</name>
         <value>0x34d0</value>
         <object_component_ref idref="oc-125"/>
      </symbol>
      <symbol id="sm-176">
         <name>gioGetConfigValue</name>
         <value>0x3658</value>
         <object_component_ref idref="oc-125"/>
      </symbol>
      <symbol id="sm-177">
         <name>gioEnableNotification</name>
         <value>0x3588</value>
         <object_component_ref idref="oc-125"/>
      </symbol>
      <symbol id="sm-178">
         <name>gioToggleBit</name>
         <value>0x3530</value>
         <object_component_ref idref="oc-125"/>
      </symbol>
      <symbol id="sm-179">
         <name>gioGetBit</name>
         <value>0x34f0</value>
         <object_component_ref idref="oc-125"/>
      </symbol>
      <symbol id="sm-17a">
         <name>gioSetBit</name>
         <value>0x3480</value>
         <object_component_ref idref="oc-125"/>
      </symbol>
      <symbol id="sm-17b">
         <name>gioGetPort</name>
         <value>0x3518</value>
         <object_component_ref idref="oc-125"/>
      </symbol>
      <symbol id="sm-1ea">
         <name>pwmStart</name>
         <value>0x1d70</value>
         <object_component_ref idref="oc-12b"/>
      </symbol>
      <symbol id="sm-1eb">
         <name>hetResetTimestamp</name>
         <value>0x2394</value>
         <object_component_ref idref="oc-12b"/>
      </symbol>
      <symbol id="sm-1ec">
         <name>hetGetTimestamp</name>
         <value>0x23b0</value>
         <object_component_ref idref="oc-12b"/>
      </symbol>
      <symbol id="sm-1ed">
         <name>pwmGetSignal</name>
         <value>0x2090</value>
         <object_component_ref idref="oc-12b"/>
      </symbol>
      <symbol id="sm-1ee">
         <name>pwmSetDuty</name>
         <value>0x1dd8</value>
         <object_component_ref idref="oc-12b"/>
      </symbol>
      <symbol id="sm-1ef">
         <name>pwmStop</name>
         <value>0x1da4</value>
         <object_component_ref idref="oc-12b"/>
      </symbol>
      <symbol id="sm-1f0">
         <name>pwmDisableNotification</name>
         <value>0x21b8</value>
         <object_component_ref idref="oc-12b"/>
      </symbol>
      <symbol id="sm-1f1">
         <name>het1GetConfigValue</name>
         <value>0x23c8</value>
         <object_component_ref idref="oc-12b"/>
      </symbol>
      <symbol id="sm-1f2">
         <name>pwmSetSignal</name>
         <value>0x1f14</value>
         <object_component_ref idref="oc-12b"/>
      </symbol>
      <symbol id="sm-1f3">
         <name>edgeDisableNotification</name>
         <value>0x227c</value>
         <object_component_ref idref="oc-12b"/>
      </symbol>
      <symbol id="sm-1f4">
         <name>capGetSignal</name>
         <value>0x22bc</value>
         <object_component_ref idref="oc-12b"/>
      </symbol>
      <symbol id="sm-1f5">
         <name>pwmEnableNotification</name>
         <value>0x2170</value>
         <object_component_ref idref="oc-12b"/>
      </symbol>
      <symbol id="sm-1f6">
         <name>edgeResetCounter</name>
         <value>0x21e8</value>
         <object_component_ref idref="oc-12b"/>
      </symbol>
      <symbol id="sm-1f7">
         <name>edgeGetCounter</name>
         <value>0x2214</value>
         <object_component_ref idref="oc-12b"/>
      </symbol>
      <symbol id="sm-1f8">
         <name>het1HighLevelInterrupt</name>
         <value>0x4704</value>
         <object_component_ref idref="oc-28"/>
      </symbol>
      <symbol id="sm-1f9">
         <name>edgeEnableNotification</name>
         <value>0x2240</value>
         <object_component_ref idref="oc-12b"/>
      </symbol>
      <symbol id="sm-1fa">
         <name>hetInit</name>
         <value>0x1cb0</value>
         <object_component_ref idref="oc-12b"/>
      </symbol>
      <symbol id="sm-21c">
         <name>pwmNotification</name>
         <value>0x46b0</value>
         <object_component_ref idref="oc-7f"/>
      </symbol>
      <symbol id="sm-21d">
         <name>epcFIFOFullNotification</name>
         <value>0x46f4</value>
         <object_component_ref idref="oc-7f"/>
      </symbol>
      <symbol id="sm-21e">
         <name>esmGroup2Notification</name>
         <value>0x4664</value>
         <object_component_ref idref="oc-7f"/>
      </symbol>
      <symbol id="sm-21f">
         <name>epcCAMFullNotification</name>
         <value>0x46f0</value>
         <object_component_ref idref="oc-7f"/>
      </symbol>
      <symbol id="sm-220">
         <name>esmGroup1Notification</name>
         <value>0x4650</value>
         <object_component_ref idref="oc-7f"/>
      </symbol>
      <symbol id="sm-221">
         <name>esmGroup3Notification</name>
         <value>0x4678</value>
         <object_component_ref idref="oc-7f"/>
      </symbol>
      <symbol id="sm-222">
         <name>hetNotification</name>
         <value>0x46dc</value>
         <object_component_ref idref="oc-7f"/>
      </symbol>
      <symbol id="sm-223">
         <name>dmaGroupANotification</name>
         <value>0x4688</value>
         <object_component_ref idref="oc-7f"/>
      </symbol>
      <symbol id="sm-224">
         <name>gioNotification</name>
         <value>0x469c</value>
         <object_component_ref idref="oc-7f"/>
      </symbol>
      <symbol id="sm-292">
         <name>muxInit</name>
         <value>0x20</value>
         <object_component_ref idref="oc-d7"/>
      </symbol>
      <symbol id="sm-2be">
         <name>_iCacheInvalidate_</name>
         <value>0x3bbc</value>
         <object_component_ref idref="oc-68"/>
      </symbol>
      <symbol id="sm-2bf">
         <name>_disable_IRQ_interrupt_</name>
         <value>0x3a4c</value>
         <object_component_ref idref="oc-68"/>
      </symbol>
      <symbol id="sm-2c0">
         <name>_coreGetInstructionFaultAddress_</name>
         <value>0x3a10</value>
         <object_component_ref idref="oc-68"/>
      </symbol>
      <symbol id="sm-2c1">
         <name>_coreGetDataFault_</name>
         <value>0x39d4</value>
         <object_component_ref idref="oc-68"/>
      </symbol>
      <symbol id="sm-2c2">
         <name>_coreDisableEventBusExport_</name>
         <value>0x39b4</value>
         <object_component_ref idref="oc-68"/>
      </symbol>
      <symbol id="sm-2c3">
         <name>_coreClearDataFaultAddress_</name>
         <value>0x3a04</value>
         <object_component_ref idref="oc-68"/>
      </symbol>
      <symbol id="sm-2c4">
         <name>__TI_PINIT_Base</name>
         <value>0x3bd0</value>
         <object_component_ref idref="oc-68"/>
      </symbol>
      <symbol id="sm-2c5">
         <name>_coreInitRegisters_</name>
         <value>0x3814</value>
         <object_component_ref idref="oc-68"/>
      </symbol>
      <symbol id="sm-2c6">
         <name>_coreClearInstructionFaultAddress_</name>
         <value>0x3a18</value>
         <object_component_ref idref="oc-68"/>
      </symbol>
      <symbol id="sm-2c7">
         <name>_coreClearDataFault_</name>
         <value>0x39dc</value>
         <object_component_ref idref="oc-68"/>
      </symbol>
      <symbol id="sm-2c8">
         <name>_coreGetAuxiliaryDataFault_</name>
         <value>0x3a24</value>
         <object_component_ref idref="oc-68"/>
      </symbol>
      <symbol id="sm-2c9">
         <name>_enable_interrupt_</name>
         <value>0x3a5c</value>
         <object_component_ref idref="oc-68"/>
      </symbol>
      <symbol id="sm-2ca">
         <name>_coreClearAuxiliaryInstructionFault_</name>
         <value>0x3a40</value>
         <object_component_ref idref="oc-68"/>
      </symbol>
      <symbol id="sm-2cb">
         <name>_memInit_</name>
         <value>0x3aec</value>
         <object_component_ref idref="oc-68"/>
      </symbol>
      <symbol id="sm-2cc">
         <name>_dCacheInvalidate_</name>
         <value>0x3ba8</value>
         <object_component_ref idref="oc-68"/>
      </symbol>
      <symbol id="sm-2cd">
         <name>_coreGetDataFaultAddress_</name>
         <value>0x39fc</value>
         <object_component_ref idref="oc-68"/>
      </symbol>
      <symbol id="sm-2ce">
         <name>_coreClearInstructionFault_</name>
         <value>0x39f0</value>
         <object_component_ref idref="oc-68"/>
      </symbol>
      <symbol id="sm-2cf">
         <name>_getCPSRValue_</name>
         <value>0x396c</value>
         <object_component_ref idref="oc-68"/>
      </symbol>
      <symbol id="sm-2d0">
         <name>_cacheDisable_</name>
         <value>0x3b84</value>
         <object_component_ref idref="oc-68"/>
      </symbol>
      <symbol id="sm-2d1">
         <name>_enable_IRQ_interrupt_</name>
         <value>0x3a54</value>
         <object_component_ref idref="oc-68"/>
      </symbol>
      <symbol id="sm-2d2">
         <name>__TI_PINIT_Limit</name>
         <value>0x3bd4</value>
         <object_component_ref idref="oc-68"/>
      </symbol>
      <symbol id="sm-2d3">
         <name>_coreGetAuxiliaryInstructionFault_</name>
         <value>0x3a38</value>
         <object_component_ref idref="oc-68"/>
      </symbol>
      <symbol id="sm-2d4">
         <name>_coreInitStackPointer_</name>
         <value>0x3920</value>
         <object_component_ref idref="oc-68"/>
      </symbol>
      <symbol id="sm-2d5">
         <name>_esmCcmErrorsClear_</name>
         <value>0x3a64</value>
         <object_component_ref idref="oc-68"/>
      </symbol>
      <symbol id="sm-2d6">
         <name>_gotoCPUIdle_</name>
         <value>0x3974</value>
         <object_component_ref idref="oc-68"/>
      </symbol>
      <symbol id="sm-2d7">
         <name>_coreEnableIrqVicOffset_</name>
         <value>0x39c4</value>
         <object_component_ref idref="oc-68"/>
      </symbol>
      <symbol id="sm-2d8">
         <name>_coreGetInstructionFault_</name>
         <value>0x39e8</value>
         <object_component_ref idref="oc-68"/>
      </symbol>
      <symbol id="sm-2d9">
         <name>_cacheEnable_</name>
         <value>0x3b40</value>
         <object_component_ref idref="oc-68"/>
      </symbol>
      <symbol id="sm-2da">
         <name>_coreEnableVfp_</name>
         <value>0x398c</value>
         <object_component_ref idref="oc-68"/>
      </symbol>
      <symbol id="sm-2db">
         <name>_coreClearAuxiliaryDataFault_</name>
         <value>0x3a2c</value>
         <object_component_ref idref="oc-68"/>
      </symbol>
      <symbol id="sm-2dc">
         <name>_coreEnableEventBusExport_</name>
         <value>0x39a4</value>
         <object_component_ref idref="oc-68"/>
      </symbol>
      <symbol id="sm-2dd">
         <name>_checkMemInitOn_</name>
         <value>0x3b20</value>
         <object_component_ref idref="oc-68"/>
      </symbol>
      <symbol id="sm-2eb">
         <name>resetEntry</name>
         <value>0x0</value>
         <object_component_ref idref="oc-2e"/>
      </symbol>
      <symbol id="sm-2fd">
         <name>main</name>
         <value>0x486c</value>
         <object_component_ref idref="oc-91"/>
      </symbol>
      <symbol id="sm-2fe">
         <name>edgeNotification</name>
         <value>0x488c</value>
         <object_component_ref idref="oc-91"/>
      </symbol>
      <symbol id="sm-319">
         <name>_mpuSetRegionBaseAddress_</name>
         <value>0x3f08</value>
         <object_component_ref idref="oc-8b"/>
      </symbol>
      <symbol id="sm-31a">
         <name>_mpuInit_</name>
         <value>0x3bd8</value>
         <object_component_ref idref="oc-8b"/>
      </symbol>
      <symbol id="sm-31b">
         <name>_mpuSetRegionSizeRegister_</name>
         <value>0x3f3c</value>
         <object_component_ref idref="oc-8b"/>
      </symbol>
      <symbol id="sm-31c">
         <name>_mpuDisableBackgroundRegion_</name>
         <value>0x3ed0</value>
         <object_component_ref idref="oc-8b"/>
      </symbol>
      <symbol id="sm-31d">
         <name>_mpuSetRegionTypeAndPermission_</name>
         <value>0x3f18</value>
         <object_component_ref idref="oc-8b"/>
      </symbol>
      <symbol id="sm-31e">
         <name>_mpuGetRegionPermission_</name>
         <value>0x3f30</value>
         <object_component_ref idref="oc-8b"/>
      </symbol>
      <symbol id="sm-31f">
         <name>_mpuEnable_</name>
         <value>0x3e90</value>
         <object_component_ref idref="oc-8b"/>
      </symbol>
      <symbol id="sm-320">
         <name>_mpuGetNumberOfRegions_</name>
         <value>0x3ee0</value>
         <object_component_ref idref="oc-8b"/>
      </symbol>
      <symbol id="sm-321">
         <name>_mpuAreRegionsSeparate_</name>
         <value>0x3eec</value>
         <object_component_ref idref="oc-8b"/>
      </symbol>
      <symbol id="sm-322">
         <name>_mpuEnableBackgroundRegion_</name>
         <value>0x3ec0</value>
         <object_component_ref idref="oc-8b"/>
      </symbol>
      <symbol id="sm-323">
         <name>_mpuGetRegionType_</name>
         <value>0x3f24</value>
         <object_component_ref idref="oc-8b"/>
      </symbol>
      <symbol id="sm-324">
         <name>_mpuDisable_</name>
         <value>0x3ea8</value>
         <object_component_ref idref="oc-8b"/>
      </symbol>
      <symbol id="sm-325">
         <name>_mpuGetRegionBaseAddress_</name>
         <value>0x3f10</value>
         <object_component_ref idref="oc-8b"/>
      </symbol>
      <symbol id="sm-326">
         <name>_mpuSetRegion_</name>
         <value>0x3ef8</value>
         <object_component_ref idref="oc-8b"/>
      </symbol>
      <symbol id="sm-327">
         <name>_mpuGetRegion_</name>
         <value>0x3f00</value>
         <object_component_ref idref="oc-8b"/>
      </symbol>
      <symbol id="sm-33a">
         <name>phantomInterrupt</name>
         <value>0x48bc</value>
         <object_component_ref idref="oc-33"/>
      </symbol>
      <symbol id="sm-359">
         <name>_c_int00</name>
         <value>0x4578</value>
         <object_component_ref idref="oc-19"/>
      </symbol>
      <symbol id="sm-35a">
         <name>handlePLLLockFail</name>
         <value>0x48b8</value>
         <object_component_ref idref="oc-79"/>
      </symbol>
      <symbol id="sm-3fd">
         <name>vimChannelMap</name>
         <value>0x144c</value>
         <object_component_ref idref="oc-3a"/>
      </symbol>
      <symbol id="sm-3fe">
         <name>vimInit</name>
         <value>0x1378</value>
         <object_component_ref idref="oc-3a"/>
      </symbol>
      <symbol id="sm-3ff">
         <name>vimEnableInterrupt</name>
         <value>0x14f0</value>
         <object_component_ref idref="oc-3a"/>
      </symbol>
      <symbol id="sm-400">
         <name>vimDisableInterrupt</name>
         <value>0x16b8</value>
         <object_component_ref idref="oc-3a"/>
      </symbol>
      <symbol id="sm-401">
         <name>vimGetConfigValue</name>
         <value>0x1764</value>
         <object_component_ref idref="oc-3a"/>
      </symbol>
      <symbol id="sm-402">
         <name>vimECCErrorHandler</name>
         <value>0x3f44</value>
         <object_component_ref idref="oc-39"/>
      </symbol>
      <symbol id="sm-451">
         <name>systemGetConfigValue</name>
         <value>0xea0</value>
         <object_component_ref idref="oc-6d"/>
      </symbol>
      <symbol id="sm-452">
         <name>trimLPO</name>
         <value>0xa40</value>
         <object_component_ref idref="oc-6d"/>
      </symbol>
      <symbol id="sm-453">
         <name>systemInit</name>
         <value>0xcd4</value>
         <object_component_ref idref="oc-6d"/>
      </symbol>
      <symbol id="sm-454">
         <name>customTrimLPO</name>
         <value>0x12d0</value>
         <object_component_ref idref="oc-6d"/>
      </symbol>
      <symbol id="sm-455">
         <name>periphInit</name>
         <value>0xaf4</value>
         <object_component_ref idref="oc-6d"/>
      </symbol>
      <symbol id="sm-456">
         <name>setupFlash</name>
         <value>0xab4</value>
         <object_component_ref idref="oc-6d"/>
      </symbol>
      <symbol id="sm-457">
         <name>setupPLL</name>
         <value>0x9e0</value>
         <object_component_ref idref="oc-6d"/>
      </symbol>
      <symbol id="sm-458">
         <name>getResetSource</name>
         <value>0xd78</value>
         <object_component_ref idref="oc-6d"/>
      </symbol>
      <symbol id="sm-459">
         <name>mapClocks</name>
         <value>0xba8</value>
         <object_component_ref idref="oc-6d"/>
      </symbol>
      <symbol id="sm-45a">
         <name>systemPowerDown</name>
         <value>0xd48</value>
         <object_component_ref idref="oc-6d"/>
      </symbol>
      <symbol id="sm-474">
         <name>memcpy</name>
         <value>0x4280</value>
         <object_component_ref idref="oc-50"/>
      </symbol>
      <symbol id="sm-475">
         <name>__aeabi_memcpy</name>
         <value>0x4280</value>
         <object_component_ref idref="oc-50"/>
      </symbol>
      <symbol id="sm-476">
         <name>__aeabi_memcpy8</name>
         <value>0x4280</value>
         <object_component_ref idref="oc-50"/>
      </symbol>
      <symbol id="sm-477">
         <name>__aeabi_memcpy4</name>
         <value>0x4280</value>
         <object_component_ref idref="oc-50"/>
      </symbol>
      <symbol id="sm-483">
         <name>__aeabi_uidivmod</name>
         <value>0x481c</value>
         <object_component_ref idref="oc-1b5"/>
      </symbol>
      <symbol id="sm-484">
         <name>__aeabi_uidiv</name>
         <value>0x481c</value>
         <object_component_ref idref="oc-1b5"/>
      </symbol>
      <symbol id="sm-4ac">
         <name>__TI_auto_init_nobinit_nopinit</name>
         <value>0x47b4</value>
         <object_component_ref idref="oc-f5"/>
      </symbol>
      <symbol id="sm-4bb">
         <name>C$$EXIT</name>
         <value>0x48b0</value>
         <object_component_ref idref="oc-133"/>
      </symbol>
      <symbol id="sm-4bc">
         <name>abort</name>
         <value>0x48b0</value>
         <object_component_ref idref="oc-133"/>
      </symbol>
      <symbol id="sm-4c7">
         <name>__aeabi_idiv0</name>
         <value>0x48c0</value>
         <object_component_ref idref="oc-1f8"/>
      </symbol>
      <symbol id="sm-4c8">
         <name>__aeabi_ldiv0</name>
         <value>0x48c0</value>
         <object_component_ref idref="oc-1f8"/>
      </symbol>
      <symbol id="sm-4ca">
         <name>SHT$$INIT_ARRAY$$Base</name>
         <value>0x0</value>
      </symbol>
      <symbol id="sm-4cb">
         <name>SHT$$INIT_ARRAY$$Limit</name>
         <value>0x0</value>
      </symbol>
      <symbol id="sm-4cc">
         <name>_system_post_cinit</name>
         <value>0x0</value>
      </symbol>
      <symbol id="sm-4cd">
         <name>__TI_Handler_Table_Base</name>
         <value>0x0</value>
      </symbol>
      <symbol id="sm-4ce">
         <name>__TI_Handler_Table_Limit</name>
         <value>0x0</value>
      </symbol>
      <symbol id="sm-4cf">
         <name>__TI_CINIT_Limit</name>
         <value>0x0</value>
      </symbol>
      <symbol id="sm-4d0">
         <name>__TI_CINIT_Base</name>
         <value>0x0</value>
      </symbol>
   </symbol_table>
   <title>Link successful</title>
</link_info>
