******************************************************************************
                  TI ARM Linker PC v18.12.2                    
******************************************************************************
>> Linked Thu Sep 26 10:24:47 2019

OUTPUT FILE NAME:   <NHET GIO.out>
ENTRY POINT SYMBOL: "_c_int00"  address: 00004578


MEMORY CONFIGURATION

         name            origin    length      used     unused   attr    fill
----------------------  --------  ---------  --------  --------  ----  --------
  VECTORS               00000000   00000020  00000020  00000000     X
  FLASH0                00000020   001fffe0  00004e64  001fb17c  R  X
  FLASH1                00200000   00200000  00000000  00200000  R  X
  STACKS                08000000   00001500  00000000  00001500  RW  
  RAM                   08001500   0007eb00  00000000  0007eb00  RW  


SEGMENT ALLOCATION MAP

run origin  load origin   length   init length attrs members
----------  ----------- ---------- ----------- ----- -------
00000000    00000000    000048c4   000048c4    r-x
  00000000    00000000    00000020   00000020    r-x .intvecs
  00000020    00000020    000048a4   000048a4    r-x .text
000048e0    000048e0    000005c0   000005c0    r--
  000048e0    000048e0    000005c0   000005c0    r-- .const


SECTION ALLOCATION MAP

 output                                  attributes/
section   page    origin      length       input sections
--------  ----  ----------  ----------   ----------------
.intvecs   0    00000000    00000020     
                  00000000    00000020     HL_sys_intvecs.obj (.intvecs)

.text      0    00000020    000048a4     
                  00000020    000009c0     HL_pinmux.obj (.text)
                  000009e0    00000998     HL_system.obj (.text)
                  00001378    00000938     HL_sys_vim.obj (.text)
                  00001cb0    000008f0     HL_het.obj (.text)
                  000025a0    0000078c     HL_esm.obj (.text)
                  00002d2c    00000664     HL_errata_SSWF021_45.obj (.text)
                  00003390    00000484     HL_gio.obj (.text)
                  00003814    000003c4     HL_sys_core.obj (.text)
                  00003bd8    0000036c     HL_sys_mpu.obj (.text)
                  00003f44    0000033c     HL_sys_vim.obj (.text:retain)
                  00004280    00000180     rtsv7R4_A_le_v3D16_eabi.lib : memcpy32.asm.obj (.text)
                  00004400    00000178     HL_esm.obj (.text:retain)
                  00004578    000000d8     HL_sys_startup.obj (.text:retain)
                  00004650    000000b4     HL_notification.obj (.text)
                  00004704    000000b0     HL_het.obj (.text:retain)
                  000047b4    00000068     rtsv7R4_A_le_v3D16_eabi.lib : autoinit.c.obj (.text:__TI_auto_init_nobinit_nopinit:__TI_auto_init_nobinit_nopinit)
                  0000481c    00000050                                 : u_div32.asm.obj (.text)
                  0000486c    00000044     HL_sys_main.obj (.text)
                  000048b0    00000008     rtsv7R4_A_le_v3D16_eabi.lib : exit.c.obj (.text:abort:abort)
                  000048b8    00000004     HL_sys_startup.obj (.text)
                  000048bc    00000004     HL_sys_phantom.obj (.text:retain)
                  000048c0    00000004     rtsv7R4_A_le_v3D16_eabi.lib : div0.asm.obj (.text)

.const     0    000048e0    000005c0     
                  000048e0    000003a0     HL_het.obj (.const:het1PROGRAM)
                  00004c80    00000200     HL_sys_vim.obj (.const:s_vim_init)
                  00004e80    00000020     HL_het.obj (.const:s_het1pwmPolarity)

.cinit     0    00000020    00000000     UNINITIALIZED

MODULE SUMMARY

       Module                     code    ro data   rw data
       ------                     ----    -------   -------
    .\source\
       HL_sys_vim.obj             3188    512       0      
       HL_het.obj                 2464    960       0      
       HL_pinmux.obj              2496    0         0      
       HL_system.obj              2456    0         0      
       HL_esm.obj                 2308    0         0      
       HL_errata_SSWF021_45.obj   1636    0         0      
       HL_gio.obj                 1156    0         0      
       HL_sys_core.obj            964     0         0      
       HL_sys_mpu.obj             876     0         0      
       HL_sys_startup.obj         220     0         0      
       HL_notification.obj        180     0         0      
       HL_sys_main.obj            68      0         0      
       HL_sys_intvecs.obj         32      0         0      
       HL_sys_phantom.obj         4       0         0      
    +--+--------------------------+-------+---------+---------+
       Total:                     18048   1472      0      
                                                           
    C:\Software\TI\CCS\ccs\tools\compiler\ti-cgt-arm_18.12.2.LTS\lib\rtsv7R4_A_le_v3D16_eabi.lib
       memcpy32.asm.obj           384     0         0      
       autoinit.c.obj             104     0         0      
       u_div32.asm.obj            80      0         0      
       exit.c.obj                 8       0         0      
       div0.asm.obj               4       0         0      
    +--+--------------------------+-------+---------+---------+
       Total:                     580     0         0      
                                                           
    +--+--------------------------+-------+---------+---------+
       Grand Total:               18628   1472      0      


GLOBAL SYMBOLS: SORTED ALPHABETICALLY BY Name 

address   name                                
-------   ----                                
000048b0  C$$EXIT                             
UNDEFED   SHT$$INIT_ARRAY$$Base               
UNDEFED   SHT$$INIT_ARRAY$$Limit              
UNDEFED   __TI_CINIT_Base                     
UNDEFED   __TI_CINIT_Limit                    
UNDEFED   __TI_Handler_Table_Base             
UNDEFED   __TI_Handler_Table_Limit            
00003bd0  __TI_PINIT_Base                     
00003bd4  __TI_PINIT_Limit                    
000047b4  __TI_auto_init_nobinit_nopinit      
ffffffff  __TI_pprof_out_hndl                 
ffffffff  __TI_prof_data_size                 
ffffffff  __TI_prof_data_start                
00000000  __TI_static_base__                  
000048c0  __aeabi_idiv0                       
000048c0  __aeabi_ldiv0                       
00004280  __aeabi_memcpy                      
00004280  __aeabi_memcpy4                     
00004280  __aeabi_memcpy8                     
0000481c  __aeabi_uidiv                       
0000481c  __aeabi_uidivmod                    
ffffffff  __binit__                           
ffffffff  __c_args__                          
00004578  _c_int00                            
00003b84  _cacheDisable_                      
00003b40  _cacheEnable_                       
00003b20  _checkMemInitOn_                    
00003a2c  _coreClearAuxiliaryDataFault_       
00003a40  _coreClearAuxiliaryInstructionFault_
00003a04  _coreClearDataFaultAddress_         
000039dc  _coreClearDataFault_                
00003a18  _coreClearInstructionFaultAddress_  
000039f0  _coreClearInstructionFault_         
000039b4  _coreDisableEventBusExport_         
000039a4  _coreEnableEventBusExport_          
000039c4  _coreEnableIrqVicOffset_            
0000398c  _coreEnableVfp_                     
00003a24  _coreGetAuxiliaryDataFault_         
00003a38  _coreGetAuxiliaryInstructionFault_  
000039fc  _coreGetDataFaultAddress_           
000039d4  _coreGetDataFault_                  
00003a10  _coreGetInstructionFaultAddress_    
000039e8  _coreGetInstructionFault_           
00003814  _coreInitRegisters_                 
00003920  _coreInitStackPointer_              
00003ba8  _dCacheInvalidate_                  
00003a4c  _disable_IRQ_interrupt_             
00003a54  _enable_IRQ_interrupt_              
00003a5c  _enable_interrupt_                  
00002d2c  _errata_SSWF021_45_both_plls        
00002f20  _errata_SSWF021_45_pll1             
00003098  _errata_SSWF021_45_pll2             
00003a64  _esmCcmErrorsClear_                 
0000396c  _getCPSRValue_                      
00003974  _gotoCPUIdle_                       
00003bbc  _iCacheInvalidate_                  
00003aec  _memInit_                           
00003eec  _mpuAreRegionsSeparate_             
00003ed0  _mpuDisableBackgroundRegion_        
00003ea8  _mpuDisable_                        
00003ec0  _mpuEnableBackgroundRegion_         
00003e90  _mpuEnable_                         
00003ee0  _mpuGetNumberOfRegions_             
00003f10  _mpuGetRegionBaseAddress_           
00003f30  _mpuGetRegionPermission_            
00003f24  _mpuGetRegionType_                  
00003f00  _mpuGetRegion_                      
00003bd8  _mpuInit_                           
00003f08  _mpuSetRegionBaseAddress_           
00003f3c  _mpuSetRegionSizeRegister_          
00003f18  _mpuSetRegionTypeAndPermission_     
00003ef8  _mpuSetRegion_                      
UNDEFED   _system_post_cinit                  
000048b0  abort                               
ffffffff  binit                               
000022bc  capGetSignal                        
000012d0  customTrimLPO                       
00004688  dmaGroupANotification               
0000227c  edgeDisableNotification             
00002240  edgeEnableNotification              
00002214  edgeGetCounter                      
0000488c  edgeNotification                    
000021e8  edgeResetCounter                    
000046f0  epcCAMFullNotification              
000046f4  epcFIFOFullNotification             
000027b0  esmActivateNormalOperation          
000028fc  esmClearStatus                      
00002960  esmClearStatusBuffer                
0000293c  esmClearStatusUpper                 
0000275c  esmDisableError                     
00002784  esmDisableErrorUpper                
00002804  esmDisableInterrupt                 
0000282c  esmDisableInterruptUpper            
00002718  esmEnableError                      
00002740  esmEnableErrorUpper                 
000027c0  esmEnableInterrupt                  
000027e8  esmEnableInterruptUpper             
00002a90  esmEnterSelfTest                    
000026fc  esmError                            
00002b68  esmGetConfigValue                   
0000299c  esmGetStatus                        
00002a68  esmGetStatusBuffer                  
00002a20  esmGetStatusUpper                   
00004650  esmGroup1Notification               
00004664  esmGroup2Notification               
00004678  esmGroup3Notification               
00004400  esmHighInterrupt                    
000025a0  esmInit                             
00002b18  esmSelfTestStatus                   
0000297c  esmSetCounterPreloadValue           
00002848  esmSetInterruptLevel                
000028bc  esmSetInterruptLevelUpper           
000027a0  esmTriggerErrorPinReset             
00000d78  getResetSource                      
000035f0  gioDisableNotification              
00003588  gioEnableNotification               
000034f0  gioGetBit                           
00003658  gioGetConfigValue                   
00003518  gioGetPort                          
00003390  gioInit                             
0000469c  gioNotification                     
00003480  gioSetBit                           
00003460  gioSetDirection                     
000034d0  gioSetPort                          
00003530  gioToggleBit                        
000048b8  handlePLLLockFail                   
000023c8  het1GetConfigValue                  
00004704  het1HighLevelInterrupt              
000023b0  hetGetTimestamp                     
00001cb0  hetInit                             
000046dc  hetNotification                     
00002394  hetResetTimestamp                   
0000486c  main                                
00000ba8  mapClocks                           
00004280  memcpy                              
00000020  muxInit                             
00000af4  periphInit                          
000048bc  phantomInterrupt                    
000021b8  pwmDisableNotification              
00002170  pwmEnableNotification               
00002090  pwmGetSignal                        
000046b0  pwmNotification                     
00001dd8  pwmSetDuty                          
00001f14  pwmSetSignal                        
00001d70  pwmStart                            
00001da4  pwmStop                             
00000000  resetEntry                          
00000ab4  setupFlash                          
000009e0  setupPLL                            
00000ea0  systemGetConfigValue                
00000cd4  systemInit                          
00000d48  systemPowerDown                     
00000a40  trimLPO                             
0000144c  vimChannelMap                       
000016b8  vimDisableInterrupt                 
00003f44  vimECCErrorHandler                  
000014f0  vimEnableInterrupt                  
00001764  vimGetConfigValue                   
00001378  vimInit                             


GLOBAL SYMBOLS: SORTED BY Symbol Address 

address   name                                
-------   ----                                
00000000  __TI_static_base__                  
00000000  resetEntry                          
00000020  muxInit                             
000009e0  setupPLL                            
00000a40  trimLPO                             
00000ab4  setupFlash                          
00000af4  periphInit                          
00000ba8  mapClocks                           
00000cd4  systemInit                          
00000d48  systemPowerDown                     
00000d78  getResetSource                      
00000ea0  systemGetConfigValue                
000012d0  customTrimLPO                       
00001378  vimInit                             
0000144c  vimChannelMap                       
000014f0  vimEnableInterrupt                  
000016b8  vimDisableInterrupt                 
00001764  vimGetConfigValue                   
00001cb0  hetInit                             
00001d70  pwmStart                            
00001da4  pwmStop                             
00001dd8  pwmSetDuty                          
00001f14  pwmSetSignal                        
00002090  pwmGetSignal                        
00002170  pwmEnableNotification               
000021b8  pwmDisableNotification              
000021e8  edgeResetCounter                    
00002214  edgeGetCounter                      
00002240  edgeEnableNotification              
0000227c  edgeDisableNotification             
000022bc  capGetSignal                        
00002394  hetResetTimestamp                   
000023b0  hetGetTimestamp                     
000023c8  het1GetConfigValue                  
000025a0  esmInit                             
000026fc  esmError                            
00002718  esmEnableError                      
00002740  esmEnableErrorUpper                 
0000275c  esmDisableError                     
00002784  esmDisableErrorUpper                
000027a0  esmTriggerErrorPinReset             
000027b0  esmActivateNormalOperation          
000027c0  esmEnableInterrupt                  
000027e8  esmEnableInterruptUpper             
00002804  esmDisableInterrupt                 
0000282c  esmDisableInterruptUpper            
00002848  esmSetInterruptLevel                
000028bc  esmSetInterruptLevelUpper           
000028fc  esmClearStatus                      
0000293c  esmClearStatusUpper                 
00002960  esmClearStatusBuffer                
0000297c  esmSetCounterPreloadValue           
0000299c  esmGetStatus                        
00002a20  esmGetStatusUpper                   
00002a68  esmGetStatusBuffer                  
00002a90  esmEnterSelfTest                    
00002b18  esmSelfTestStatus                   
00002b68  esmGetConfigValue                   
00002d2c  _errata_SSWF021_45_both_plls        
00002f20  _errata_SSWF021_45_pll1             
00003098  _errata_SSWF021_45_pll2             
00003390  gioInit                             
00003460  gioSetDirection                     
00003480  gioSetBit                           
000034d0  gioSetPort                          
000034f0  gioGetBit                           
00003518  gioGetPort                          
00003530  gioToggleBit                        
00003588  gioEnableNotification               
000035f0  gioDisableNotification              
00003658  gioGetConfigValue                   
00003814  _coreInitRegisters_                 
00003920  _coreInitStackPointer_              
0000396c  _getCPSRValue_                      
00003974  _gotoCPUIdle_                       
0000398c  _coreEnableVfp_                     
000039a4  _coreEnableEventBusExport_          
000039b4  _coreDisableEventBusExport_         
000039c4  _coreEnableIrqVicOffset_            
000039d4  _coreGetDataFault_                  
000039dc  _coreClearDataFault_                
000039e8  _coreGetInstructionFault_           
000039f0  _coreClearInstructionFault_         
000039fc  _coreGetDataFaultAddress_           
00003a04  _coreClearDataFaultAddress_         
00003a10  _coreGetInstructionFaultAddress_    
00003a18  _coreClearInstructionFaultAddress_  
00003a24  _coreGetAuxiliaryDataFault_         
00003a2c  _coreClearAuxiliaryDataFault_       
00003a38  _coreGetAuxiliaryInstructionFault_  
00003a40  _coreClearAuxiliaryInstructionFault_
00003a4c  _disable_IRQ_interrupt_             
00003a54  _enable_IRQ_interrupt_              
00003a5c  _enable_interrupt_                  
00003a64  _esmCcmErrorsClear_                 
00003aec  _memInit_                           
00003b20  _checkMemInitOn_                    
00003b40  _cacheEnable_                       
00003b84  _cacheDisable_                      
00003ba8  _dCacheInvalidate_                  
00003bbc  _iCacheInvalidate_                  
00003bd0  __TI_PINIT_Base                     
00003bd4  __TI_PINIT_Limit                    
00003bd8  _mpuInit_                           
00003e90  _mpuEnable_                         
00003ea8  _mpuDisable_                        
00003ec0  _mpuEnableBackgroundRegion_         
00003ed0  _mpuDisableBackgroundRegion_        
00003ee0  _mpuGetNumberOfRegions_             
00003eec  _mpuAreRegionsSeparate_             
00003ef8  _mpuSetRegion_                      
00003f00  _mpuGetRegion_                      
00003f08  _mpuSetRegionBaseAddress_           
00003f10  _mpuGetRegionBaseAddress_           
00003f18  _mpuSetRegionTypeAndPermission_     
00003f24  _mpuGetRegionType_                  
00003f30  _mpuGetRegionPermission_            
00003f3c  _mpuSetRegionSizeRegister_          
00003f44  vimECCErrorHandler                  
00004280  __aeabi_memcpy                      
00004280  __aeabi_memcpy4                     
00004280  __aeabi_memcpy8                     
00004280  memcpy                              
00004400  esmHighInterrupt                    
00004578  _c_int00                            
00004650  esmGroup1Notification               
00004664  esmGroup2Notification               
00004678  esmGroup3Notification               
00004688  dmaGroupANotification               
0000469c  gioNotification                     
000046b0  pwmNotification                     
000046dc  hetNotification                     
000046f0  epcCAMFullNotification              
000046f4  epcFIFOFullNotification             
00004704  het1HighLevelInterrupt              
000047b4  __TI_auto_init_nobinit_nopinit      
0000481c  __aeabi_uidiv                       
0000481c  __aeabi_uidivmod                    
0000486c  main                                
0000488c  edgeNotification                    
000048b0  C$$EXIT                             
000048b0  abort                               
000048b8  handlePLLLockFail                   
000048bc  phantomInterrupt                    
000048c0  __aeabi_idiv0                       
000048c0  __aeabi_ldiv0                       
ffffffff  __TI_pprof_out_hndl                 
ffffffff  __TI_prof_data_size                 
ffffffff  __TI_prof_data_start                
ffffffff  __binit__                           
ffffffff  __c_args__                          
ffffffff  binit                               
UNDEFED   SHT$$INIT_ARRAY$$Base               
UNDEFED   SHT$$INIT_ARRAY$$Limit              
UNDEFED   __TI_CINIT_Base                     
UNDEFED   __TI_CINIT_Limit                    
UNDEFED   __TI_Handler_Table_Base             
UNDEFED   __TI_Handler_Table_Limit            
UNDEFED   _system_post_cinit                  

[159 symbols]
