******************************************************************************
                  TI ARM Linker PC v18.12.3                    
******************************************************************************
>> Linked Sat Oct 26 13:14:46 2019

OUTPUT FILE NAME:   <CAN_Example.out>
ENTRY POINT SYMBOL: "_c_int00"  address: 00003cd8


MEMORY CONFIGURATION

         name            origin    length      used     unused   attr    fill
----------------------  --------  ---------  --------  --------  ----  --------
  VECTORS               00000000   00000020  00000020  00000000     X
  FLASH0                00000020   001fffe0  00004140  001fbea0  R  X
  FLASH1                00200000   00200000  00000000  00200000  R  X
  STACKS                08000000   00001500  00000000  00001500  RW  
  RAM                   08001500   0007eb00  00000009  0007eaf7  RW  


SEGMENT ALLOCATION MAP

run origin  load origin   length   init length attrs members
----------  ----------- ---------- ----------- ----- -------
00000000    00000000    00004160   00004160    r-x
  00000000    00000000    00000020   00000020    r-x .intvecs
  00000020    00000020    00003f20   00003f20    r-x .text
  00003f40    00003f40    00000200   00000200    r-- .const
  00004140    00004140    00000020   00000020    r-- .cinit
08001500    08001500    00000009   00000000    rw-
  08001500    08001500    00000009   00000000    rw- .data


SECTION ALLOCATION MAP

 output                                  attributes/
section   page    origin      length       input sections
--------  ----  ----------  ----------   ----------------
.intvecs   0    00000000    00000020     
                  00000000    00000020     HL_sys_intvecs.obj (.intvecs)

.text      0    00000020    00003f20     
                  00000020    00000a88     HL_can.obj (.text)
                  00000aa8    000009c0     HL_pinmux.obj (.text)
                  00001468    0000095c     HL_system.obj (.text)
                  00001dc4    00000938     HL_sys_vim.obj (.text)
                  000026fc    0000078c     HL_esm.obj (.text)
                  00002e88    000003c4     HL_sys_core.obj (.text)
                  0000324c    0000036c     HL_sys_mpu.obj (.text)
                  000035b8    0000033c     HL_sys_vim.obj (.text:retain)
                  000038f4    00000180     rtsv7R4_A_le_v3D16_eabi.lib : memcpy32.asm.obj (.text)
                  00003a74    00000178     HL_esm.obj (.text:retain)
                  00003bec    000000ec     HL_sys_main.obj (.text)
                  00003cd8    000000b4     HL_sys_startup.obj (.text:retain)
                  00003d8c    0000009c     HL_notification.obj (.text)
                  00003e28    00000090     rtsv7R4_A_le_v3D16_eabi.lib : copy_decompress_lzss.c.obj (.text:decompress:lzss:__TI_decompress_lzss)
                  00003eb8    00000068                                 : autoinit.c.obj (.text:__TI_auto_init_nobinit_nopinit:__TI_auto_init_nobinit_nopinit)
                  00003f20    00000014                                 : copy_decompress_none.c.obj (.text:decompress:none:__TI_decompress_none)
                  00003f34    00000008                                 : exit.c.obj (.text:abort:abort)
                  00003f3c    00000004     HL_sys_phantom.obj (.text:retain)

.const     0    00003f40    00000200     
                  00003f40    00000200     HL_sys_vim.obj (.const:s_vim_init)

.cinit     0    00004140    00000020     
                  00004140    0000000e     (.cinit..data.load) [load image, compression = lzss]
                  0000414e    00000002     --HOLE-- [fill = 0]
                  00004150    00000008     (__TI_handler_table)
                  00004158    00000008     (__TI_cinit_table)

.data      0    08001500    00000009     UNINITIALIZED
                  08001500    00000009     HL_sys_main.obj (.data:tx_data)

MODULE SUMMARY

       Module                       code    ro data   rw data
       ------                       ----    -------   -------
    .\source\
       HL_sys_vim.obj               3188    512       0      
       HL_can.obj                   2696    0         0      
       HL_pinmux.obj                2496    0         0      
       HL_system.obj                2396    0         0      
       HL_esm.obj                   2308    0         0      
       HL_sys_core.obj              964     0         0      
       HL_sys_mpu.obj               876     0         0      
       HL_sys_main.obj              236     0         9      
       HL_sys_startup.obj           180     0         0      
       HL_notification.obj          156     0         0      
       HL_sys_intvecs.obj           32      0         0      
       HL_sys_phantom.obj           4       0         0      
    +--+----------------------------+-------+---------+---------+
       Total:                       15532   512       9      
                                                             
    C:\ti\ccs920\ccs\tools\compiler\ti-cgt-arm_18.12.3.LTS\lib\rtsv7R4_A_le_v3D16_eabi.lib
       memcpy32.asm.obj             384     0         0      
       copy_decompress_lzss.c.obj   144     0         0      
       autoinit.c.obj               104     0         0      
       copy_decompress_none.c.obj   20      0         0      
       exit.c.obj                   8       0         0      
    +--+----------------------------+-------+---------+---------+
       Total:                       660     0         0      
                                                             
       Linker Generated:            0       30        0      
    +--+----------------------------+-------+---------+---------+
       Grand Total:                 16192   542       9      


LINKER GENERATED COPY TABLES

__TI_cinit_table @ 00004158 records: 1, size/record: 8, table size: 8
	.data: load addr=00004140, load size=0000000e bytes, run addr=08001500, run size=00000009 bytes, compression=lzss


LINKER GENERATED HANDLER TABLE

__TI_handler_table @ 00004150 records: 2, size/record: 4, table size: 8
	index: 0, handler: __TI_decompress_lzss
	index: 1, handler: __TI_decompress_none


GLOBAL SYMBOLS: SORTED ALPHABETICALLY BY Name 

address   name                                
-------   ----                                
00003f34  C$$EXIT                             
UNDEFED   SHT$$INIT_ARRAY$$Base               
UNDEFED   SHT$$INIT_ARRAY$$Limit              
00004158  __TI_CINIT_Base                     
00004160  __TI_CINIT_Limit                    
00004150  __TI_Handler_Table_Base             
00004158  __TI_Handler_Table_Limit            
00003244  __TI_PINIT_Base                     
00003248  __TI_PINIT_Limit                    
00003eb8  __TI_auto_init_nobinit_nopinit      
00003e28  __TI_decompress_lzss                
00003f20  __TI_decompress_none                
ffffffff  __TI_pprof_out_hndl                 
ffffffff  __TI_prof_data_size                 
ffffffff  __TI_prof_data_start                
00000000  __TI_static_base__                  
000038f4  __aeabi_memcpy                      
000038f4  __aeabi_memcpy4                     
000038f4  __aeabi_memcpy8                     
ffffffff  __binit__                           
ffffffff  __c_args__                          
00003cd8  _c_int00                            
000031f8  _cacheDisable_                      
000031b4  _cacheEnable_                       
00003194  _checkMemInitOn_                    
000030a0  _coreClearAuxiliaryDataFault_       
000030b4  _coreClearAuxiliaryInstructionFault_
00003078  _coreClearDataFaultAddress_         
00003050  _coreClearDataFault_                
0000308c  _coreClearInstructionFaultAddress_  
00003064  _coreClearInstructionFault_         
00003028  _coreDisableEventBusExport_         
00003018  _coreEnableEventBusExport_          
00003038  _coreEnableIrqVicOffset_            
00003000  _coreEnableVfp_                     
00003098  _coreGetAuxiliaryDataFault_         
000030ac  _coreGetAuxiliaryInstructionFault_  
00003070  _coreGetDataFaultAddress_           
00003048  _coreGetDataFault_                  
00003084  _coreGetInstructionFaultAddress_    
0000305c  _coreGetInstructionFault_           
00002e88  _coreInitRegisters_                 
00002f94  _coreInitStackPointer_              
0000321c  _dCacheInvalidate_                  
000030c0  _disable_IRQ_interrupt_             
000030c8  _enable_IRQ_interrupt_              
000030d0  _enable_interrupt_                  
000030d8  _esmCcmErrorsClear_                 
00002fe0  _getCPSRValue_                      
00002fe8  _gotoCPUIdle_                       
00003230  _iCacheInvalidate_                  
00003160  _memInit_                           
00003560  _mpuAreRegionsSeparate_             
00003544  _mpuDisableBackgroundRegion_        
0000351c  _mpuDisable_                        
00003534  _mpuEnableBackgroundRegion_         
00003504  _mpuEnable_                         
00003554  _mpuGetNumberOfRegions_             
00003584  _mpuGetRegionBaseAddress_           
000035a4  _mpuGetRegionPermission_            
00003598  _mpuGetRegionType_                  
00003574  _mpuGetRegion_                      
0000324c  _mpuInit_                           
0000357c  _mpuSetRegionBaseAddress_           
000035b0  _mpuSetRegionSizeRegister_          
0000358c  _mpuSetRegionTypeAndPermission_     
0000356c  _mpuSetRegion_                      
UNDEFED   _system_post_cinit                  
00003f34  abort                               
ffffffff  binit                               
000008f4  can1GetConfigValue                  
00000794  canDisableErrorNotification         
00000774  canDisableStatusChangeNotification  
000007ec  canDisableloopback                  
00000734  canEnableErrorNotification          
00000754  canEnableStatusChangeNotification   
000007b4  canEnableloopback                   
00003c9c  canErrorNotification                
000004e4  canFillMessageObjectData            
00000214  canGetData                          
00000710  canGetErrorLevel                    
00000364  canGetID                            
000006ec  canGetLastError                     
00000020  canInit                             
000008d8  canIoRxGetBit                       
0000081c  canIoSetDirection                   
0000086c  canIoSetPort                        
000008bc  canIoTxGetBit                       
00000690  canIsMessageBoxValid                
00000634  canIsRxMessageArrived               
000005d8  canIsTxMessagePending               
00003c88  canMessageNotification              
00000444  canSendRemoteFrame                  
00003dec  canStatusChangeNotification         
00000120  canTransmit                         
000003cc  canUpdateID                         
00003c08  checkPackets                        
00003dc4  dmaGroupANotification               
00003e14  epcCAMFullNotification              
00003e18  epcFIFOFullNotification             
0000290c  esmActivateNormalOperation          
00002a58  esmClearStatus                      
00002abc  esmClearStatusBuffer                
00002a98  esmClearStatusUpper                 
000028b8  esmDisableError                     
000028e0  esmDisableErrorUpper                
00002960  esmDisableInterrupt                 
00002988  esmDisableInterruptUpper            
00002874  esmEnableError                      
0000289c  esmEnableErrorUpper                 
0000291c  esmEnableInterrupt                  
00002944  esmEnableInterruptUpper             
00002bec  esmEnterSelfTest                    
00002858  esmError                            
00002cc4  esmGetConfigValue                   
00002af8  esmGetStatus                        
00002bc4  esmGetStatusBuffer                  
00002b7c  esmGetStatusUpper                   
00003cb0  esmGroup1Notification               
00003cc0  esmGroup2Notification               
00003db4  esmGroup3Notification               
00003a74  esmHighInterrupt                    
000026fc  esmInit                             
00002c74  esmSelfTestStatus                   
00002ad8  esmSetCounterPreloadValue           
000029a4  esmSetInterruptLevel                
00002a18  esmSetInterruptLevelUpper           
000028fc  esmTriggerErrorPinReset             
000017d4  getResetSource                      
00003bec  main                                
00001604  mapClocks                           
000038f4  memcpy                              
00000aa8  muxInit                             
00001550  periphInit                          
00003f3c  phantomInterrupt                    
00000000  resetEntry                          
00001510  setupFlash                          
00001468  setupPLL                            
000018fc  systemGetConfigValue                
00001730  systemInit                          
000017a4  systemPowerDown                     
000014c8  trimLPO                             
08001500  tx_data                             
00001e98  vimChannelMap                       
00002104  vimDisableInterrupt                 
000035b8  vimECCErrorHandler                  
00001f3c  vimEnableInterrupt                  
000021b0  vimGetConfigValue                   
00001dc4  vimInit                             


GLOBAL SYMBOLS: SORTED BY Symbol Address 

address   name                                
-------   ----                                
00000000  __TI_static_base__                  
00000000  resetEntry                          
00000020  canInit                             
00000120  canTransmit                         
00000214  canGetData                          
00000364  canGetID                            
000003cc  canUpdateID                         
00000444  canSendRemoteFrame                  
000004e4  canFillMessageObjectData            
000005d8  canIsTxMessagePending               
00000634  canIsRxMessageArrived               
00000690  canIsMessageBoxValid                
000006ec  canGetLastError                     
00000710  canGetErrorLevel                    
00000734  canEnableErrorNotification          
00000754  canEnableStatusChangeNotification   
00000774  canDisableStatusChangeNotification  
00000794  canDisableErrorNotification         
000007b4  canEnableloopback                   
000007ec  canDisableloopback                  
0000081c  canIoSetDirection                   
0000086c  canIoSetPort                        
000008bc  canIoTxGetBit                       
000008d8  canIoRxGetBit                       
000008f4  can1GetConfigValue                  
00000aa8  muxInit                             
00001468  setupPLL                            
000014c8  trimLPO                             
00001510  setupFlash                          
00001550  periphInit                          
00001604  mapClocks                           
00001730  systemInit                          
000017a4  systemPowerDown                     
000017d4  getResetSource                      
000018fc  systemGetConfigValue                
00001dc4  vimInit                             
00001e98  vimChannelMap                       
00001f3c  vimEnableInterrupt                  
00002104  vimDisableInterrupt                 
000021b0  vimGetConfigValue                   
000026fc  esmInit                             
00002858  esmError                            
00002874  esmEnableError                      
0000289c  esmEnableErrorUpper                 
000028b8  esmDisableError                     
000028e0  esmDisableErrorUpper                
000028fc  esmTriggerErrorPinReset             
0000290c  esmActivateNormalOperation          
0000291c  esmEnableInterrupt                  
00002944  esmEnableInterruptUpper             
00002960  esmDisableInterrupt                 
00002988  esmDisableInterruptUpper            
000029a4  esmSetInterruptLevel                
00002a18  esmSetInterruptLevelUpper           
00002a58  esmClearStatus                      
00002a98  esmClearStatusUpper                 
00002abc  esmClearStatusBuffer                
00002ad8  esmSetCounterPreloadValue           
00002af8  esmGetStatus                        
00002b7c  esmGetStatusUpper                   
00002bc4  esmGetStatusBuffer                  
00002bec  esmEnterSelfTest                    
00002c74  esmSelfTestStatus                   
00002cc4  esmGetConfigValue                   
00002e88  _coreInitRegisters_                 
00002f94  _coreInitStackPointer_              
00002fe0  _getCPSRValue_                      
00002fe8  _gotoCPUIdle_                       
00003000  _coreEnableVfp_                     
00003018  _coreEnableEventBusExport_          
00003028  _coreDisableEventBusExport_         
00003038  _coreEnableIrqVicOffset_            
00003048  _coreGetDataFault_                  
00003050  _coreClearDataFault_                
0000305c  _coreGetInstructionFault_           
00003064  _coreClearInstructionFault_         
00003070  _coreGetDataFaultAddress_           
00003078  _coreClearDataFaultAddress_         
00003084  _coreGetInstructionFaultAddress_    
0000308c  _coreClearInstructionFaultAddress_  
00003098  _coreGetAuxiliaryDataFault_         
000030a0  _coreClearAuxiliaryDataFault_       
000030ac  _coreGetAuxiliaryInstructionFault_  
000030b4  _coreClearAuxiliaryInstructionFault_
000030c0  _disable_IRQ_interrupt_             
000030c8  _enable_IRQ_interrupt_              
000030d0  _enable_interrupt_                  
000030d8  _esmCcmErrorsClear_                 
00003160  _memInit_                           
00003194  _checkMemInitOn_                    
000031b4  _cacheEnable_                       
000031f8  _cacheDisable_                      
0000321c  _dCacheInvalidate_                  
00003230  _iCacheInvalidate_                  
00003244  __TI_PINIT_Base                     
00003248  __TI_PINIT_Limit                    
0000324c  _mpuInit_                           
00003504  _mpuEnable_                         
0000351c  _mpuDisable_                        
00003534  _mpuEnableBackgroundRegion_         
00003544  _mpuDisableBackgroundRegion_        
00003554  _mpuGetNumberOfRegions_             
00003560  _mpuAreRegionsSeparate_             
0000356c  _mpuSetRegion_                      
00003574  _mpuGetRegion_                      
0000357c  _mpuSetRegionBaseAddress_           
00003584  _mpuGetRegionBaseAddress_           
0000358c  _mpuSetRegionTypeAndPermission_     
00003598  _mpuGetRegionType_                  
000035a4  _mpuGetRegionPermission_            
000035b0  _mpuSetRegionSizeRegister_          
000035b8  vimECCErrorHandler                  
000038f4  __aeabi_memcpy                      
000038f4  __aeabi_memcpy4                     
000038f4  __aeabi_memcpy8                     
000038f4  memcpy                              
00003a74  esmHighInterrupt                    
00003bec  main                                
00003c08  checkPackets                        
00003c88  canMessageNotification              
00003c9c  canErrorNotification                
00003cb0  esmGroup1Notification               
00003cc0  esmGroup2Notification               
00003cd8  _c_int00                            
00003db4  esmGroup3Notification               
00003dc4  dmaGroupANotification               
00003dec  canStatusChangeNotification         
00003e14  epcCAMFullNotification              
00003e18  epcFIFOFullNotification             
00003e28  __TI_decompress_lzss                
00003eb8  __TI_auto_init_nobinit_nopinit      
00003f20  __TI_decompress_none                
00003f34  C$$EXIT                             
00003f34  abort                               
00003f3c  phantomInterrupt                    
00004150  __TI_Handler_Table_Base             
00004158  __TI_CINIT_Base                     
00004158  __TI_Handler_Table_Limit            
00004160  __TI_CINIT_Limit                    
08001500  tx_data                             
ffffffff  __TI_pprof_out_hndl                 
ffffffff  __TI_prof_data_size                 
ffffffff  __TI_prof_data_start                
ffffffff  __binit__                           
ffffffff  __c_args__                          
ffffffff  binit                               
UNDEFED   SHT$$INIT_ARRAY$$Base               
UNDEFED   SHT$$INIT_ARRAY$$Limit              
UNDEFED   _system_post_cinit                  

[149 symbols]
