******************************************************************************
                  TI ARM Linker PC v18.12.3                    
******************************************************************************
>> Linked Sat Nov 16 16:30:56 2019

OUTPUT FILE NAME:   <PWM Reader Test.out>
ENTRY POINT SYMBOL: "_c_int00"  address: 00004dac


MEMORY CONFIGURATION

         name            origin    length      used     unused   attr    fill
----------------------  --------  ---------  --------  --------  ----  --------
  VECTORS               00000000   00000020  00000020  00000000     X
  FLASH0                00000020   001fffe0  00005708  001fa8d8  R  X
  FLASH1                00200000   00200000  00000000  00200000  R  X
  STACKS                08000000   00001500  00000000  00001500  RW  
  RAM                   08001500   0007eb00  00000024  0007eadc  RW  


SEGMENT ALLOCATION MAP

run origin  load origin   length   init length attrs members
----------  ----------- ---------- ----------- ----- -------
00000000    00000000    00005138   00005138    r-x
  00000000    00000000    00000020   00000020    r-x .intvecs
  00000020    00000020    00005118   00005118    r-x .text
00005140    00005140    000005f0   000005f0    r--
  00005140    00005140    000005c0   000005c0    r-- .const
  00005700    00005700    00000030   00000030    r-- .cinit
08001500    08001500    00000024   00000000    rw-
  08001500    08001500    00000020   00000000    rw- .bss
  08001520    08001520    00000004   00000000    rw- .data


SECTION ALLOCATION MAP

 output                                  attributes/
section   page    origin      length       input sections
--------  ----  ----------  ----------   ----------------
.intvecs   0    00000000    00000020     
                  00000000    00000020     HL_sys_intvecs.obj (.intvecs)

.text      0    00000020    00005118     
                  00000020    000009c0     HL_pinmux.obj (.text)
                  000009e0    00000998     HL_system.obj (.text)
                  00001378    00000938     HL_sys_vim.obj (.text)
                  00001cb0    000008f4     HL_het.obj (.text)
                  000025a4    0000078c     HL_esm.obj (.text)
                  00002d30    0000069c     HL_rti.obj (.text)
                  000033cc    00000664     HL_errata_SSWF021_45.obj (.text)
                  00003a30    00000484     HL_gio.obj (.text)
                  00003eb4    000003c4     HL_sys_core.obj (.text)
                  00004278    0000036c     HL_sys_mpu.obj (.text)
                  000045e4    0000033c     HL_sys_vim.obj (.text:retain)
                  00004920    00000194     HL_sys_main.obj (.text)
                  00004ab4    00000180     rtsv7R4_A_le_v3D16_eabi.lib : memcpy32.asm.obj (.text)
                  00004c34    00000178     HL_esm.obj (.text:retain)
                  00004dac    000000d8     HL_sys_startup.obj (.text:retain)
                  00004e84    000000c8     HL_notification.obj (.text)
                  00004f4c    00000090     rtsv7R4_A_le_v3D16_eabi.lib : copy_decompress_lzss.c.obj (.text:decompress:lzss:__TI_decompress_lzss)
                  00004fdc    00000068                                 : autoinit.c.obj (.text:__TI_auto_init_nobinit_nopinit:__TI_auto_init_nobinit_nopinit)
                  00005044    00000054     HL_rti.obj (.text:retain)
                  00005098    00000050     rtsv7R4_A_le_v3D16_eabi.lib : u_div32.asm.obj (.text)
                  000050e8    00000028                                 : copy_zero_init.c.obj (.text:decompress:ZI:__TI_zero_init_nomemset:__TI_zero_init_nomemset)
                  00005110    00000014                                 : copy_decompress_none.c.obj (.text:decompress:none:__TI_decompress_none)
                  00005124    00000008                                 : exit.c.obj (.text:abort:abort)
                  0000512c    00000004     HL_sys_startup.obj (.text)
                  00005130    00000004     HL_sys_phantom.obj (.text:retain)
                  00005134    00000004     rtsv7R4_A_le_v3D16_eabi.lib : div0.asm.obj (.text)

.const     0    00005140    000005c0     
                  00005140    000003a0     HL_het.obj (.const:het1PROGRAM)
                  000054e0    00000200     HL_sys_vim.obj (.const:s_vim_init)
                  000056e0    00000020     HL_het.obj (.const:s_het1pwmPolarity)

.cinit     0    00005700    00000030     
                  00005700    0000000c     (__TI_handler_table)
                  0000570c    00000004     --HOLE-- [fill = 0]
                  00005710    00000008     (.cinit..bss.load) [load image, compression = zero_init]
                  00005718    00000007     (.cinit..data.load) [load image, compression = lzss]
                  0000571f    00000001     --HOLE-- [fill = 0]
                  00005720    00000010     (__TI_cinit_table)

.bss       0    08001500    00000020     UNINITIALIZED
                  08001500    00000010     (.common:signal1)
                  08001510    00000010     (.common:signal2)

.data      0    08001520    00000004     UNINITIALIZED
                  08001520    00000004     HL_sys_main.obj (.data)

MODULE SUMMARY

       Module                       code    ro data   rw data
       ------                       ----    -------   -------
    .\source\
       HL_sys_vim.obj               3188    512       0      
       HL_het.obj                   2292    960       0      
       HL_pinmux.obj                2496    0         0      
       HL_system.obj                2456    0         0      
       HL_esm.obj                   2308    0         0      
       HL_rti.obj                   1776    0         0      
       HL_errata_SSWF021_45.obj     1636    0         0      
       HL_gio.obj                   1156    0         0      
       HL_sys_core.obj              964     0         0      
       HL_sys_mpu.obj               876     0         0      
       HL_sys_main.obj              404     0         36     
       HL_sys_startup.obj           220     0         0      
       HL_notification.obj          200     0         0      
       HL_sys_intvecs.obj           32      0         0      
       HL_sys_phantom.obj           4       0         0      
    +--+----------------------------+-------+---------+---------+
       Total:                       20008   1472      36     
                                                             
    C:\Software\TI\CCS\ccs\tools\compiler\ti-cgt-arm_18.12.3.LTS\lib\rtsv7R4_A_le_v3D16_eabi.lib
       memcpy32.asm.obj             384     0         0      
       copy_decompress_lzss.c.obj   144     0         0      
       autoinit.c.obj               104     0         0      
       u_div32.asm.obj              80      0         0      
       copy_zero_init.c.obj         40      0         0      
       copy_decompress_none.c.obj   20      0         0      
       exit.c.obj                   8       0         0      
       div0.asm.obj                 4       0         0      
    +--+----------------------------+-------+---------+---------+
       Total:                       784     0         0      
                                                             
       Linker Generated:            0       43        0      
    +--+----------------------------+-------+---------+---------+
       Grand Total:                 20792   1515      36     


LINKER GENERATED COPY TABLES

__TI_cinit_table @ 00005720 records: 2, size/record: 8, table size: 16
	.bss: load addr=00005710, load size=00000008 bytes, run addr=08001500, run size=00000020 bytes, compression=zero_init
	.data: load addr=00005718, load size=00000007 bytes, run addr=08001520, run size=00000004 bytes, compression=lzss


LINKER GENERATED HANDLER TABLE

__TI_handler_table @ 00005700 records: 3, size/record: 4, table size: 12
	index: 0, handler: __TI_zero_init
	index: 1, handler: __TI_decompress_lzss
	index: 2, handler: __TI_decompress_none


GLOBAL SYMBOLS: SORTED ALPHABETICALLY BY Name 

address   name                                
-------   ----                                
00005124  C$$EXIT                             
000030fc  IsdwdKeySequenceCorrect             
UNDEFED   SHT$$INIT_ARRAY$$Base               
UNDEFED   SHT$$INIT_ARRAY$$Limit              
00005720  __TI_CINIT_Base                     
00005730  __TI_CINIT_Limit                    
00005700  __TI_Handler_Table_Base             
0000570c  __TI_Handler_Table_Limit            
00004270  __TI_PINIT_Base                     
00004274  __TI_PINIT_Limit                    
00004fdc  __TI_auto_init_nobinit_nopinit      
00004f4c  __TI_decompress_lzss                
00005110  __TI_decompress_none                
ffffffff  __TI_pprof_out_hndl                 
ffffffff  __TI_prof_data_size                 
ffffffff  __TI_prof_data_start                
00000000  __TI_static_base__                  
000050e8  __TI_zero_init_nomemset             
00005134  __aeabi_idiv0                       
00005134  __aeabi_ldiv0                       
00004ab4  __aeabi_memcpy                      
00004ab4  __aeabi_memcpy4                     
00004ab4  __aeabi_memcpy8                     
00005098  __aeabi_uidiv                       
00005098  __aeabi_uidivmod                    
ffffffff  __binit__                           
ffffffff  __c_args__                          
00004dac  _c_int00                            
00004224  _cacheDisable_                      
000041e0  _cacheEnable_                       
000041c0  _checkMemInitOn_                    
000040cc  _coreClearAuxiliaryDataFault_       
000040e0  _coreClearAuxiliaryInstructionFault_
000040a4  _coreClearDataFaultAddress_         
0000407c  _coreClearDataFault_                
000040b8  _coreClearInstructionFaultAddress_  
00004090  _coreClearInstructionFault_         
00004054  _coreDisableEventBusExport_         
00004044  _coreEnableEventBusExport_          
00004064  _coreEnableIrqVicOffset_            
0000402c  _coreEnableVfp_                     
000040c4  _coreGetAuxiliaryDataFault_         
000040d8  _coreGetAuxiliaryInstructionFault_  
0000409c  _coreGetDataFaultAddress_           
00004074  _coreGetDataFault_                  
000040b0  _coreGetInstructionFaultAddress_    
00004088  _coreGetInstructionFault_           
00003eb4  _coreInitRegisters_                 
00003fc0  _coreInitStackPointer_              
00004248  _dCacheInvalidate_                  
000040ec  _disable_IRQ_interrupt_             
000040f4  _enable_IRQ_interrupt_              
000040fc  _enable_interrupt_                  
000033cc  _errata_SSWF021_45_both_plls        
000035c0  _errata_SSWF021_45_pll1             
00003738  _errata_SSWF021_45_pll2             
00004104  _esmCcmErrorsClear_                 
0000400c  _getCPSRValue_                      
00004014  _gotoCPUIdle_                       
0000425c  _iCacheInvalidate_                  
0000418c  _memInit_                           
0000458c  _mpuAreRegionsSeparate_             
00004570  _mpuDisableBackgroundRegion_        
00004548  _mpuDisable_                        
00004560  _mpuEnableBackgroundRegion_         
00004530  _mpuEnable_                         
00004580  _mpuGetNumberOfRegions_             
000045b0  _mpuGetRegionBaseAddress_           
000045d0  _mpuGetRegionPermission_            
000045c4  _mpuGetRegionType_                  
000045a0  _mpuGetRegion_                      
00004278  _mpuInit_                           
000045a8  _mpuSetRegionBaseAddress_           
000045dc  _mpuSetRegionSizeRegister_          
000045b8  _mpuSetRegionTypeAndPermission_     
00004598  _mpuSetRegion_                      
UNDEFED   _system_post_cinit                  
00005124  abort                               
ffffffff  binit                               
000022bc  capGetSignal                        
000012d0  customTrimLPO                       
00004ebc  dmaGroupANotification               
0000316c  dwdClearFlag                        
00003070  dwdCounterEnable                    
000030d4  dwdGenerateSysReset                 
00003134  dwdGetStatus                        
00003188  dwdGetViolationStatus               
00002fe0  dwdInit                             
000030ac  dwdReset                            
0000308c  dwdSetPreload                       
00003058  dwwdGetCurrentDownCounter           
0000300c  dwwdInit                            
0000227c  edgeDisableNotification             
00002240  edgeEnableNotification              
00002214  edgeGetCounter                      
00004f10  edgeNotification                    
000021e8  edgeResetCounter                    
00004f38  epcCAMFullNotification              
00004f3c  epcFIFOFullNotification             
000027b4  esmActivateNormalOperation          
00002900  esmClearStatus                      
00002964  esmClearStatusBuffer                
00002940  esmClearStatusUpper                 
00002760  esmDisableError                     
00002788  esmDisableErrorUpper                
00002808  esmDisableInterrupt                 
00002830  esmDisableInterruptUpper            
0000271c  esmEnableError                      
00002744  esmEnableErrorUpper                 
000027c4  esmEnableInterrupt                  
000027ec  esmEnableInterruptUpper             
00002a94  esmEnterSelfTest                    
00002700  esmError                            
00002b6c  esmGetConfigValue                   
000029a0  esmGetStatus                        
00002a6c  esmGetStatusBuffer                  
00002a24  esmGetStatusUpper                   
00004e84  esmGroup1Notification               
00004e98  esmGroup2Notification               
00004eac  esmGroup3Notification               
00004c34  esmHighInterrupt                    
000025a4  esmInit                             
00002b1c  esmSelfTestStatus                   
00002980  esmSetCounterPreloadValue           
0000284c  esmSetInterruptLevel                
000028c0  esmSetInterruptLevelUpper           
000027a4  esmTriggerErrorPinReset             
08001520  flag                                
00000d78  getResetSource                      
00003c90  gioDisableNotification              
00003c28  gioEnableNotification               
00003b90  gioGetBit                           
00003cf8  gioGetConfigValue                   
00003bb8  gioGetPort                          
00003a30  gioInit                             
00004ee4  gioNotification                     
00003b20  gioSetBit                           
00003b00  gioSetDirection                     
00003b70  gioSetPort                          
00003bd0  gioToggleBit                        
0000512c  handlePLLLockFail                   
000023c8  het1GetConfigValue                  
000023b0  hetGetTimestamp                     
00001cb0  hetInit                             
00004f24  hetNotification                     
00002394  hetResetTimestamp                   
00004920  main                                
00000ba8  mapClocks                           
00004ab4  memcpy                              
00000020  muxInit                             
00000af4  periphInit                          
00005130  phantomInterrupt                    
000021b8  pwmDisableNotification              
00002170  pwmEnableNotification               
00002090  pwmGetSignal                        
00004ef8  pwmNotification                     
00001dd8  pwmSetDuty                          
00001f14  pwmSetSignal                        
00001d70  pwmStart                            
00001da4  pwmStop                             
00000000  resetEntry                          
00005044  rtiCompare0Interrupt                
00003240  rtiDisableNotification              
00003214  rtiEnableNotification               
00003260  rtiGetConfigValue                   
00002f48  rtiGetCurrentTick                   
00002f1c  rtiGetPeriod                        
00002d30  rtiInit                             
000049e8  rtiNotification                     
00002e84  rtiResetCounter                     
00002ef0  rtiSetPeriod                        
00002e24  rtiStartCounter                     
00002e54  rtiStopCounter                      
00000ab4  setupFlash                          
000009e0  setupPLL                            
08001500  signal1                             
08001510  signal2                             
00000ea0  systemGetConfigValue                
00000cd4  systemInit                          
00000d48  systemPowerDown                     
00000a40  trimLPO                             
0000144c  vimChannelMap                       
000016b8  vimDisableInterrupt                 
000045e4  vimECCErrorHandler                  
000014f0  vimEnableInterrupt                  
00001764  vimGetConfigValue                   
00001378  vimInit                             


GLOBAL SYMBOLS: SORTED BY Symbol Address 

address   name                                
-------   ----                                
00000000  __TI_static_base__                  
00000000  resetEntry                          
00000020  muxInit                             
000009e0  setupPLL                            
00000a40  trimLPO                             
00000ab4  setupFlash                          
00000af4  periphInit                          
00000ba8  mapClocks                           
00000cd4  systemInit                          
00000d48  systemPowerDown                     
00000d78  getResetSource                      
00000ea0  systemGetConfigValue                
000012d0  customTrimLPO                       
00001378  vimInit                             
0000144c  vimChannelMap                       
000014f0  vimEnableInterrupt                  
000016b8  vimDisableInterrupt                 
00001764  vimGetConfigValue                   
00001cb0  hetInit                             
00001d70  pwmStart                            
00001da4  pwmStop                             
00001dd8  pwmSetDuty                          
00001f14  pwmSetSignal                        
00002090  pwmGetSignal                        
00002170  pwmEnableNotification               
000021b8  pwmDisableNotification              
000021e8  edgeResetCounter                    
00002214  edgeGetCounter                      
00002240  edgeEnableNotification              
0000227c  edgeDisableNotification             
000022bc  capGetSignal                        
00002394  hetResetTimestamp                   
000023b0  hetGetTimestamp                     
000023c8  het1GetConfigValue                  
000025a4  esmInit                             
00002700  esmError                            
0000271c  esmEnableError                      
00002744  esmEnableErrorUpper                 
00002760  esmDisableError                     
00002788  esmDisableErrorUpper                
000027a4  esmTriggerErrorPinReset             
000027b4  esmActivateNormalOperation          
000027c4  esmEnableInterrupt                  
000027ec  esmEnableInterruptUpper             
00002808  esmDisableInterrupt                 
00002830  esmDisableInterruptUpper            
0000284c  esmSetInterruptLevel                
000028c0  esmSetInterruptLevelUpper           
00002900  esmClearStatus                      
00002940  esmClearStatusUpper                 
00002964  esmClearStatusBuffer                
00002980  esmSetCounterPreloadValue           
000029a0  esmGetStatus                        
00002a24  esmGetStatusUpper                   
00002a6c  esmGetStatusBuffer                  
00002a94  esmEnterSelfTest                    
00002b1c  esmSelfTestStatus                   
00002b6c  esmGetConfigValue                   
00002d30  rtiInit                             
00002e24  rtiStartCounter                     
00002e54  rtiStopCounter                      
00002e84  rtiResetCounter                     
00002ef0  rtiSetPeriod                        
00002f1c  rtiGetPeriod                        
00002f48  rtiGetCurrentTick                   
00002fe0  dwdInit                             
0000300c  dwwdInit                            
00003058  dwwdGetCurrentDownCounter           
00003070  dwdCounterEnable                    
0000308c  dwdSetPreload                       
000030ac  dwdReset                            
000030d4  dwdGenerateSysReset                 
000030fc  IsdwdKeySequenceCorrect             
00003134  dwdGetStatus                        
0000316c  dwdClearFlag                        
00003188  dwdGetViolationStatus               
00003214  rtiEnableNotification               
00003240  rtiDisableNotification              
00003260  rtiGetConfigValue                   
000033cc  _errata_SSWF021_45_both_plls        
000035c0  _errata_SSWF021_45_pll1             
00003738  _errata_SSWF021_45_pll2             
00003a30  gioInit                             
00003b00  gioSetDirection                     
00003b20  gioSetBit                           
00003b70  gioSetPort                          
00003b90  gioGetBit                           
00003bb8  gioGetPort                          
00003bd0  gioToggleBit                        
00003c28  gioEnableNotification               
00003c90  gioDisableNotification              
00003cf8  gioGetConfigValue                   
00003eb4  _coreInitRegisters_                 
00003fc0  _coreInitStackPointer_              
0000400c  _getCPSRValue_                      
00004014  _gotoCPUIdle_                       
0000402c  _coreEnableVfp_                     
00004044  _coreEnableEventBusExport_          
00004054  _coreDisableEventBusExport_         
00004064  _coreEnableIrqVicOffset_            
00004074  _coreGetDataFault_                  
0000407c  _coreClearDataFault_                
00004088  _coreGetInstructionFault_           
00004090  _coreClearInstructionFault_         
0000409c  _coreGetDataFaultAddress_           
000040a4  _coreClearDataFaultAddress_         
000040b0  _coreGetInstructionFaultAddress_    
000040b8  _coreClearInstructionFaultAddress_  
000040c4  _coreGetAuxiliaryDataFault_         
000040cc  _coreClearAuxiliaryDataFault_       
000040d8  _coreGetAuxiliaryInstructionFault_  
000040e0  _coreClearAuxiliaryInstructionFault_
000040ec  _disable_IRQ_interrupt_             
000040f4  _enable_IRQ_interrupt_              
000040fc  _enable_interrupt_                  
00004104  _esmCcmErrorsClear_                 
0000418c  _memInit_                           
000041c0  _checkMemInitOn_                    
000041e0  _cacheEnable_                       
00004224  _cacheDisable_                      
00004248  _dCacheInvalidate_                  
0000425c  _iCacheInvalidate_                  
00004270  __TI_PINIT_Base                     
00004274  __TI_PINIT_Limit                    
00004278  _mpuInit_                           
00004530  _mpuEnable_                         
00004548  _mpuDisable_                        
00004560  _mpuEnableBackgroundRegion_         
00004570  _mpuDisableBackgroundRegion_        
00004580  _mpuGetNumberOfRegions_             
0000458c  _mpuAreRegionsSeparate_             
00004598  _mpuSetRegion_                      
000045a0  _mpuGetRegion_                      
000045a8  _mpuSetRegionBaseAddress_           
000045b0  _mpuGetRegionBaseAddress_           
000045b8  _mpuSetRegionTypeAndPermission_     
000045c4  _mpuGetRegionType_                  
000045d0  _mpuGetRegionPermission_            
000045dc  _mpuSetRegionSizeRegister_          
000045e4  vimECCErrorHandler                  
00004920  main                                
000049e8  rtiNotification                     
00004ab4  __aeabi_memcpy                      
00004ab4  __aeabi_memcpy4                     
00004ab4  __aeabi_memcpy8                     
00004ab4  memcpy                              
00004c34  esmHighInterrupt                    
00004dac  _c_int00                            
00004e84  esmGroup1Notification               
00004e98  esmGroup2Notification               
00004eac  esmGroup3Notification               
00004ebc  dmaGroupANotification               
00004ee4  gioNotification                     
00004ef8  pwmNotification                     
00004f10  edgeNotification                    
00004f24  hetNotification                     
00004f38  epcCAMFullNotification              
00004f3c  epcFIFOFullNotification             
00004f4c  __TI_decompress_lzss                
00004fdc  __TI_auto_init_nobinit_nopinit      
00005044  rtiCompare0Interrupt                
00005098  __aeabi_uidiv                       
00005098  __aeabi_uidivmod                    
000050e8  __TI_zero_init_nomemset             
00005110  __TI_decompress_none                
00005124  C$$EXIT                             
00005124  abort                               
0000512c  handlePLLLockFail                   
00005130  phantomInterrupt                    
00005134  __aeabi_idiv0                       
00005134  __aeabi_ldiv0                       
00005700  __TI_Handler_Table_Base             
0000570c  __TI_Handler_Table_Limit            
00005720  __TI_CINIT_Base                     
00005730  __TI_CINIT_Limit                    
08001500  signal1                             
08001510  signal2                             
08001520  flag                                
ffffffff  __TI_pprof_out_hndl                 
ffffffff  __TI_prof_data_size                 
ffffffff  __TI_prof_data_start                
ffffffff  __binit__                           
ffffffff  __c_args__                          
ffffffff  binit                               
UNDEFED   SHT$$INIT_ARRAY$$Base               
UNDEFED   SHT$$INIT_ARRAY$$Limit              
UNDEFED   _system_post_cinit                  

[187 symbols]
