******************************************************************************
                  TI ARM Linker PC v18.12.3                    
******************************************************************************
>> Linked Tue Oct 29 20:22:46 2019

OUTPUT FILE NAME:   <APPS Test.out>
ENTRY POINT SYMBOL: "_c_int00"  address: 0000835c


MEMORY CONFIGURATION

         name            origin    length      used     unused   attr    fill
----------------------  --------  ---------  --------  --------  ----  --------
  VECTORS               00000000   00000020  00000020  00000000     X
  FLASH0                00000020   001fffe0  00009ca8  001f6338  R  X
  FLASH1                00200000   00200000  00000000  00200000  R  X
  STACKS                08000000   00001500  00000000  00001500  RW  
  RAM                   08001500   0007eb00  00000c00  0007df00  RW  


SEGMENT ALLOCATION MAP

run origin  load origin   length   init length attrs members
----------  ----------- ---------- ----------- ----- -------
00000000    00000000    00009904   00009904    r-x
  00000000    00000000    00000020   00000020    r-x .intvecs
  00000020    00000020    000098e4   000098e4    r-x .text
00009920    00009920    00000334   00000334    r--
  00009920    00009920    00000334   00000334    r-- .const
00009c60    00009c60    00000090   00000090    r--
  00009c60    00009c60    00000090   00000090    r-- .cinit
08001500    08001500    00000c00   00000000    rw-
  08001500    08001500    00000800   00000000    rw- .sysmem
  08001d00    08001d00    00000218   00000000    rw- .bss
  08001f18    08001f18    000001e8   00000000    rw- .data


SECTION ALLOCATION MAP

 output                                  attributes/
section   page    origin      length       input sections
--------  ----  ----------  ----------   ----------------
.intvecs   0    00000000    00000020     
                  00000000    00000020     HL_sys_intvecs.obj (.intvecs)

.text      0    00000020    000098e4     
                  00000020    00000fac     rtsv7R4_A_le_v3D16_eabi.lib : _printfi.c.obj (.text:__TI_printfi)
                  00000fcc    00000ea0     HL_adc.obj (.text)
                  00001e6c    000009c0     HL_pinmux.obj (.text)
                  0000282c    00000998     HL_system.obj (.text)
                  000031c4    00000938     HL_sys_vim.obj (.text)
                  00003afc    00000870     HL_sci.obj (.text)
                  0000436c    0000078c     HL_esm.obj (.text)
                  00004af8    0000069c     HL_rti.obj (.text)
                  00005194    00000664     HL_errata_SSWF021_45.obj (.text)
                  000057f8    000004ac     HL_sys_main.obj (.text)
                  00005ca4    00000484     HL_gio.obj (.text)
                  00006128    000003c4     HL_sys_core.obj (.text)
                  000064ec    0000036c     HL_sys_mpu.obj (.text)
                  00006858    0000033c     HL_sys_vim.obj (.text:retain)
                  00006b94    000002dc     rtsv7R4_A_le_v3D16_eabi.lib : _printfi.c.obj (.text:_pconv_a)
                  00006e70    000002b8                                 : ull_div32.asm.obj (.text)
                  00007128    00000248                                 : _printfi.c.obj (.text:_pconv_g)
                  00007370    000001a4                                 : fputs.c.obj (.text:fputs)
                  00007514    00000180                                 : memory.c.obj (.text:aligned_alloc)
                  00007694    00000180                                 : memcpy32.asm.obj (.text)
                  00007814    00000178                                 : memory.c.obj (.text:free)
                  0000798c    00000178     HL_esm.obj (.text:retain)
                  00007b04    0000015c     rtsv7R4_A_le_v3D16_eabi.lib : _printfi.c.obj (.text:_pconv_e)
                  00007c60    00000158                                 : setvbuf.c.obj (.text:setvbuf)
                  00007db8    00000144                                 : _printfi.c.obj (.text:fcvt)
                  00007efc    00000134                                 : s_floor.c.obj (.text:floor)
                  00008030    0000011c                                 : s_scalbn.c.obj (.text:scalbn)
                  0000814c    0000010d                                 : _printfi.c.obj (.text:_ltostr)
                  00008259    00000003     --HOLE-- [fill = 0]
                  0000825c    00000100                                 : fputc.c.obj (.text:fputc)
                  0000835c    000000d8     HL_sys_startup.obj (.text:retain)
                  00008434    000000c8     rtsv7R4_A_le_v3D16_eabi.lib : _printfi.c.obj (.text:_mcpy)
                  000084fc    000000b8                                 : fclose.c.obj (.text:__TI_closefile)
                  000085b4    000000b8                                 : memory.c.obj (.text:split)
                  0000866c    000000b0     HL_notification.obj (.text)
                  0000871c    000000b0     rtsv7R4_A_le_v3D16_eabi.lib : memset32.asm.obj (.text)
                  000087cc    000000ac                                 : hostlseek.c.obj (.text:HOSTlseek)
                  00008878    000000a8                                 : fseek.c.obj (.text:fseek)
                  00008920    000000a4                                 : hostrename.c.obj (.text:HOSTrename)
                  000089c4    000000a0                                 : _io_perm.c.obj (.text:__TI_wrt_ok)
                  00008a64    0000009c                                 : printf.c.obj (.text:printf)
                  00008b00    00000098                                 : hostopen.c.obj (.text:HOSTopen)
                  00008b98    00000098                                 : close.c.obj (.text:close)
                  00008c30    00000094                                 : _printfi.c.obj (.text:_ecpy)
                  00008cc4    00000090                                 : hostread.c.obj (.text:HOSTread)
                  00008d54    00000090                                 : hostwrite.c.obj (.text:HOSTwrite)
                  00008de4    00000090                                 : copy_decompress_lzss.c.obj (.text:decompress:lzss:__TI_decompress_lzss)
                  00008e74    0000008c                                 : s_frexp.c.obj (.text:frexp)
                  00008f00    00000084                                 : fflush.c.obj (.text:__TI_doflush)
                  00008f84    00000084                                 : atoi.c.obj (.text:atoi)
                  00009008    00000080                                 : ltoa.c.obj (.text:ltoa)
                  00009088    0000007c                                 : exit.c.obj (.text:exit)
                  00009104    00000074                                 : hostclose.c.obj (.text:HOSTclose)
                  00009178    00000074                                 : _printfi.c.obj (.text:_pconv_f)
                  000091ec    00000070                                 : hostunlink.c.obj (.text:HOSTunlink)
                  0000925c    0000006c                                 : getdevice.c.obj (.text:getdevice)
                  000092c8    00000068                                 : autoinit.c.obj (.text:__TI_auto_init_nobinit_nopinit:__TI_auto_init_nobinit_nopinit)
                  00009330    00000064                                 : _printfi.c.obj (.text:_fcpy)
                  00009394    00000054                                 : fopen.c.obj (.text:__TI_cleanup)
                  000093e8    00000054                                 : trgmsg.c.obj (.text:__TI_readmsg)
                  0000943c    00000054                                 : trgmsg.c.obj (.text:__TI_writemsg)
                  00009490    00000054                                 : getdevice.c.obj (.text:finddevice)
                  000094e4    00000054     HL_rti.obj (.text:retain)
                  00009538    00000054     rtsv7R4_A_le_v3D16_eabi.lib : i_div32.asm.obj (.text)
                  0000958c    00000050                                 : u_div32.asm.obj (.text)
                  000095dc    00000048                                 : strncpy.c.obj (.text:strncpy)
                  00009624    00000048                                 : unlink.c.obj (.text:unlink)
                  0000966c    00000044                                 : lseek.c.obj (.text:lseek)
                  000096b0    00000044                                 : write.c.obj (.text:write)
                  000096f4    00000040                                 : memory.c.obj (.text:free_list_insert)
                  00009734    00000030                                 : memory.c.obj (.text:free_list_remove)
                  00009764    0000002c                                 : memccpy.c.obj (.text:memccpy)
                  00009790    0000002c                                 : memchr.c.obj (.text:memchr)
                  000097bc    00000028                                 : s_copysign.c.obj (.text:copysign)
                  000097e4    00000028                                 : copy_zero_init.c.obj (.text:decompress:ZI:__TI_zero_init_nomemset:__TI_zero_init_nomemset)
                  0000980c    00000028                                 : strchr.c.obj (.text:strchr)
                  00009834    00000028                                 : strcmp.c.obj (.text:strcmp)
                  0000985c    00000024                                 : wcslen.c.obj (.text:wcslen)
                  00009880    00000020                                 : strlen.c.obj (.text:strlen)
                  000098a0    00000018                                 : strcpy.c.obj (.text:strcpy)
                  000098b8    00000014                                 : copy_decompress_none.c.obj (.text:decompress:none:__TI_decompress_none)
                  000098cc    0000000c                                 : errno.c.obj (.text:__aeabi_errno_addr)
                  000098d8    0000000c                                 : memory.c.obj (.text:malloc)
                  000098e4    00000008                                 : exit.c.obj (.text:abort:abort)
                  000098ec    00000004     HL_sys_startup.obj (.text)
                  000098f0    00000004     rtsv7R4_A_le_v3D16_eabi.lib : _lock.c.obj (.text:_nop)
                  000098f4    00000004                                 : printf.c.obj (.text:_outc)
                  000098f8    00000004                                 : printf.c.obj (.text:_outs)
                  000098fc    00000004     HL_sys_phantom.obj (.text:retain)
                  00009900    00000004     rtsv7R4_A_le_v3D16_eabi.lib : div0.asm.obj (.text)

.const     0    00009920    00000334     
                  00009920    00000200     HL_sys_vim.obj (.const:s_vim_init)
                  00009b20    00000101     rtsv7R4_A_le_v3D16_eabi.lib : ctype.c.obj (.const:.string:_ctypes_)
                  00009c21    00000003     --HOLE-- [fill = 0]
                  00009c24    00000018     HL_adc.obj (.const:s_adcFiFoSize)
                  00009c3c    00000018     HL_adc.obj (.const:s_adcSelect)

.cinit     0    00009c60    00000090     
                  00009c60    00000069     (.cinit..data.load) [load image, compression = lzss]
                  00009cc9    00000003     --HOLE-- [fill = 0]
                  00009ccc    0000000c     (__TI_handler_table)
                  00009cd8    00000008     (.cinit..bss.load) [load image, compression = zero_init]
                  00009ce0    00000010     (__TI_cinit_table)

.sysmem    0    08001500    00000800     UNINITIALIZED
                  08001500    00000010     rtsv7R4_A_le_v3D16_eabi.lib : memory.c.obj (.sysmem)
                  08001510    000007f0     --HOLE--

.bss       0    08001d00    00000218     UNINITIALIZED
                  08001d00    00000120     rtsv7R4_A_le_v3D16_eabi.lib : trgmsg.c.obj (.bss:_CIOBUF_)
                  08001e20    000000a0     (.common:__TI_tmpnams)
                  08001ec0    00000050     HL_sci.obj (.bss:g_sciTransfer_t)
                  08001f10    00000008     (.common:parmbuf)

.data      0    08001f18    000001e8     UNINITIALIZED
                  08001f18    000000f0     rtsv7R4_A_le_v3D16_eabi.lib : defs.c.obj (.data:_ftable)
                  08002008    00000078                                 : host_device.c.obj (.data:_device)
                  08002080    00000050                                 : host_device.c.obj (.data:_stream)
                  080020d0    00000010                                 : defs.c.obj (.data)
                  080020e0    0000000c                                 : exit.c.obj (.data:$O1$$)
                  080020ec    00000008                                 : _lock.c.obj (.data:$O1$$)
                  080020f4    00000008                                 : memory.c.obj (.data:$O1$$)
                  080020fc    00000004                                 : errno.c.obj (.data)

MODULE SUMMARY

       Module                       code    ro data   rw data
       ------                       ----    -------   -------
    .\source\
       HL_adc.obj                   3744    48        0      
       HL_sys_vim.obj               3188    512       0      
       HL_pinmux.obj                2496    0         0      
       HL_system.obj                2456    0         0      
       HL_esm.obj                   2308    0         0      
       HL_sci.obj                   2160    0         80     
       HL_rti.obj                   1776    0         0      
       HL_errata_SSWF021_45.obj     1636    0         0      
       HL_sys_main.obj              1196    0         0      
       HL_gio.obj                   1156    0         0      
       HL_sys_core.obj              964     0         0      
       HL_sys_mpu.obj               876     0         0      
       HL_sys_startup.obj           220     0         0      
       HL_notification.obj          176     0         0      
       HL_sys_intvecs.obj           32      0         0      
       HL_sys_phantom.obj           4       0         0      
    +--+----------------------------+-------+---------+---------+
       Total:                       24388   560       80     
                                                             
    C:\ti\ccs910\ccs\tools\compiler\ti-cgt-arm_18.12.3.LTS\lib\rtsv7R4_A_le_v3D16_eabi.lib
       _printfi.c.obj               6833    0         0      
       memory.c.obj                 1068    0         8      
       ull_div32.asm.obj            696     0         0      
       trgmsg.c.obj                 168     0         288    
       fputs.c.obj                  420     0         0      
       defs.c.obj                   0       0         416    
       memcpy32.asm.obj             384     0         0      
       setvbuf.c.obj                344     0         0      
       s_floor.c.obj                308     0         0      
       s_scalbn.c.obj               284     0         0      
       ctype.c.obj                  0       257       0      
       fputc.c.obj                  256     0         0      
       host_device.c.obj            0       0         200    
       getdevice.c.obj              192     0         0      
       fclose.c.obj                 184     0         0      
       memset32.asm.obj             176     0         0      
       hostlseek.c.obj              172     0         0      
       fseek.c.obj                  168     0         0      
       hostrename.c.obj             164     0         0      
       printf.c.obj                 164     0         0      
       _io_perm.c.obj               160     0         0      
       hostopen.c.obj               152     0         8      
       close.c.obj                  152     0         0      
       copy_decompress_lzss.c.obj   144     0         0      
       exit.c.obj                   132     0         12     
       hostread.c.obj               144     0         0      
       hostwrite.c.obj              144     0         0      
       s_frexp.c.obj                140     0         0      
       atoi.c.obj                   132     0         0      
       fflush.c.obj                 132     0         0      
       ltoa.c.obj                   128     0         0      
       hostclose.c.obj              116     0         0      
       hostunlink.c.obj             112     0         0      
       autoinit.c.obj               104     0         0      
       fopen.c.obj                  84      0         0      
       i_div32.asm.obj              84      0         0      
       u_div32.asm.obj              80      0         0      
       strncpy.c.obj                72      0         0      
       unlink.c.obj                 72      0         0      
       lseek.c.obj                  68      0         0      
       write.c.obj                  68      0         0      
       memccpy.c.obj                44      0         0      
       memchr.c.obj                 44      0         0      
       copy_zero_init.c.obj         40      0         0      
       s_copysign.c.obj             40      0         0      
       strchr.c.obj                 40      0         0      
       strcmp.c.obj                 40      0         0      
       wcslen.c.obj                 36      0         0      
       strlen.c.obj                 32      0         0      
       strcpy.c.obj                 24      0         0      
       copy_decompress_none.c.obj   20      0         0      
       errno.c.obj                  12      0         4      
       _lock.c.obj                  4       0         8      
       div0.asm.obj                 4       0         0      
    +--+----------------------------+-------+---------+---------+
       Total:                       14781   257       944    
                                                             
       Heap:                        0       0         2048   
       Linker Generated:            0       141       0      
    +--+----------------------------+-------+---------+---------+
       Grand Total:                 39169   958       3072   


LINKER GENERATED COPY TABLES

__TI_cinit_table @ 00009ce0 records: 2, size/record: 8, table size: 16
	.data: load addr=00009c60, load size=00000069 bytes, run addr=08001f18, run size=000001e8 bytes, compression=lzss
	.bss: load addr=00009cd8, load size=00000008 bytes, run addr=08001d00, run size=00000218 bytes, compression=zero_init


LINKER GENERATED HANDLER TABLE

__TI_handler_table @ 00009ccc records: 3, size/record: 4, table size: 12
	index: 0, handler: __TI_zero_init
	index: 1, handler: __TI_decompress_lzss
	index: 2, handler: __TI_decompress_none


GLOBAL SYMBOLS: SORTED ALPHABETICALLY BY Name 

address   name                                
-------   ----                                
000098e4  C$$EXIT                             
00009484  C$$IO$$                             
00009104  HOSTclose                           
000087cc  HOSTlseek                           
00008b00  HOSTopen                            
00008cc4  HOSTread                            
00008920  HOSTrename                          
000091ec  HOSTunlink                          
00008d54  HOSTwrite                           
00004ec4  IsdwdKeySequenceCorrect             
UNDEFED   SHT$$INIT_ARRAY$$Base               
UNDEFED   SHT$$INIT_ARRAY$$Limit              
08001d00  __CIOBUF_                           
00000800  __SYSMEM_SIZE                       
00009ce0  __TI_CINIT_Base                     
00009cf0  __TI_CINIT_Limit                    
00009ccc  __TI_Handler_Table_Base             
00009cd8  __TI_Handler_Table_Limit            
000064e4  __TI_PINIT_Base                     
000064e8  __TI_PINIT_Limit                    
000092c8  __TI_auto_init_nobinit_nopinit      
00009394  __TI_cleanup                        
080020e0  __TI_cleanup_ptr                    
000084fc  __TI_closefile                      
00008de4  __TI_decompress_lzss                
000098b8  __TI_decompress_none                
00008f00  __TI_doflush                        
080020e4  __TI_dtors_ptr                      
080020e8  __TI_enable_exit_profile_output     
080020d0  __TI_ft_end                         
ffffffff  __TI_pprof_out_hndl                 
00000020  __TI_printfi                        
ffffffff  __TI_prof_data_size                 
ffffffff  __TI_prof_data_start                
000093e8  __TI_readmsg                        
00000000  __TI_static_base__                  
08001e20  __TI_tmpnams                        
0000943c  __TI_writemsg                       
000089c4  __TI_wrt_ok                         
000097e4  __TI_zero_init_nomemset             
000098cc  __aeabi_errno_addr                  
00009538  __aeabi_idiv                        
00009900  __aeabi_idiv0                       
00009538  __aeabi_idivmod                     
00009900  __aeabi_ldiv0                       
0000871c  __aeabi_memclr                      
0000871c  __aeabi_memclr4                     
0000871c  __aeabi_memclr8                     
00007694  __aeabi_memcpy                      
00007694  __aeabi_memcpy4                     
00007694  __aeabi_memcpy8                     
00008720  __aeabi_memset                      
00008720  __aeabi_memset4                     
00008720  __aeabi_memset8                     
080020dc  __aeabi_stderr                      
080020d4  __aeabi_stdin                       
080020d8  __aeabi_stdout                      
0000958c  __aeabi_uidiv                       
0000958c  __aeabi_uidivmod                    
00006e70  __aeabi_uldivmod                    
ffffffff  __binit__                           
ffffffff  __c_args__                          
0000835c  _c_int00                            
00006498  _cacheDisable_                      
00006454  _cacheEnable_                       
00006434  _checkMemInitOn_                    
00006340  _coreClearAuxiliaryDataFault_       
00006354  _coreClearAuxiliaryInstructionFault_
00006318  _coreClearDataFaultAddress_         
000062f0  _coreClearDataFault_                
0000632c  _coreClearInstructionFaultAddress_  
00006304  _coreClearInstructionFault_         
000062c8  _coreDisableEventBusExport_         
000062b8  _coreEnableEventBusExport_          
000062d8  _coreEnableIrqVicOffset_            
000062a0  _coreEnableVfp_                     
00006338  _coreGetAuxiliaryDataFault_         
0000634c  _coreGetAuxiliaryInstructionFault_  
00006310  _coreGetDataFaultAddress_           
000062e8  _coreGetDataFault_                  
00006324  _coreGetInstructionFaultAddress_    
000062fc  _coreGetInstructionFault_           
00006128  _coreInitRegisters_                 
00006234  _coreInitStackPointer_              
00009b20  _ctypes_                            
000064bc  _dCacheInvalidate_                  
08002008  _device                             
00006360  _disable_IRQ_interrupt_             
00006368  _enable_IRQ_interrupt_              
00006370  _enable_interrupt_                  
00005194  _errata_SSWF021_45_both_plls        
00005388  _errata_SSWF021_45_pll1             
00005500  _errata_SSWF021_45_pll2             
00006378  _esmCcmErrorsClear_                 
08001f18  _ftable                             
00006280  _getCPSRValue_                      
00006288  _gotoCPUIdle_                       
000064d0  _iCacheInvalidate_                  
080020ec  _lock                               
00006400  _memInit_                           
00006800  _mpuAreRegionsSeparate_             
000067e4  _mpuDisableBackgroundRegion_        
000067bc  _mpuDisable_                        
000067d4  _mpuEnableBackgroundRegion_         
000067a4  _mpuEnable_                         
000067f4  _mpuGetNumberOfRegions_             
00006824  _mpuGetRegionBaseAddress_           
00006844  _mpuGetRegionPermission_            
00006838  _mpuGetRegionType_                  
00006814  _mpuGetRegion_                      
000064ec  _mpuInit_                           
0000681c  _mpuSetRegionBaseAddress_           
00006850  _mpuSetRegionSizeRegister_          
0000682c  _mpuSetRegionTypeAndPermission_     
0000680c  _mpuSetRegion_                      
000098f0  _nop                                
08002080  _stream                             
08001500  _sys_memory                         
UNDEFED   _system_post_cinit                  
080020f0  _unlock                             
000098e4  abort                               
000019a0  adc1GetConfigValue                  
00001ba0  adc2GetConfigValue                  
0000157c  adcCalibration                      
00001940  adcDisableNotification              
000018f0  adcEnableNotification               
00001354  adcGetData                          
00001988  adcGetEVTPin                        
00000fcc  adcInit                             
0000154c  adcIsConversionComplete             
0000151c  adcIsFifoFull                       
00001754  adcMidPointCalibration              
000086cc  adcNotification                     
0000132c  adcResetFiFo                        
00001968  adcSetEVTPin                        
00001280  adcStartConversion                  
00001304  adcStopConversion                   
00007514  aligned_alloc                       
00008f84  atoi                                
ffffffff  binit                               
00008b98  close                               
000097bc  copysign                            
000097bc  copysignl                           
0000311c  customTrimLPO                       
000086a4  dmaGroupANotification               
00004f34  dwdClearFlag                        
00004e38  dwdCounterEnable                    
00004e9c  dwdGenerateSysReset                 
00004efc  dwdGetStatus                        
00004f50  dwdGetViolationStatus               
00004da8  dwdInit                             
00004e74  dwdReset                            
00004e54  dwdSetPreload                       
00004e20  dwwdGetCurrentDownCounter           
00004dd4  dwwdInit                            
00008708  epcCAMFullNotification              
0000870c  epcFIFOFullNotification             
080020fc  errno                               
0000457c  esmActivateNormalOperation          
000046c8  esmClearStatus                      
0000472c  esmClearStatusBuffer                
00004708  esmClearStatusUpper                 
00004528  esmDisableError                     
00004550  esmDisableErrorUpper                
000045d0  esmDisableInterrupt                 
000045f8  esmDisableInterruptUpper            
000044e4  esmEnableError                      
0000450c  esmEnableErrorUpper                 
0000458c  esmEnableInterrupt                  
000045b4  esmEnableInterruptUpper             
0000485c  esmEnterSelfTest                    
000044c8  esmError                            
00004934  esmGetConfigValue                   
00004768  esmGetStatus                        
00004834  esmGetStatusBuffer                  
000047ec  esmGetStatusUpper                   
0000866c  esmGroup1Notification               
00008680  esmGroup2Notification               
00008694  esmGroup3Notification               
0000798c  esmHighInterrupt                    
0000436c  esmInit                             
000048e4  esmSelfTestStatus                   
00004748  esmSetCounterPreloadValue           
00004614  esmSetInterruptLevel                
00004688  esmSetInterruptLevelUpper           
0000456c  esmTriggerErrorPinReset             
00009088  exit                                
00009490  finddevice                          
00007efc  floor                               
00007efc  floorl                              
0000825c  fputc                               
00007370  fputs                               
00007814  free                                
00008e74  frexp                               
00008e74  frexpl                              
00008878  fseek                               
00002bc4  getResetSource                      
0000925c  getdevice                           
00005f04  gioDisableNotification              
00005e9c  gioEnableNotification               
00005e04  gioGetBit                           
00005f6c  gioGetConfigValue                   
00005e2c  gioGetPort                          
00005ca4  gioInit                             
000086e0  gioNotification                     
00005d94  gioSetBit                           
00005d74  gioSetDirection                     
00005de4  gioSetPort                          
00005e44  gioToggleBit                        
000098ec  handlePLLLockFail                   
00008030  ldexp                               
00008030  ldexpl                              
0000966c  lseek                               
00009008  ltoa                                
000057f8  main                                
000098d8  malloc                              
000029f4  mapClocks                           
00007514  memalign                            
00009764  memccpy                             
00009790  memchr                              
00007694  memcpy                              
0000872c  memset                              
00001e6c  muxInit                             
08001f10  parmbuf                             
00002940  periphInit                          
000098fc  phantomInterrupt                    
00008a64  printf                              
0000825c  putc                                
00009624  remove                              
00000000  resetEntry                          
000094e4  rtiCompare0Interrupt                
00005008  rtiDisableNotification              
00004fdc  rtiEnableNotification               
00005028  rtiGetConfigValue                   
00004d10  rtiGetCurrentTick                   
00004ce4  rtiGetPeriod                        
00004af8  rtiInit                             
0000585c  rtiNotification                     
00004c4c  rtiResetCounter                     
00004cb8  rtiSetPeriod                        
00004bec  rtiStartCounter                     
00004c1c  rtiStopCounter                      
00008030  scalbn                              
00008030  scalbnl                             
000041b8  sci1GetConfigValue                  
0000402c  sciDisableLoopback                  
000040e0  sciDisableNotification              
00003ff8  sciEnableLoopback                   
00004048  sciEnableNotification               
00004178  sciEnterResetState                  
00004198  sciExitResetState                   
00003afc  sciInit                             
00003e70  sciIsIdleDetected                   
00003e54  sciIsRxReady                        
00003ca4  sciIsTxReady                        
000086f4  sciNotification                     
00003ee8  sciReceive                          
00003ebc  sciReceiveByte                      
00003e8c  sciRxError                          
00003cf0  sciSend                             
00003cc0  sciSendByte                         
00003c08  sciSetBaudrate                      
00003be8  sciSetFunctional                    
00002900  setupFlash                          
0000282c  setupPLL                            
00007c60  setvbuf                             
0000980c  strchr                              
00009834  strcmp                              
000098a0  strcpy                              
00009880  strlen                              
000095dc  strncpy                             
00002cec  systemGetConfigValue                
00002b20  systemInit                          
00002b94  systemPowerDown                     
0000288c  trimLPO                             
00009624  unlink                              
00003298  vimChannelMap                       
00003504  vimDisableInterrupt                 
00006858  vimECCErrorHandler                  
0000333c  vimEnableInterrupt                  
000035b0  vimGetConfigValue                   
000031c4  vimInit                             
0000985c  wcslen                              
000096b0  write                               


GLOBAL SYMBOLS: SORTED BY Symbol Address 

address   name                                
-------   ----                                
00000000  __TI_static_base__                  
00000000  resetEntry                          
00000020  __TI_printfi                        
00000800  __SYSMEM_SIZE                       
00000fcc  adcInit                             
00001280  adcStartConversion                  
00001304  adcStopConversion                   
0000132c  adcResetFiFo                        
00001354  adcGetData                          
0000151c  adcIsFifoFull                       
0000154c  adcIsConversionComplete             
0000157c  adcCalibration                      
00001754  adcMidPointCalibration              
000018f0  adcEnableNotification               
00001940  adcDisableNotification              
00001968  adcSetEVTPin                        
00001988  adcGetEVTPin                        
000019a0  adc1GetConfigValue                  
00001ba0  adc2GetConfigValue                  
00001e6c  muxInit                             
0000282c  setupPLL                            
0000288c  trimLPO                             
00002900  setupFlash                          
00002940  periphInit                          
000029f4  mapClocks                           
00002b20  systemInit                          
00002b94  systemPowerDown                     
00002bc4  getResetSource                      
00002cec  systemGetConfigValue                
0000311c  customTrimLPO                       
000031c4  vimInit                             
00003298  vimChannelMap                       
0000333c  vimEnableInterrupt                  
00003504  vimDisableInterrupt                 
000035b0  vimGetConfigValue                   
00003afc  sciInit                             
00003be8  sciSetFunctional                    
00003c08  sciSetBaudrate                      
00003ca4  sciIsTxReady                        
00003cc0  sciSendByte                         
00003cf0  sciSend                             
00003e54  sciIsRxReady                        
00003e70  sciIsIdleDetected                   
00003e8c  sciRxError                          
00003ebc  sciReceiveByte                      
00003ee8  sciReceive                          
00003ff8  sciEnableLoopback                   
0000402c  sciDisableLoopback                  
00004048  sciEnableNotification               
000040e0  sciDisableNotification              
00004178  sciEnterResetState                  
00004198  sciExitResetState                   
000041b8  sci1GetConfigValue                  
0000436c  esmInit                             
000044c8  esmError                            
000044e4  esmEnableError                      
0000450c  esmEnableErrorUpper                 
00004528  esmDisableError                     
00004550  esmDisableErrorUpper                
0000456c  esmTriggerErrorPinReset             
0000457c  esmActivateNormalOperation          
0000458c  esmEnableInterrupt                  
000045b4  esmEnableInterruptUpper             
000045d0  esmDisableInterrupt                 
000045f8  esmDisableInterruptUpper            
00004614  esmSetInterruptLevel                
00004688  esmSetInterruptLevelUpper           
000046c8  esmClearStatus                      
00004708  esmClearStatusUpper                 
0000472c  esmClearStatusBuffer                
00004748  esmSetCounterPreloadValue           
00004768  esmGetStatus                        
000047ec  esmGetStatusUpper                   
00004834  esmGetStatusBuffer                  
0000485c  esmEnterSelfTest                    
000048e4  esmSelfTestStatus                   
00004934  esmGetConfigValue                   
00004af8  rtiInit                             
00004bec  rtiStartCounter                     
00004c1c  rtiStopCounter                      
00004c4c  rtiResetCounter                     
00004cb8  rtiSetPeriod                        
00004ce4  rtiGetPeriod                        
00004d10  rtiGetCurrentTick                   
00004da8  dwdInit                             
00004dd4  dwwdInit                            
00004e20  dwwdGetCurrentDownCounter           
00004e38  dwdCounterEnable                    
00004e54  dwdSetPreload                       
00004e74  dwdReset                            
00004e9c  dwdGenerateSysReset                 
00004ec4  IsdwdKeySequenceCorrect             
00004efc  dwdGetStatus                        
00004f34  dwdClearFlag                        
00004f50  dwdGetViolationStatus               
00004fdc  rtiEnableNotification               
00005008  rtiDisableNotification              
00005028  rtiGetConfigValue                   
00005194  _errata_SSWF021_45_both_plls        
00005388  _errata_SSWF021_45_pll1             
00005500  _errata_SSWF021_45_pll2             
000057f8  main                                
0000585c  rtiNotification                     
00005ca4  gioInit                             
00005d74  gioSetDirection                     
00005d94  gioSetBit                           
00005de4  gioSetPort                          
00005e04  gioGetBit                           
00005e2c  gioGetPort                          
00005e44  gioToggleBit                        
00005e9c  gioEnableNotification               
00005f04  gioDisableNotification              
00005f6c  gioGetConfigValue                   
00006128  _coreInitRegisters_                 
00006234  _coreInitStackPointer_              
00006280  _getCPSRValue_                      
00006288  _gotoCPUIdle_                       
000062a0  _coreEnableVfp_                     
000062b8  _coreEnableEventBusExport_          
000062c8  _coreDisableEventBusExport_         
000062d8  _coreEnableIrqVicOffset_            
000062e8  _coreGetDataFault_                  
000062f0  _coreClearDataFault_                
000062fc  _coreGetInstructionFault_           
00006304  _coreClearInstructionFault_         
00006310  _coreGetDataFaultAddress_           
00006318  _coreClearDataFaultAddress_         
00006324  _coreGetInstructionFaultAddress_    
0000632c  _coreClearInstructionFaultAddress_  
00006338  _coreGetAuxiliaryDataFault_         
00006340  _coreClearAuxiliaryDataFault_       
0000634c  _coreGetAuxiliaryInstructionFault_  
00006354  _coreClearAuxiliaryInstructionFault_
00006360  _disable_IRQ_interrupt_             
00006368  _enable_IRQ_interrupt_              
00006370  _enable_interrupt_                  
00006378  _esmCcmErrorsClear_                 
00006400  _memInit_                           
00006434  _checkMemInitOn_                    
00006454  _cacheEnable_                       
00006498  _cacheDisable_                      
000064bc  _dCacheInvalidate_                  
000064d0  _iCacheInvalidate_                  
000064e4  __TI_PINIT_Base                     
000064e8  __TI_PINIT_Limit                    
000064ec  _mpuInit_                           
000067a4  _mpuEnable_                         
000067bc  _mpuDisable_                        
000067d4  _mpuEnableBackgroundRegion_         
000067e4  _mpuDisableBackgroundRegion_        
000067f4  _mpuGetNumberOfRegions_             
00006800  _mpuAreRegionsSeparate_             
0000680c  _mpuSetRegion_                      
00006814  _mpuGetRegion_                      
0000681c  _mpuSetRegionBaseAddress_           
00006824  _mpuGetRegionBaseAddress_           
0000682c  _mpuSetRegionTypeAndPermission_     
00006838  _mpuGetRegionType_                  
00006844  _mpuGetRegionPermission_            
00006850  _mpuSetRegionSizeRegister_          
00006858  vimECCErrorHandler                  
00006e70  __aeabi_uldivmod                    
00007370  fputs                               
00007514  aligned_alloc                       
00007514  memalign                            
00007694  __aeabi_memcpy                      
00007694  __aeabi_memcpy4                     
00007694  __aeabi_memcpy8                     
00007694  memcpy                              
00007814  free                                
0000798c  esmHighInterrupt                    
00007c60  setvbuf                             
00007efc  floor                               
00007efc  floorl                              
00008030  ldexp                               
00008030  ldexpl                              
00008030  scalbn                              
00008030  scalbnl                             
0000825c  fputc                               
0000825c  putc                                
0000835c  _c_int00                            
000084fc  __TI_closefile                      
0000866c  esmGroup1Notification               
00008680  esmGroup2Notification               
00008694  esmGroup3Notification               
000086a4  dmaGroupANotification               
000086cc  adcNotification                     
000086e0  gioNotification                     
000086f4  sciNotification                     
00008708  epcCAMFullNotification              
0000870c  epcFIFOFullNotification             
0000871c  __aeabi_memclr                      
0000871c  __aeabi_memclr4                     
0000871c  __aeabi_memclr8                     
00008720  __aeabi_memset                      
00008720  __aeabi_memset4                     
00008720  __aeabi_memset8                     
0000872c  memset                              
000087cc  HOSTlseek                           
00008878  fseek                               
00008920  HOSTrename                          
000089c4  __TI_wrt_ok                         
00008a64  printf                              
00008b00  HOSTopen                            
00008b98  close                               
00008cc4  HOSTread                            
00008d54  HOSTwrite                           
00008de4  __TI_decompress_lzss                
00008e74  frexp                               
00008e74  frexpl                              
00008f00  __TI_doflush                        
00008f84  atoi                                
00009008  ltoa                                
00009088  exit                                
00009104  HOSTclose                           
000091ec  HOSTunlink                          
0000925c  getdevice                           
000092c8  __TI_auto_init_nobinit_nopinit      
00009394  __TI_cleanup                        
000093e8  __TI_readmsg                        
0000943c  __TI_writemsg                       
00009484  C$$IO$$                             
00009490  finddevice                          
000094e4  rtiCompare0Interrupt                
00009538  __aeabi_idiv                        
00009538  __aeabi_idivmod                     
0000958c  __aeabi_uidiv                       
0000958c  __aeabi_uidivmod                    
000095dc  strncpy                             
00009624  remove                              
00009624  unlink                              
0000966c  lseek                               
000096b0  write                               
00009764  memccpy                             
00009790  memchr                              
000097bc  copysign                            
000097bc  copysignl                           
000097e4  __TI_zero_init_nomemset             
0000980c  strchr                              
00009834  strcmp                              
0000985c  wcslen                              
00009880  strlen                              
000098a0  strcpy                              
000098b8  __TI_decompress_none                
000098cc  __aeabi_errno_addr                  
000098d8  malloc                              
000098e4  C$$EXIT                             
000098e4  abort                               
000098ec  handlePLLLockFail                   
000098f0  _nop                                
000098fc  phantomInterrupt                    
00009900  __aeabi_idiv0                       
00009900  __aeabi_ldiv0                       
00009b20  _ctypes_                            
00009ccc  __TI_Handler_Table_Base             
00009cd8  __TI_Handler_Table_Limit            
00009ce0  __TI_CINIT_Base                     
00009cf0  __TI_CINIT_Limit                    
08001500  _sys_memory                         
08001d00  __CIOBUF_                           
08001e20  __TI_tmpnams                        
08001f10  parmbuf                             
08001f18  _ftable                             
08002008  _device                             
08002080  _stream                             
080020d0  __TI_ft_end                         
080020d4  __aeabi_stdin                       
080020d8  __aeabi_stdout                      
080020dc  __aeabi_stderr                      
080020e0  __TI_cleanup_ptr                    
080020e4  __TI_dtors_ptr                      
080020e8  __TI_enable_exit_profile_output     
080020ec  _lock                               
080020f0  _unlock                             
080020fc  errno                               
ffffffff  __TI_pprof_out_hndl                 
ffffffff  __TI_prof_data_size                 
ffffffff  __TI_prof_data_start                
ffffffff  __binit__                           
ffffffff  __c_args__                          
ffffffff  binit                               
UNDEFED   SHT$$INIT_ARRAY$$Base               
UNDEFED   SHT$$INIT_ARRAY$$Limit              
UNDEFED   _system_post_cinit                  

[284 symbols]
