******************************************************************************
                  TI ARM Linker PC v18.12.2                    
******************************************************************************
>> Linked Sun Sep 15 11:26:23 2019

OUTPUT FILE NAME:   <GIO Basic.out>
ENTRY POINT SYMBOL: "_c_int00"  address: 00003b08


MEMORY CONFIGURATION

         name            origin    length      used     unused   attr    fill
----------------------  --------  ---------  --------  --------  ----  --------
  VECTORS               00000000   00000020  00000020  00000000     X
  FLASH0                00000020   001fffe0  00003edc  001fc104  R  X
  FLASH1                00200000   00200000  00000000  00200000  R  X
  STACKS                08000000   00001500  00000000  00001500  RW  
  RAM                   08001500   0007eb00  00000000  0007eb00  RW  


SEGMENT ALLOCATION MAP

run origin  load origin   length   init length attrs members
----------  ----------- ---------- ----------- ----- -------
00000000    00000000    00003f00   00003f00    r-x
  00000000    00000000    00000020   00000020    r-x .intvecs
  00000020    00000020    00003cdc   00003cdc    r-x .text
  00003d00    00003d00    00000200   00000200    r-- .const


SECTION ALLOCATION MAP

 output                                  attributes/
section   page    origin      length       input sections
--------  ----  ----------  ----------   ----------------
.intvecs   0    00000000    00000020     
                  00000000    00000020     HL_sys_intvecs.obj (.intvecs)

.text      0    00000020    00003cdc     
                  00000020    000009c0     HL_pinmux.obj (.text)
                  000009e0    00000998     HL_system.obj (.text)
                  00001378    00000938     HL_sys_vim.obj (.text)
                  00001cb0    0000078c     HL_esm.obj (.text)
                  0000243c    00000664     HL_errata_SSWF021_45.obj (.text)
                  00002aa0    00000484     HL_gio.obj (.text)
                  00002f24    000003c4     HL_sys_core.obj (.text)
                  000032e8    0000036c     HL_sys_mpu.obj (.text)
                  00003654    0000033c     HL_sys_vim.obj (.text:retain)
                  00003990    00000178     HL_esm.obj (.text:retain)
                  00003b08    000000d8     HL_sys_startup.obj (.text:retain)
                  00003be0    00000074     HL_notification.obj (.text)
                  00003c54    00000068     rtsv7R4_A_le_v3D16_eabi.lib : autoinit.c.obj (.text:__TI_auto_init_nobinit_nopinit:__TI_auto_init_nobinit_nopinit)
                  00003cbc    00000030     HL_sys_main.obj (.text)
                  00003cec    00000008     rtsv7R4_A_le_v3D16_eabi.lib : exit.c.obj (.text:abort:abort)
                  00003cf4    00000004     HL_sys_startup.obj (.text)
                  00003cf8    00000004     HL_sys_phantom.obj (.text:retain)

.const     0    00003d00    00000200     
                  00003d00    00000200     HL_sys_vim.obj (.const:s_vim_init)

.cinit     0    00000020    00000000     UNINITIALIZED

MODULE SUMMARY

       Module                     code    ro data   rw data
       ------                     ----    -------   -------
    .\source\
       HL_sys_vim.obj             3188    512       0      
       HL_pinmux.obj              2496    0         0      
       HL_system.obj              2456    0         0      
       HL_esm.obj                 2308    0         0      
       HL_errata_SSWF021_45.obj   1636    0         0      
       HL_gio.obj                 1156    0         0      
       HL_sys_core.obj            964     0         0      
       HL_sys_mpu.obj             876     0         0      
       HL_sys_startup.obj         220     0         0      
       HL_notification.obj        116     0         0      
       HL_sys_main.obj            48      0         0      
       HL_sys_intvecs.obj         32      0         0      
       HL_sys_phantom.obj         4       0         0      
    +--+--------------------------+-------+---------+---------+
       Total:                     15500   512       0      
                                                           
    C:\Software\TI\CCS\ccs\tools\compiler\ti-cgt-arm_18.12.2.LTS\lib\rtsv7R4_A_le_v3D16_eabi.lib
       autoinit.c.obj             104     0         0      
       exit.c.obj                 8       0         0      
    +--+--------------------------+-------+---------+---------+
       Total:                     112     0         0      
                                                           
    +--+--------------------------+-------+---------+---------+
       Grand Total:               15612   512       0      


GLOBAL SYMBOLS: SORTED ALPHABETICALLY BY Name 

address   name                                
-------   ----                                
00003cec  C$$EXIT                             
UNDEFED   SHT$$INIT_ARRAY$$Base               
UNDEFED   SHT$$INIT_ARRAY$$Limit              
UNDEFED   __TI_CINIT_Base                     
UNDEFED   __TI_CINIT_Limit                    
UNDEFED   __TI_Handler_Table_Base             
UNDEFED   __TI_Handler_Table_Limit            
000032e0  __TI_PINIT_Base                     
000032e4  __TI_PINIT_Limit                    
00003c54  __TI_auto_init_nobinit_nopinit      
ffffffff  __TI_pprof_out_hndl                 
ffffffff  __TI_prof_data_size                 
ffffffff  __TI_prof_data_start                
00000000  __TI_static_base__                  
ffffffff  __binit__                           
ffffffff  __c_args__                          
00003b08  _c_int00                            
00003294  _cacheDisable_                      
00003250  _cacheEnable_                       
00003230  _checkMemInitOn_                    
0000313c  _coreClearAuxiliaryDataFault_       
00003150  _coreClearAuxiliaryInstructionFault_
00003114  _coreClearDataFaultAddress_         
000030ec  _coreClearDataFault_                
00003128  _coreClearInstructionFaultAddress_  
00003100  _coreClearInstructionFault_         
000030c4  _coreDisableEventBusExport_         
000030b4  _coreEnableEventBusExport_          
000030d4  _coreEnableIrqVicOffset_            
0000309c  _coreEnableVfp_                     
00003134  _coreGetAuxiliaryDataFault_         
00003148  _coreGetAuxiliaryInstructionFault_  
0000310c  _coreGetDataFaultAddress_           
000030e4  _coreGetDataFault_                  
00003120  _coreGetInstructionFaultAddress_    
000030f8  _coreGetInstructionFault_           
00002f24  _coreInitRegisters_                 
00003030  _coreInitStackPointer_              
000032b8  _dCacheInvalidate_                  
0000315c  _disable_IRQ_interrupt_             
00003164  _enable_IRQ_interrupt_              
0000316c  _enable_interrupt_                  
0000243c  _errata_SSWF021_45_both_plls        
00002630  _errata_SSWF021_45_pll1             
000027a8  _errata_SSWF021_45_pll2             
00003174  _esmCcmErrorsClear_                 
0000307c  _getCPSRValue_                      
00003084  _gotoCPUIdle_                       
000032cc  _iCacheInvalidate_                  
000031fc  _memInit_                           
000035fc  _mpuAreRegionsSeparate_             
000035e0  _mpuDisableBackgroundRegion_        
000035b8  _mpuDisable_                        
000035d0  _mpuEnableBackgroundRegion_         
000035a0  _mpuEnable_                         
000035f0  _mpuGetNumberOfRegions_             
00003620  _mpuGetRegionBaseAddress_           
00003640  _mpuGetRegionPermission_            
00003634  _mpuGetRegionType_                  
00003610  _mpuGetRegion_                      
000032e8  _mpuInit_                           
00003618  _mpuSetRegionBaseAddress_           
0000364c  _mpuSetRegionSizeRegister_          
00003628  _mpuSetRegionTypeAndPermission_     
00003608  _mpuSetRegion_                      
UNDEFED   _system_post_cinit                  
00003cec  abort                               
ffffffff  binit                               
000012d0  customTrimLPO                       
00003c18  dmaGroupANotification               
00003c40  epcCAMFullNotification              
00003c44  epcFIFOFullNotification             
00001ec0  esmActivateNormalOperation          
0000200c  esmClearStatus                      
00002070  esmClearStatusBuffer                
0000204c  esmClearStatusUpper                 
00001e6c  esmDisableError                     
00001e94  esmDisableErrorUpper                
00001f14  esmDisableInterrupt                 
00001f3c  esmDisableInterruptUpper            
00001e28  esmEnableError                      
00001e50  esmEnableErrorUpper                 
00001ed0  esmEnableInterrupt                  
00001ef8  esmEnableInterruptUpper             
000021a0  esmEnterSelfTest                    
00001e0c  esmError                            
00002278  esmGetConfigValue                   
000020ac  esmGetStatus                        
00002178  esmGetStatusBuffer                  
00002130  esmGetStatusUpper                   
00003be0  esmGroup1Notification               
00003bf4  esmGroup2Notification               
00003c08  esmGroup3Notification               
00003990  esmHighInterrupt                    
00001cb0  esmInit                             
00002228  esmSelfTestStatus                   
0000208c  esmSetCounterPreloadValue           
00001f58  esmSetInterruptLevel                
00001fcc  esmSetInterruptLevelUpper           
00001eb0  esmTriggerErrorPinReset             
00000d78  getResetSource                      
00002d00  gioDisableNotification              
00002c98  gioEnableNotification               
00002c00  gioGetBit                           
00002d68  gioGetConfigValue                   
00002c28  gioGetPort                          
00002aa0  gioInit                             
00003c2c  gioNotification                     
00002b90  gioSetBit                           
00002b70  gioSetDirection                     
00002be0  gioSetPort                          
00002c40  gioToggleBit                        
00003cf4  handlePLLLockFail                   
00003cbc  main                                
00000ba8  mapClocks                           
00000020  muxInit                             
00000af4  periphInit                          
00003cf8  phantomInterrupt                    
00000000  resetEntry                          
00000ab4  setupFlash                          
000009e0  setupPLL                            
00000ea0  systemGetConfigValue                
00000cd4  systemInit                          
00000d48  systemPowerDown                     
00000a40  trimLPO                             
0000144c  vimChannelMap                       
000016b8  vimDisableInterrupt                 
00003654  vimECCErrorHandler                  
000014f0  vimEnableInterrupt                  
00001764  vimGetConfigValue                   
00001378  vimInit                             


GLOBAL SYMBOLS: SORTED BY Symbol Address 

address   name                                
-------   ----                                
00000000  __TI_static_base__                  
00000000  resetEntry                          
00000020  muxInit                             
000009e0  setupPLL                            
00000a40  trimLPO                             
00000ab4  setupFlash                          
00000af4  periphInit                          
00000ba8  mapClocks                           
00000cd4  systemInit                          
00000d48  systemPowerDown                     
00000d78  getResetSource                      
00000ea0  systemGetConfigValue                
000012d0  customTrimLPO                       
00001378  vimInit                             
0000144c  vimChannelMap                       
000014f0  vimEnableInterrupt                  
000016b8  vimDisableInterrupt                 
00001764  vimGetConfigValue                   
00001cb0  esmInit                             
00001e0c  esmError                            
00001e28  esmEnableError                      
00001e50  esmEnableErrorUpper                 
00001e6c  esmDisableError                     
00001e94  esmDisableErrorUpper                
00001eb0  esmTriggerErrorPinReset             
00001ec0  esmActivateNormalOperation          
00001ed0  esmEnableInterrupt                  
00001ef8  esmEnableInterruptUpper             
00001f14  esmDisableInterrupt                 
00001f3c  esmDisableInterruptUpper            
00001f58  esmSetInterruptLevel                
00001fcc  esmSetInterruptLevelUpper           
0000200c  esmClearStatus                      
0000204c  esmClearStatusUpper                 
00002070  esmClearStatusBuffer                
0000208c  esmSetCounterPreloadValue           
000020ac  esmGetStatus                        
00002130  esmGetStatusUpper                   
00002178  esmGetStatusBuffer                  
000021a0  esmEnterSelfTest                    
00002228  esmSelfTestStatus                   
00002278  esmGetConfigValue                   
0000243c  _errata_SSWF021_45_both_plls        
00002630  _errata_SSWF021_45_pll1             
000027a8  _errata_SSWF021_45_pll2             
00002aa0  gioInit                             
00002b70  gioSetDirection                     
00002b90  gioSetBit                           
00002be0  gioSetPort                          
00002c00  gioGetBit                           
00002c28  gioGetPort                          
00002c40  gioToggleBit                        
00002c98  gioEnableNotification               
00002d00  gioDisableNotification              
00002d68  gioGetConfigValue                   
00002f24  _coreInitRegisters_                 
00003030  _coreInitStackPointer_              
0000307c  _getCPSRValue_                      
00003084  _gotoCPUIdle_                       
0000309c  _coreEnableVfp_                     
000030b4  _coreEnableEventBusExport_          
000030c4  _coreDisableEventBusExport_         
000030d4  _coreEnableIrqVicOffset_            
000030e4  _coreGetDataFault_                  
000030ec  _coreClearDataFault_                
000030f8  _coreGetInstructionFault_           
00003100  _coreClearInstructionFault_         
0000310c  _coreGetDataFaultAddress_           
00003114  _coreClearDataFaultAddress_         
00003120  _coreGetInstructionFaultAddress_    
00003128  _coreClearInstructionFaultAddress_  
00003134  _coreGetAuxiliaryDataFault_         
0000313c  _coreClearAuxiliaryDataFault_       
00003148  _coreGetAuxiliaryInstructionFault_  
00003150  _coreClearAuxiliaryInstructionFault_
0000315c  _disable_IRQ_interrupt_             
00003164  _enable_IRQ_interrupt_              
0000316c  _enable_interrupt_                  
00003174  _esmCcmErrorsClear_                 
000031fc  _memInit_                           
00003230  _checkMemInitOn_                    
00003250  _cacheEnable_                       
00003294  _cacheDisable_                      
000032b8  _dCacheInvalidate_                  
000032cc  _iCacheInvalidate_                  
000032e0  __TI_PINIT_Base                     
000032e4  __TI_PINIT_Limit                    
000032e8  _mpuInit_                           
000035a0  _mpuEnable_                         
000035b8  _mpuDisable_                        
000035d0  _mpuEnableBackgroundRegion_         
000035e0  _mpuDisableBackgroundRegion_        
000035f0  _mpuGetNumberOfRegions_             
000035fc  _mpuAreRegionsSeparate_             
00003608  _mpuSetRegion_                      
00003610  _mpuGetRegion_                      
00003618  _mpuSetRegionBaseAddress_           
00003620  _mpuGetRegionBaseAddress_           
00003628  _mpuSetRegionTypeAndPermission_     
00003634  _mpuGetRegionType_                  
00003640  _mpuGetRegionPermission_            
0000364c  _mpuSetRegionSizeRegister_          
00003654  vimECCErrorHandler                  
00003990  esmHighInterrupt                    
00003b08  _c_int00                            
00003be0  esmGroup1Notification               
00003bf4  esmGroup2Notification               
00003c08  esmGroup3Notification               
00003c18  dmaGroupANotification               
00003c2c  gioNotification                     
00003c40  epcCAMFullNotification              
00003c44  epcFIFOFullNotification             
00003c54  __TI_auto_init_nobinit_nopinit      
00003cbc  main                                
00003cec  C$$EXIT                             
00003cec  abort                               
00003cf4  handlePLLLockFail                   
00003cf8  phantomInterrupt                    
ffffffff  __TI_pprof_out_hndl                 
ffffffff  __TI_prof_data_size                 
ffffffff  __TI_prof_data_start                
ffffffff  __binit__                           
ffffffff  __c_args__                          
ffffffff  binit                               
UNDEFED   SHT$$INIT_ARRAY$$Base               
UNDEFED   SHT$$INIT_ARRAY$$Limit              
UNDEFED   __TI_CINIT_Base                     
UNDEFED   __TI_CINIT_Limit                    
UNDEFED   __TI_Handler_Table_Base             
UNDEFED   __TI_Handler_Table_Limit            
UNDEFED   _system_post_cinit                  

[131 symbols]
