******************************************************************************
                  TI ARM Linker PC v18.12.3                    
******************************************************************************
>> Linked Sat Nov 23 15:14:21 2019

OUTPUT FILE NAME:   <TVA Interrupt Test.out>
ENTRY POINT SYMBOL: "_c_int00"  address: 000064f8


MEMORY CONFIGURATION

         name            origin    length      used     unused   attr    fill
----------------------  --------  ---------  --------  --------  ----  --------
  VECTORS               00000000   00000020  00000020  00000000     X
  FLASH0                00000020   001fffe0  00007dd5  001f820b  R  X
  FLASH1                00200000   00200000  00000000  00200000  R  X
  STACKS                08000000   00001500  00000000  00001500  RW  
  RAM                   08001500   0007eb00  00000bb4  0007df4c  RW  


SEGMENT ALLOCATION MAP

run origin  load origin   length   init length attrs members
----------  ----------- ---------- ----------- ----- -------
00000000    00000000    00007a64   00007a64    r-x
  00000000    00000000    00000020   00000020    r-x .intvecs
  00000020    00000020    00007a44   00007a44    r-x .text
00007a80    00007a80    00000301   00000301    r--
  00007a80    00007a80    00000301   00000301    r-- .const
00007da0    00007da0    00000090   00000090    r--
  00007da0    00007da0    00000090   00000090    r-- .cinit
08001500    08001500    00000bb4   00000000    rw-
  08001500    08001500    00000800   00000000    rw- .sysmem
  08001d00    08001d00    000001ec   00000000    rw- .data
  08001eec    08001eec    000001c8   00000000    rw- .bss


SECTION ALLOCATION MAP

 output                                  attributes/
section   page    origin      length       input sections
--------  ----  ----------  ----------   ----------------
.intvecs   0    00000000    00000020     
                  00000000    00000020     HL_sys_intvecs.obj (.intvecs)

.text      0    00000020    00007a44     
                  00000020    00000fac     rtsv7R4_A_le_v3D16_eabi.lib : _printfi.c.obj (.text:__TI_printfi)
                  00000fcc    000009c0     HL_pinmux.obj (.text)
                  0000198c    00000998     HL_system.obj (.text)
                  00002324    00000938     HL_sys_vim.obj (.text)
                  00002c5c    0000078c     HL_esm.obj (.text)
                  000033e8    0000069c     HL_rti.obj (.text)
                  00003a84    00000664     HL_errata_SSWF021_45.obj (.text)
                  000040e8    000003c4     HL_sys_core.obj (.text)
                  000044ac    0000036c     HL_sys_mpu.obj (.text)
                  00004818    0000033c     HL_sys_vim.obj (.text:retain)
                  00004b54    00000310     HL_sys_main.obj (.text)
                  00004e64    000002dc     rtsv7R4_A_le_v3D16_eabi.lib : _printfi.c.obj (.text:_pconv_a)
                  00005140    000002b8                                 : ull_div32.asm.obj (.text)
                  000053f8    00000248                                 : _printfi.c.obj (.text:_pconv_g)
                  00005640    000001a4                                 : fputs.c.obj (.text:fputs)
                  000057e4    00000180                                 : memory.c.obj (.text:aligned_alloc)
                  00005964    00000180                                 : memcpy32.asm.obj (.text)
                  00005ae4    00000178                                 : memory.c.obj (.text:free)
                  00005c5c    00000178     HL_esm.obj (.text:retain)
                  00005dd4    0000015c     rtsv7R4_A_le_v3D16_eabi.lib : _printfi.c.obj (.text:_pconv_e)
                  00005f30    00000158                                 : setvbuf.c.obj (.text:setvbuf)
                  00006088    00000144                                 : _printfi.c.obj (.text:fcvt)
                  000061cc    0000011c                                 : s_scalbn.c.obj (.text:scalbn)
                  000062e8    0000010d                                 : _printfi.c.obj (.text:_ltostr)
                  000063f5    00000003     --HOLE-- [fill = 0]
                  000063f8    00000100                                 : fputc.c.obj (.text:fputc)
                  000064f8    000000d8     HL_sys_startup.obj (.text:retain)
                  000065d0    000000c8     rtsv7R4_A_le_v3D16_eabi.lib : _printfi.c.obj (.text:_mcpy)
                  00006698    000000b8                                 : fclose.c.obj (.text:__TI_closefile)
                  00006750    000000b8                                 : memory.c.obj (.text:split)
                  00006808    000000b0                                 : memset32.asm.obj (.text)
                  000068b8    000000ac                                 : hostlseek.c.obj (.text:HOSTlseek)
                  00006964    000000a8                                 : fseek.c.obj (.text:fseek)
                  00006a0c    000000a4                                 : hostrename.c.obj (.text:HOSTrename)
                  00006ab0    000000a0                                 : _io_perm.c.obj (.text:__TI_wrt_ok)
                  00006b50    0000009c                                 : printf.c.obj (.text:printf)
                  00006bec    00000098                                 : hostopen.c.obj (.text:HOSTopen)
                  00006c84    00000098                                 : close.c.obj (.text:close)
                  00006d1c    00000094                                 : _printfi.c.obj (.text:_ecpy)
                  00006db0    00000090                                 : hostread.c.obj (.text:HOSTread)
                  00006e40    00000090                                 : hostwrite.c.obj (.text:HOSTwrite)
                  00006ed0    00000090                                 : copy_decompress_lzss.c.obj (.text:decompress:lzss:__TI_decompress_lzss)
                  00006f60    0000008c                                 : s_frexp.c.obj (.text:frexp)
                  00006fec    00000084                                 : fflush.c.obj (.text:__TI_doflush)
                  00007070    00000084                                 : atoi.c.obj (.text:atoi)
                  000070f4    00000080                                 : ltoa.c.obj (.text:ltoa)
                  00007174    0000007c                                 : exit.c.obj (.text:exit)
                  000071f0    00000074     HL_notification.obj (.text)
                  00007264    00000074     rtsv7R4_A_le_v3D16_eabi.lib : hostclose.c.obj (.text:HOSTclose)
                  000072d8    00000074                                 : _printfi.c.obj (.text:_pconv_f)
                  0000734c    00000070                                 : hostunlink.c.obj (.text:HOSTunlink)
                  000073bc    0000006c                                 : getdevice.c.obj (.text:getdevice)
                  00007428    00000068                                 : autoinit.c.obj (.text:__TI_auto_init_nobinit_nopinit:__TI_auto_init_nobinit_nopinit)
                  00007490    00000064                                 : _printfi.c.obj (.text:_fcpy)
                  000074f4    00000054                                 : fopen.c.obj (.text:__TI_cleanup)
                  00007548    00000054                                 : trgmsg.c.obj (.text:__TI_readmsg)
                  0000759c    00000054                                 : trgmsg.c.obj (.text:__TI_writemsg)
                  000075f0    00000054                                 : getdevice.c.obj (.text:finddevice)
                  00007644    00000054     HL_rti.obj (.text:retain)
                  00007698    00000054     rtsv7R4_A_le_v3D16_eabi.lib : i_div32.asm.obj (.text)
                  000076ec    00000050                                 : u_div32.asm.obj (.text)
                  0000773c    00000048                                 : strncpy.c.obj (.text:strncpy)
                  00007784    00000048                                 : unlink.c.obj (.text:unlink)
                  000077cc    00000044                                 : lseek.c.obj (.text:lseek)
                  00007810    00000044                                 : write.c.obj (.text:write)
                  00007854    00000040                                 : memory.c.obj (.text:free_list_insert)
                  00007894    00000030                                 : memory.c.obj (.text:free_list_remove)
                  000078c4    0000002c                                 : memccpy.c.obj (.text:memccpy)
                  000078f0    0000002c                                 : memchr.c.obj (.text:memchr)
                  0000791c    00000028                                 : s_copysign.c.obj (.text:copysign)
                  00007944    00000028                                 : copy_zero_init.c.obj (.text:decompress:ZI:__TI_zero_init_nomemset:__TI_zero_init_nomemset)
                  0000796c    00000028                                 : strchr.c.obj (.text:strchr)
                  00007994    00000028                                 : strcmp.c.obj (.text:strcmp)
                  000079bc    00000024                                 : wcslen.c.obj (.text:wcslen)
                  000079e0    00000020                                 : strlen.c.obj (.text:strlen)
                  00007a00    00000018                                 : strcpy.c.obj (.text:strcpy)
                  00007a18    00000014                                 : copy_decompress_none.c.obj (.text:decompress:none:__TI_decompress_none)
                  00007a2c    0000000c                                 : errno.c.obj (.text:__aeabi_errno_addr)
                  00007a38    0000000c                                 : memory.c.obj (.text:malloc)
                  00007a44    00000008                                 : exit.c.obj (.text:abort:abort)
                  00007a4c    00000004     HL_sys_startup.obj (.text)
                  00007a50    00000004     rtsv7R4_A_le_v3D16_eabi.lib : _lock.c.obj (.text:_nop)
                  00007a54    00000004                                 : printf.c.obj (.text:_outc)
                  00007a58    00000004                                 : printf.c.obj (.text:_outs)
                  00007a5c    00000004     HL_sys_phantom.obj (.text:retain)
                  00007a60    00000004     rtsv7R4_A_le_v3D16_eabi.lib : div0.asm.obj (.text)

.const     0    00007a80    00000301     
                  00007a80    00000200     HL_sys_vim.obj (.const:s_vim_init)
                  00007c80    00000101     rtsv7R4_A_le_v3D16_eabi.lib : ctype.c.obj (.const:.string:_ctypes_)

.cinit     0    00007da0    00000090     
                  00007da0    0000006a     (.cinit..data.load) [load image, compression = lzss]
                  00007e0a    00000002     --HOLE-- [fill = 0]
                  00007e0c    0000000c     (__TI_handler_table)
                  00007e18    00000008     (.cinit..bss.load) [load image, compression = zero_init]
                  00007e20    00000010     (__TI_cinit_table)

.sysmem    0    08001500    00000800     UNINITIALIZED
                  08001500    00000010     rtsv7R4_A_le_v3D16_eabi.lib : memory.c.obj (.sysmem)
                  08001510    000007f0     --HOLE--

.data      0    08001d00    000001ec     UNINITIALIZED
                  08001d00    000000f0     rtsv7R4_A_le_v3D16_eabi.lib : defs.c.obj (.data:_ftable)
                  08001df0    00000078                                 : host_device.c.obj (.data:_device)
                  08001e68    00000050                                 : host_device.c.obj (.data:_stream)
                  08001eb8    00000010                                 : defs.c.obj (.data)
                  08001ec8    0000000c                                 : exit.c.obj (.data:$O1$$)
                  08001ed4    00000008                                 : _lock.c.obj (.data:$O1$$)
                  08001edc    00000008                                 : memory.c.obj (.data:$O1$$)
                  08001ee4    00000004     HL_sys_main.obj (.data)
                  08001ee8    00000004     rtsv7R4_A_le_v3D16_eabi.lib : errno.c.obj (.data)

.bss       0    08001eec    000001c8     UNINITIALIZED
                  08001eec    00000120     rtsv7R4_A_le_v3D16_eabi.lib : trgmsg.c.obj (.bss:_CIOBUF_)
                  0800200c    000000a0     (.common:__TI_tmpnams)
                  080020ac    00000008     (.common:parmbuf)

MODULE SUMMARY

       Module                       code    ro data   rw data
       ------                       ----    -------   -------
    .\source\
       HL_sys_vim.obj               3188    512       0      
       HL_pinmux.obj                2496    0         0      
       HL_system.obj                2456    0         0      
       HL_esm.obj                   2308    0         0      
       HL_rti.obj                   1776    0         0      
       HL_errata_SSWF021_45.obj     1636    0         0      
       HL_sys_core.obj              964     0         0      
       HL_sys_mpu.obj               876     0         0      
       HL_sys_main.obj              784     0         4      
       HL_sys_startup.obj           220     0         0      
       HL_notification.obj          116     0         0      
       HL_sys_intvecs.obj           32      0         0      
       HL_sys_phantom.obj           4       0         0      
    +--+----------------------------+-------+---------+---------+
       Total:                       16856   512       4      
                                                             
    C:\ti\ccs910\ccs\tools\compiler\ti-cgt-arm_18.12.3.LTS\lib\rtsv7R4_A_le_v3D16_eabi.lib
       _printfi.c.obj               6833    0         0      
       memory.c.obj                 1068    0         8      
       ull_div32.asm.obj            696     0         0      
       trgmsg.c.obj                 168     0         288    
       fputs.c.obj                  420     0         0      
       defs.c.obj                   0       0         416    
       memcpy32.asm.obj             384     0         0      
       setvbuf.c.obj                344     0         0      
       s_scalbn.c.obj               284     0         0      
       ctype.c.obj                  0       257       0      
       fputc.c.obj                  256     0         0      
       host_device.c.obj            0       0         200    
       getdevice.c.obj              192     0         0      
       fclose.c.obj                 184     0         0      
       memset32.asm.obj             176     0         0      
       hostlseek.c.obj              172     0         0      
       fseek.c.obj                  168     0         0      
       hostrename.c.obj             164     0         0      
       printf.c.obj                 164     0         0      
       _io_perm.c.obj               160     0         0      
       hostopen.c.obj               152     0         8      
       close.c.obj                  152     0         0      
       copy_decompress_lzss.c.obj   144     0         0      
       exit.c.obj                   132     0         12     
       hostread.c.obj               144     0         0      
       hostwrite.c.obj              144     0         0      
       s_frexp.c.obj                140     0         0      
       atoi.c.obj                   132     0         0      
       fflush.c.obj                 132     0         0      
       ltoa.c.obj                   128     0         0      
       hostclose.c.obj              116     0         0      
       hostunlink.c.obj             112     0         0      
       autoinit.c.obj               104     0         0      
       fopen.c.obj                  84      0         0      
       i_div32.asm.obj              84      0         0      
       u_div32.asm.obj              80      0         0      
       strncpy.c.obj                72      0         0      
       unlink.c.obj                 72      0         0      
       lseek.c.obj                  68      0         0      
       write.c.obj                  68      0         0      
       memccpy.c.obj                44      0         0      
       memchr.c.obj                 44      0         0      
       copy_zero_init.c.obj         40      0         0      
       s_copysign.c.obj             40      0         0      
       strchr.c.obj                 40      0         0      
       strcmp.c.obj                 40      0         0      
       wcslen.c.obj                 36      0         0      
       strlen.c.obj                 32      0         0      
       strcpy.c.obj                 24      0         0      
       copy_decompress_none.c.obj   20      0         0      
       errno.c.obj                  12      0         4      
       _lock.c.obj                  4       0         8      
       div0.asm.obj                 4       0         0      
    +--+----------------------------+-------+---------+---------+
       Total:                       14473   257       944    
                                                             
       Heap:                        0       0         2048   
       Linker Generated:            0       142       0      
    +--+----------------------------+-------+---------+---------+
       Grand Total:                 31329   911       2996   


LINKER GENERATED COPY TABLES

__TI_cinit_table @ 00007e20 records: 2, size/record: 8, table size: 16
	.data: load addr=00007da0, load size=0000006a bytes, run addr=08001d00, run size=000001ec bytes, compression=lzss
	.bss: load addr=00007e18, load size=00000008 bytes, run addr=08001eec, run size=000001c8 bytes, compression=zero_init


LINKER GENERATED HANDLER TABLE

__TI_handler_table @ 00007e0c records: 3, size/record: 4, table size: 12
	index: 0, handler: __TI_zero_init
	index: 1, handler: __TI_decompress_lzss
	index: 2, handler: __TI_decompress_none


GLOBAL SYMBOLS: SORTED ALPHABETICALLY BY Name 

address   name                                
-------   ----                                
00007a44  C$$EXIT                             
000075e4  C$$IO$$                             
00007264  HOSTclose                           
000068b8  HOSTlseek                           
00006bec  HOSTopen                            
00006db0  HOSTread                            
00006a0c  HOSTrename                          
0000734c  HOSTunlink                          
00006e40  HOSTwrite                           
000037b4  IsdwdKeySequenceCorrect             
UNDEFED   SHT$$INIT_ARRAY$$Base               
UNDEFED   SHT$$INIT_ARRAY$$Limit              
00004c64  TVA                                 
08001eec  __CIOBUF_                           
00000800  __SYSMEM_SIZE                       
00007e20  __TI_CINIT_Base                     
00007e30  __TI_CINIT_Limit                    
00007e0c  __TI_Handler_Table_Base             
00007e18  __TI_Handler_Table_Limit            
000044a4  __TI_PINIT_Base                     
000044a8  __TI_PINIT_Limit                    
00007428  __TI_auto_init_nobinit_nopinit      
000074f4  __TI_cleanup                        
08001ec8  __TI_cleanup_ptr                    
00006698  __TI_closefile                      
00006ed0  __TI_decompress_lzss                
00007a18  __TI_decompress_none                
00006fec  __TI_doflush                        
08001ecc  __TI_dtors_ptr                      
08001ed0  __TI_enable_exit_profile_output     
08001eb8  __TI_ft_end                         
ffffffff  __TI_pprof_out_hndl                 
00000020  __TI_printfi                        
ffffffff  __TI_prof_data_size                 
ffffffff  __TI_prof_data_start                
00007548  __TI_readmsg                        
00000000  __TI_static_base__                  
0800200c  __TI_tmpnams                        
0000759c  __TI_writemsg                       
00006ab0  __TI_wrt_ok                         
00007944  __TI_zero_init_nomemset             
00007a2c  __aeabi_errno_addr                  
00007698  __aeabi_idiv                        
00007a60  __aeabi_idiv0                       
00007698  __aeabi_idivmod                     
00007a60  __aeabi_ldiv0                       
00006808  __aeabi_memclr                      
00006808  __aeabi_memclr4                     
00006808  __aeabi_memclr8                     
00005964  __aeabi_memcpy                      
00005964  __aeabi_memcpy4                     
00005964  __aeabi_memcpy8                     
0000680c  __aeabi_memset                      
0000680c  __aeabi_memset4                     
0000680c  __aeabi_memset8                     
08001ec4  __aeabi_stderr                      
08001ebc  __aeabi_stdin                       
08001ec0  __aeabi_stdout                      
000076ec  __aeabi_uidiv                       
000076ec  __aeabi_uidivmod                    
00005140  __aeabi_uldivmod                    
ffffffff  __binit__                           
ffffffff  __c_args__                          
000064f8  _c_int00                            
00004458  _cacheDisable_                      
00004414  _cacheEnable_                       
000043f4  _checkMemInitOn_                    
00004300  _coreClearAuxiliaryDataFault_       
00004314  _coreClearAuxiliaryInstructionFault_
000042d8  _coreClearDataFaultAddress_         
000042b0  _coreClearDataFault_                
000042ec  _coreClearInstructionFaultAddress_  
000042c4  _coreClearInstructionFault_         
00004288  _coreDisableEventBusExport_         
00004278  _coreEnableEventBusExport_          
00004298  _coreEnableIrqVicOffset_            
00004260  _coreEnableVfp_                     
000042f8  _coreGetAuxiliaryDataFault_         
0000430c  _coreGetAuxiliaryInstructionFault_  
000042d0  _coreGetDataFaultAddress_           
000042a8  _coreGetDataFault_                  
000042e4  _coreGetInstructionFaultAddress_    
000042bc  _coreGetInstructionFault_           
000040e8  _coreInitRegisters_                 
000041f4  _coreInitStackPointer_              
00007c80  _ctypes_                            
0000447c  _dCacheInvalidate_                  
08001df0  _device                             
00004320  _disable_IRQ_interrupt_             
00004328  _enable_IRQ_interrupt_              
00004330  _enable_interrupt_                  
00003a84  _errata_SSWF021_45_both_plls        
00003c78  _errata_SSWF021_45_pll1             
00003df0  _errata_SSWF021_45_pll2             
00004338  _esmCcmErrorsClear_                 
08001d00  _ftable                             
00004240  _getCPSRValue_                      
00004248  _gotoCPUIdle_                       
00004490  _iCacheInvalidate_                  
08001ed4  _lock                               
000043c0  _memInit_                           
000047c0  _mpuAreRegionsSeparate_             
000047a4  _mpuDisableBackgroundRegion_        
0000477c  _mpuDisable_                        
00004794  _mpuEnableBackgroundRegion_         
00004764  _mpuEnable_                         
000047b4  _mpuGetNumberOfRegions_             
000047e4  _mpuGetRegionBaseAddress_           
00004804  _mpuGetRegionPermission_            
000047f8  _mpuGetRegionType_                  
000047d4  _mpuGetRegion_                      
000044ac  _mpuInit_                           
000047dc  _mpuSetRegionBaseAddress_           
00004810  _mpuSetRegionSizeRegister_          
000047ec  _mpuSetRegionTypeAndPermission_     
000047cc  _mpuSetRegion_                      
00007a50  _nop                                
08001e68  _stream                             
08001500  _sys_memory                         
UNDEFED   _system_post_cinit                  
08001ed8  _unlock                             
00007a44  abort                               
000057e4  aligned_alloc                       
00007070  atoi                                
ffffffff  binit                               
00006c84  close                               
0000791c  copysign                            
0000791c  copysignl                           
0000227c  customTrimLPO                       
00007228  dmaGroupANotification               
00003824  dwdClearFlag                        
00003728  dwdCounterEnable                    
0000378c  dwdGenerateSysReset                 
000037ec  dwdGetStatus                        
00003840  dwdGetViolationStatus               
00003698  dwdInit                             
00003764  dwdReset                            
00003744  dwdSetPreload                       
00003710  dwwdGetCurrentDownCounter           
000036c4  dwwdInit                            
00007250  epcCAMFullNotification              
00007254  epcFIFOFullNotification             
08001ee8  errno                               
00002e6c  esmActivateNormalOperation          
00002fb8  esmClearStatus                      
0000301c  esmClearStatusBuffer                
00002ff8  esmClearStatusUpper                 
00002e18  esmDisableError                     
00002e40  esmDisableErrorUpper                
00002ec0  esmDisableInterrupt                 
00002ee8  esmDisableInterruptUpper            
00002dd4  esmEnableError                      
00002dfc  esmEnableErrorUpper                 
00002e7c  esmEnableInterrupt                  
00002ea4  esmEnableInterruptUpper             
0000314c  esmEnterSelfTest                    
00002db8  esmError                            
00003224  esmGetConfigValue                   
00003058  esmGetStatus                        
00003124  esmGetStatusBuffer                  
000030dc  esmGetStatusUpper                   
000071f0  esmGroup1Notification               
00007204  esmGroup2Notification               
00007218  esmGroup3Notification               
00005c5c  esmHighInterrupt                    
00002c5c  esmInit                             
000031d4  esmSelfTestStatus                   
00003038  esmSetCounterPreloadValue           
00002f04  esmSetInterruptLevel                
00002f78  esmSetInterruptLevelUpper           
00002e5c  esmTriggerErrorPinReset             
00007174  exit                                
000075f0  finddevice                          
000063f8  fputc                               
00005640  fputs                               
00005ae4  free                                
00006f60  frexp                               
00006f60  frexpl                              
00006964  fseek                               
00001d24  getResetSource                      
000073bc  getdevice                           
00007a4c  handlePLLLockFail                   
08001ee4  i                                   
000061cc  ldexp                               
000061cc  ldexpl                              
000077cc  lseek                               
000070f4  ltoa                                
00004b54  main                                
00007a38  malloc                              
00001b54  mapClocks                           
000057e4  memalign                            
000078c4  memccpy                             
000078f0  memchr                              
00005964  memcpy                              
00006818  memset                              
00000fcc  muxInit                             
080020ac  parmbuf                             
00001aa0  periphInit                          
00007a5c  phantomInterrupt                    
00006b50  printf                              
000063f8  putc                                
00007784  remove                              
00000000  resetEntry                          
00007644  rtiCompare0Interrupt                
000038f8  rtiDisableNotification              
000038cc  rtiEnableNotification               
00003918  rtiGetConfigValue                   
00003600  rtiGetCurrentTick                   
000035d4  rtiGetPeriod                        
000033e8  rtiInit                             
00004b7c  rtiNotification                     
0000353c  rtiResetCounter                     
000035a8  rtiSetPeriod                        
000034dc  rtiStartCounter                     
0000350c  rtiStopCounter                      
000061cc  scalbn                              
000061cc  scalbnl                             
00001a60  setupFlash                          
0000198c  setupPLL                            
00005f30  setvbuf                             
0000796c  strchr                              
00007994  strcmp                              
00007a00  strcpy                              
000079e0  strlen                              
0000773c  strncpy                             
00001e4c  systemGetConfigValue                
00001c80  systemInit                          
00001cf4  systemPowerDown                     
000019ec  trimLPO                             
00007784  unlink                              
000023f8  vimChannelMap                       
00002664  vimDisableInterrupt                 
00004818  vimECCErrorHandler                  
0000249c  vimEnableInterrupt                  
00002710  vimGetConfigValue                   
00002324  vimInit                             
000079bc  wcslen                              
00007810  write                               


GLOBAL SYMBOLS: SORTED BY Symbol Address 

address   name                                
-------   ----                                
00000000  __TI_static_base__                  
00000000  resetEntry                          
00000020  __TI_printfi                        
00000800  __SYSMEM_SIZE                       
00000fcc  muxInit                             
0000198c  setupPLL                            
000019ec  trimLPO                             
00001a60  setupFlash                          
00001aa0  periphInit                          
00001b54  mapClocks                           
00001c80  systemInit                          
00001cf4  systemPowerDown                     
00001d24  getResetSource                      
00001e4c  systemGetConfigValue                
0000227c  customTrimLPO                       
00002324  vimInit                             
000023f8  vimChannelMap                       
0000249c  vimEnableInterrupt                  
00002664  vimDisableInterrupt                 
00002710  vimGetConfigValue                   
00002c5c  esmInit                             
00002db8  esmError                            
00002dd4  esmEnableError                      
00002dfc  esmEnableErrorUpper                 
00002e18  esmDisableError                     
00002e40  esmDisableErrorUpper                
00002e5c  esmTriggerErrorPinReset             
00002e6c  esmActivateNormalOperation          
00002e7c  esmEnableInterrupt                  
00002ea4  esmEnableInterruptUpper             
00002ec0  esmDisableInterrupt                 
00002ee8  esmDisableInterruptUpper            
00002f04  esmSetInterruptLevel                
00002f78  esmSetInterruptLevelUpper           
00002fb8  esmClearStatus                      
00002ff8  esmClearStatusUpper                 
0000301c  esmClearStatusBuffer                
00003038  esmSetCounterPreloadValue           
00003058  esmGetStatus                        
000030dc  esmGetStatusUpper                   
00003124  esmGetStatusBuffer                  
0000314c  esmEnterSelfTest                    
000031d4  esmSelfTestStatus                   
00003224  esmGetConfigValue                   
000033e8  rtiInit                             
000034dc  rtiStartCounter                     
0000350c  rtiStopCounter                      
0000353c  rtiResetCounter                     
000035a8  rtiSetPeriod                        
000035d4  rtiGetPeriod                        
00003600  rtiGetCurrentTick                   
00003698  dwdInit                             
000036c4  dwwdInit                            
00003710  dwwdGetCurrentDownCounter           
00003728  dwdCounterEnable                    
00003744  dwdSetPreload                       
00003764  dwdReset                            
0000378c  dwdGenerateSysReset                 
000037b4  IsdwdKeySequenceCorrect             
000037ec  dwdGetStatus                        
00003824  dwdClearFlag                        
00003840  dwdGetViolationStatus               
000038cc  rtiEnableNotification               
000038f8  rtiDisableNotification              
00003918  rtiGetConfigValue                   
00003a84  _errata_SSWF021_45_both_plls        
00003c78  _errata_SSWF021_45_pll1             
00003df0  _errata_SSWF021_45_pll2             
000040e8  _coreInitRegisters_                 
000041f4  _coreInitStackPointer_              
00004240  _getCPSRValue_                      
00004248  _gotoCPUIdle_                       
00004260  _coreEnableVfp_                     
00004278  _coreEnableEventBusExport_          
00004288  _coreDisableEventBusExport_         
00004298  _coreEnableIrqVicOffset_            
000042a8  _coreGetDataFault_                  
000042b0  _coreClearDataFault_                
000042bc  _coreGetInstructionFault_           
000042c4  _coreClearInstructionFault_         
000042d0  _coreGetDataFaultAddress_           
000042d8  _coreClearDataFaultAddress_         
000042e4  _coreGetInstructionFaultAddress_    
000042ec  _coreClearInstructionFaultAddress_  
000042f8  _coreGetAuxiliaryDataFault_         
00004300  _coreClearAuxiliaryDataFault_       
0000430c  _coreGetAuxiliaryInstructionFault_  
00004314  _coreClearAuxiliaryInstructionFault_
00004320  _disable_IRQ_interrupt_             
00004328  _enable_IRQ_interrupt_              
00004330  _enable_interrupt_                  
00004338  _esmCcmErrorsClear_                 
000043c0  _memInit_                           
000043f4  _checkMemInitOn_                    
00004414  _cacheEnable_                       
00004458  _cacheDisable_                      
0000447c  _dCacheInvalidate_                  
00004490  _iCacheInvalidate_                  
000044a4  __TI_PINIT_Base                     
000044a8  __TI_PINIT_Limit                    
000044ac  _mpuInit_                           
00004764  _mpuEnable_                         
0000477c  _mpuDisable_                        
00004794  _mpuEnableBackgroundRegion_         
000047a4  _mpuDisableBackgroundRegion_        
000047b4  _mpuGetNumberOfRegions_             
000047c0  _mpuAreRegionsSeparate_             
000047cc  _mpuSetRegion_                      
000047d4  _mpuGetRegion_                      
000047dc  _mpuSetRegionBaseAddress_           
000047e4  _mpuGetRegionBaseAddress_           
000047ec  _mpuSetRegionTypeAndPermission_     
000047f8  _mpuGetRegionType_                  
00004804  _mpuGetRegionPermission_            
00004810  _mpuSetRegionSizeRegister_          
00004818  vimECCErrorHandler                  
00004b54  main                                
00004b7c  rtiNotification                     
00004c64  TVA                                 
00005140  __aeabi_uldivmod                    
00005640  fputs                               
000057e4  aligned_alloc                       
000057e4  memalign                            
00005964  __aeabi_memcpy                      
00005964  __aeabi_memcpy4                     
00005964  __aeabi_memcpy8                     
00005964  memcpy                              
00005ae4  free                                
00005c5c  esmHighInterrupt                    
00005f30  setvbuf                             
000061cc  ldexp                               
000061cc  ldexpl                              
000061cc  scalbn                              
000061cc  scalbnl                             
000063f8  fputc                               
000063f8  putc                                
000064f8  _c_int00                            
00006698  __TI_closefile                      
00006808  __aeabi_memclr                      
00006808  __aeabi_memclr4                     
00006808  __aeabi_memclr8                     
0000680c  __aeabi_memset                      
0000680c  __aeabi_memset4                     
0000680c  __aeabi_memset8                     
00006818  memset                              
000068b8  HOSTlseek                           
00006964  fseek                               
00006a0c  HOSTrename                          
00006ab0  __TI_wrt_ok                         
00006b50  printf                              
00006bec  HOSTopen                            
00006c84  close                               
00006db0  HOSTread                            
00006e40  HOSTwrite                           
00006ed0  __TI_decompress_lzss                
00006f60  frexp                               
00006f60  frexpl                              
00006fec  __TI_doflush                        
00007070  atoi                                
000070f4  ltoa                                
00007174  exit                                
000071f0  esmGroup1Notification               
00007204  esmGroup2Notification               
00007218  esmGroup3Notification               
00007228  dmaGroupANotification               
00007250  epcCAMFullNotification              
00007254  epcFIFOFullNotification             
00007264  HOSTclose                           
0000734c  HOSTunlink                          
000073bc  getdevice                           
00007428  __TI_auto_init_nobinit_nopinit      
000074f4  __TI_cleanup                        
00007548  __TI_readmsg                        
0000759c  __TI_writemsg                       
000075e4  C$$IO$$                             
000075f0  finddevice                          
00007644  rtiCompare0Interrupt                
00007698  __aeabi_idiv                        
00007698  __aeabi_idivmod                     
000076ec  __aeabi_uidiv                       
000076ec  __aeabi_uidivmod                    
0000773c  strncpy                             
00007784  remove                              
00007784  unlink                              
000077cc  lseek                               
00007810  write                               
000078c4  memccpy                             
000078f0  memchr                              
0000791c  copysign                            
0000791c  copysignl                           
00007944  __TI_zero_init_nomemset             
0000796c  strchr                              
00007994  strcmp                              
000079bc  wcslen                              
000079e0  strlen                              
00007a00  strcpy                              
00007a18  __TI_decompress_none                
00007a2c  __aeabi_errno_addr                  
00007a38  malloc                              
00007a44  C$$EXIT                             
00007a44  abort                               
00007a4c  handlePLLLockFail                   
00007a50  _nop                                
00007a5c  phantomInterrupt                    
00007a60  __aeabi_idiv0                       
00007a60  __aeabi_ldiv0                       
00007c80  _ctypes_                            
00007e0c  __TI_Handler_Table_Base             
00007e18  __TI_Handler_Table_Limit            
00007e20  __TI_CINIT_Base                     
00007e30  __TI_CINIT_Limit                    
08001500  _sys_memory                         
08001d00  _ftable                             
08001df0  _device                             
08001e68  _stream                             
08001eb8  __TI_ft_end                         
08001ebc  __aeabi_stdin                       
08001ec0  __aeabi_stdout                      
08001ec4  __aeabi_stderr                      
08001ec8  __TI_cleanup_ptr                    
08001ecc  __TI_dtors_ptr                      
08001ed0  __TI_enable_exit_profile_output     
08001ed4  _lock                               
08001ed8  _unlock                             
08001ee4  i                                   
08001ee8  errno                               
08001eec  __CIOBUF_                           
0800200c  __TI_tmpnams                        
080020ac  parmbuf                             
ffffffff  __TI_pprof_out_hndl                 
ffffffff  __TI_prof_data_size                 
ffffffff  __TI_prof_data_start                
ffffffff  __binit__                           
ffffffff  __c_args__                          
ffffffff  binit                               
UNDEFED   SHT$$INIT_ARRAY$$Base               
UNDEFED   SHT$$INIT_ARRAY$$Limit              
UNDEFED   _system_post_cinit                  

[238 symbols]
