******************************************************************************
                  MSP430 Linker PC v18.1.3                     
******************************************************************************
>> Linked Sat Jun  8 04:30:02 2019

OUTPUT FILE NAME:   <test_DIM.out>
ENTRY POINT SYMBOL: "_c_int00_noargs"  address: 0000c8e4


MEMORY CONFIGURATION

         name            origin    length      used     unused   attr    fill
----------------------  --------  ---------  --------  --------  ----  --------
  SFR                   00000000   00000010  00000000  00000010  RWIX
  PERIPHERALS_8BIT      00000010   000000f0  00000000  000000f0  RWIX
  PERIPHERALS_16BIT     00000100   00000100  00000000  00000100  RWIX
  RAM                   00000200   00000200  00000090  00000170  RWIX
  INFOD                 00001000   00000040  00000000  00000040  RWIX
  INFOC                 00001040   00000040  00000000  00000040  RWIX
  INFOB                 00001080   00000040  00000000  00000040  RWIX
  INFOA                 000010c0   00000040  00000000  00000040  RWIX
  FLASH                 0000c000   00003fde  00000a0c  000035d2  RWIX
  BSLSIGNATURE          0000ffde   00000002  00000002  00000000  RWIX  ffff 
  INT00                 0000ffe0   00000002  00000002  00000000  RWIX
  INT01                 0000ffe2   00000002  00000000  00000002  RWIX
  INT02                 0000ffe4   00000002  00000002  00000000  RWIX
  INT03                 0000ffe6   00000002  00000002  00000000  RWIX
  INT04                 0000ffe8   00000002  00000000  00000002  RWIX
  INT05                 0000ffea   00000002  00000002  00000000  RWIX
  INT06                 0000ffec   00000002  00000002  00000000  RWIX
  INT07                 0000ffee   00000002  00000002  00000000  RWIX
  INT08                 0000fff0   00000002  00000002  00000000  RWIX
  INT09                 0000fff2   00000002  00000002  00000000  RWIX
  INT10                 0000fff4   00000002  00000002  00000000  RWIX
  INT11                 0000fff6   00000002  00000002  00000000  RWIX
  INT12                 0000fff8   00000002  00000002  00000000  RWIX
  INT13                 0000fffa   00000002  00000002  00000000  RWIX
  INT14                 0000fffc   00000002  00000002  00000000  RWIX
  RESET                 0000fffe   00000002  00000002  00000000  RWIX


SECTION ALLOCATION MAP

 output                                  attributes/
section   page    origin      length       input sections
--------  ----  ----------  ----------   ----------------
.bss       0    00000200    0000003a     UNINITIALIZED
                  00000200    0000000e     (.common:can_rx)
                  0000020e    0000000e     (.common:can_tx)
                  0000021c    0000000a     (.common:CAN_Data)
                  00000226    00000008     (.common:adc)
                  0000022e    00000002     (.common:acc1Input)
                  00000230    00000002     (.common:acc2Input)
                  00000232    00000002     (.common:brakeInput)
                  00000234    00000002     (.common:steeringInput)
                  00000236    00000001     (.common:brake)
                  00000237    00000001     (.common:steering)
                  00000238    00000001     (.common:throttle)
                  00000239    00000001     (.common:throttle2)

.data      0    0000023a    00000006     UNINITIALIZED
                  0000023a    00000006     main.obj (.data)

.stack     0    000003b0    00000050     UNINITIALIZED
                  000003b0    00000002     rts430_eabi.lib : boot.c.obj (.stack)
                  000003b2    0000004e     --HOLE--

.text      0    0000c000    000009dc     
                  0000c000    00000202     main.obj (.text:main)
                  0000c202    00000178     SPI.obj (.text:MCP2515_spi_test)
                  0000c37a    00000088     SPI.obj (.text:MCP2515_init)
                  0000c402    0000007c     rts430_eabi.lib : copy_decompress_lzss.c.obj (.text:decompress:lzss:__TI_decompress_lzss)
                  0000c47e    0000007c     SPI.obj (.text:write_id_MCP2515)
                  0000c4fa    00000066     SPI.obj (.text:MCP2515_can_tx0)
                  0000c560    0000005e     SPI.obj (.text:read_id_MCP2515)
                  0000c5be    00000058     SPI.obj (.text:init_MCP2515_SPI)
                  0000c616    00000052     SPI.obj (.text:MCP2515_can_rx0)
                  0000c668    0000004c     rts430_eabi.lib : lsr16.asm.obj (.text)
                  0000c6b4    0000004a     main.obj (.text:Port_1)
                  0000c6fe    00000042     rts430_eabi.lib : autoinit.c.obj (.text:__TI_auto_init_nobinit_nopinit:__TI_auto_init_nobinit_nopinit)
                  0000c740    00000038     SPI.obj (.text:write_many_registers_MCP2515)
                  0000c778    00000036     SPI.obj (.text:init_MCP2515_CANVariable)
                  0000c7ae    00000034     SPI.obj (.text:bit_modify_MCP2515)
                  0000c7e2    00000034     ADC.obj (.text:read_ADC)
                  0000c816    0000002c     rts430_eabi.lib : asr16.asm.obj (.text)
                  0000c842    0000002c                     : lsl16.asm.obj (.text)
                  0000c86e    0000002c     SPI.obj (.text:write_MCP2515)
                  0000c89a    0000002a     SPI.obj (.text:read_MCP2515)
                  0000c8c4    00000020     SPI.obj (.text:MCP2515_reset)
                  0000c8e4    0000001c     rts430_eabi.lib : boot.c.obj (.text:_c_int00_noargs)
                  0000c900    00000018     Faults.obj (.text:APPS_Fault)
                  0000c918    00000018     ADC.obj (.text:init_ADC)
                  0000c930    00000014     rts430_eabi.lib : copy_zero_init.c.obj (.text:decompress:ZI:__TI_zero_init_nomemset:__TI_zero_init_nomemset)
                  0000c944    00000014                     : memset.c.obj (.text:memset)
                  0000c958    00000012                     : copy_decompress_none.c.obj (.text:decompress:none:__TI_decompress_none)
                  0000c96a    00000012                     : memcpy.c.obj (.text:memcpy)
                  0000c97c    00000010                     : epilog.asm.obj (.text)
                  0000c98c    00000010     SPI.obj (.text:transmit_MCP2515_SPI)
                  0000c99c    0000000e     SPI.obj (.text:MCP2515_clear_rx0)
                  0000c9aa    0000000c     SPI.obj (.text:MCP2515_int_clear)
                  0000c9b6    0000000a     rts430_eabi.lib : abs.c.obj (.text:abs)
                  0000c9c0    00000008     ADC.obj (.text:ADC10_ISR)
                  0000c9c8    00000008     rts430_eabi.lib : isr_trap.asm.obj (.text:_isr:__TI_ISR_TRAP)
                  0000c9d0    00000006                     : exit.c.obj (.text:abort)
                  0000c9d6    00000004                     : pre_init.c.obj (.text:_system_pre_init)
                  0000c9da    00000002                     : startup.c.obj (.text:_system_post_cinit)

.const     0    0000c9dc    00000016     
                  0000c9dc    00000016     SPI.obj (.const:$P$T0$1)

.cinit     0    0000c9f2    0000001a     
                  0000c9f2    00000007     (.cinit..data.load) [load image, compression = lzss]
                  0000c9f9    00000001     --HOLE-- [fill = 0]
                  0000c9fa    00000006     (__TI_handler_table)
                  0000ca00    00000004     (.cinit..bss.load) [load image, compression = zero_init]
                  0000ca04    00000008     (__TI_cinit_table)

.binit     0    0000c000    00000000     

.init_array 
*          0    0000c000    00000000     UNINITIALIZED

TRAPINT    0    0000ffe0    00000002     
                  0000ffe0    00000002     rts430_eabi.lib : int00.asm.obj (.int00)

PORT1      0    0000ffe4    00000002     
                  0000ffe4    00000002     main.obj (.int02)

PORT2      0    0000ffe6    00000002     
                  0000ffe6    00000002     rts430_eabi.lib : int03.asm.obj (.int03)

ADC10      0    0000ffea    00000002     
                  0000ffea    00000002     ADC.obj (.int05)

USCIAB0TX 
*          0    0000ffec    00000002     
                  0000ffec    00000002     rts430_eabi.lib : int06.asm.obj (.int06)

USCIAB0RX 
*          0    0000ffee    00000002     
                  0000ffee    00000002     rts430_eabi.lib : int07.asm.obj (.int07)

TIMER0_A1 
*          0    0000fff0    00000002     
                  0000fff0    00000002     rts430_eabi.lib : int08.asm.obj (.int08)

TIMER0_A0 
*          0    0000fff2    00000002     
                  0000fff2    00000002     rts430_eabi.lib : int09.asm.obj (.int09)

WDT        0    0000fff4    00000002     
                  0000fff4    00000002     rts430_eabi.lib : int10.asm.obj (.int10)

COMPARATORA 
*          0    0000fff6    00000002     
                  0000fff6    00000002     rts430_eabi.lib : int11.asm.obj (.int11)

TIMER1_A1 
*          0    0000fff8    00000002     
                  0000fff8    00000002     rts430_eabi.lib : int12.asm.obj (.int12)

TIMER1_A0 
*          0    0000fffa    00000002     
                  0000fffa    00000002     rts430_eabi.lib : int13.asm.obj (.int13)

NMI        0    0000fffc    00000002     
                  0000fffc    00000002     rts430_eabi.lib : int14.asm.obj (.int14)

.reset     0    0000fffe    00000002     
                  0000fffe    00000002     rts430_eabi.lib : boot.c.obj (.reset)

$fill000   0    0000ffde    00000002     
                  0000ffde    00000002     --HOLE-- [fill = ffff]

MODULE SUMMARY

       Module                       code   ro data   rw data
       ------                       ----   -------   -------
    .\
       SPI.obj                      1324   22        0      
       main.obj                     588    2         48     
       ADC.obj                      84     2         16     
       Faults.obj                   24     0         0      
    +--+----------------------------+------+---------+---------+
       Total:                       2020   26        64     
                                                            
    C:\ti\ccsv8\tools\compiler\ti-cgt-msp430_18.1.3.LTS\lib\rts430_eabi.lib
       copy_decompress_lzss.c.obj   124    0         0      
       lsr16.asm.obj                76     0         0      
       autoinit.c.obj               66     0         0      
       asr16.asm.obj                44     0         0      
       lsl16.asm.obj                44     0         0      
       boot.c.obj                   28     2         0      
       copy_zero_init.c.obj         20     0         0      
       memset.c.obj                 20     0         0      
       copy_decompress_none.c.obj   18     0         0      
       memcpy.c.obj                 18     0         0      
       epilog.asm.obj               16     0         0      
       abs.c.obj                    10     0         0      
       isr_trap.asm.obj             8      0         0      
       exit.c.obj                   6      0         0      
       pre_init.c.obj               4      0         0      
       int00.asm.obj                0      2         0      
       int03.asm.obj                0      2         0      
       int06.asm.obj                0      2         0      
       int07.asm.obj                0      2         0      
       int08.asm.obj                0      2         0      
       int09.asm.obj                0      2         0      
       int10.asm.obj                0      2         0      
       int11.asm.obj                0      2         0      
       int12.asm.obj                0      2         0      
       int13.asm.obj                0      2         0      
       int14.asm.obj                0      2         0      
       startup.c.obj                2      0         0      
    +--+----------------------------+------+---------+---------+
       Total:                       504    24        0      
                                                            
       Stack:                       0      0         80     
       Linker Generated:            0      25        0      
    +--+----------------------------+------+---------+---------+
       Grand Total:                 2524   75        144    


LINKER GENERATED COPY TABLES

__TI_cinit_table @ 0000ca04 records: 2, size/record: 4, table size: 8
	.data: load addr=0000c9f2, load size=00000007 bytes, run addr=0000023a, run size=00000006 bytes, compression=lzss
	.bss: load addr=0000ca00, load size=00000004 bytes, run addr=00000200, run size=0000003a bytes, compression=zero_init


LINKER GENERATED HANDLER TABLE

__TI_handler_table @ 0000c9fa records: 3, size/record: 2, table size: 6
	index: 0, handler: __TI_zero_init
	index: 1, handler: __TI_decompress_lzss
	index: 2, handler: __TI_decompress_none


GLOBAL SYMBOLS: SORTED ALPHABETICALLY BY Name 

address   name                          
-------   ----                          
0000004a  ADC10AE0                      
000001b0  ADC10CTL0                     
000001b2  ADC10CTL1                     
00000048  ADC10DTC0                     
00000049  ADC10DTC1                     
000001b4  ADC10MEM                      
000001bc  ADC10SA                       
0000c9c0  ADC10_ISR                     
0000c900  APPS_Fault                    
00000057  BCSCTL1                       
00000058  BCSCTL2                       
00000053  BCSCTL3                       
0000c9d0  C$$EXIT                       
00000059  CACTL1                        
0000005a  CACTL2                        
000010fb  CALBC1_12MHZ                  
000010f9  CALBC1_16MHZ                  
000010ff  CALBC1_1MHZ                   
000010fd  CALBC1_8MHZ                   
000010fa  CALDCO_12MHZ                  
000010f8  CALDCO_16MHZ                  
000010fe  CALDCO_1MHZ                   
000010fc  CALDCO_8MHZ                   
0000021c  CAN_Data                      
0000005b  CAPD                          
00000056  DCOCTL                        
00000128  FCTL1                         
0000012a  FCTL2                         
0000012c  FCTL3                         
00000000  IE1                           
00000001  IE2                           
00000002  IFG1                          
00000003  IFG2                          
0000c616  MCP2515_can_rx0               
0000c4fa  MCP2515_can_tx0               
0000c99c  MCP2515_clear_rx0             
0000c37a  MCP2515_init                  
0000c9aa  MCP2515_int_clear             
0000c8c4  MCP2515_reset                 
0000c202  MCP2515_spi_test              
00000022  P1DIR                         
00000025  P1IE                          
00000024  P1IES                         
00000023  P1IFG                         
00000020  P1IN                          
00000021  P1OUT                         
00000027  P1REN                         
00000026  P1SEL                         
00000041  P1SEL2                        
0000002a  P2DIR                         
0000002d  P2IE                          
0000002c  P2IES                         
0000002b  P2IFG                         
00000028  P2IN                          
00000029  P2OUT                         
0000002f  P2REN                         
0000002e  P2SEL                         
00000042  P2SEL2                        
0000001a  P3DIR                         
00000018  P3IN                          
00000019  P3OUT                         
00000010  P3REN                         
0000001b  P3SEL                         
00000043  P3SEL2                        
0000c6b4  Port_1                        
00000172  TA0CCR0                       
00000174  TA0CCR1                       
00000176  TA0CCR2                       
00000162  TA0CCTL0                      
00000164  TA0CCTL1                      
00000166  TA0CCTL2                      
00000160  TA0CTL                        
0000012e  TA0IV                         
00000170  TA0R                          
00000192  TA1CCR0                       
00000194  TA1CCR1                       
00000196  TA1CCR2                       
00000182  TA1CCTL0                      
00000184  TA1CCTL1                      
00000186  TA1CCTL2                      
00000180  TA1CTL                        
0000011e  TA1IV                         
00000190  TA1R                          
000010db  TLV_ADC10_1_LEN               
000010da  TLV_ADC10_1_TAG               
000010c0  TLV_CHECKSUM                  
000010f7  TLV_DCO_30_LEN                
000010f6  TLV_DCO_30_TAG                
0000005d  UCA0ABCTL                     
00000062  UCA0BR0                       
00000063  UCA0BR1                       
00000060  UCA0CTL0                      
00000061  UCA0CTL1                      
0000005f  UCA0IRRCTL                    
0000005e  UCA0IRTCTL                    
00000064  UCA0MCTL                      
00000066  UCA0RXBUF                     
00000065  UCA0STAT                      
00000067  UCA0TXBUF                     
0000006a  UCB0BR0                       
0000006b  UCB0BR1                       
00000068  UCB0CTL0                      
00000069  UCB0CTL1                      
0000006c  UCB0I2CIE                     
00000118  UCB0I2COA                     
0000011a  UCB0I2CSA                     
0000006e  UCB0RXBUF                     
0000006d  UCB0STAT                      
0000006f  UCB0TXBUF                     
00000120  WDTCTL                        
00000400  __STACK_END                   
00000050  __STACK_SIZE                  
0000ca04  __TI_CINIT_Base               
0000ca0c  __TI_CINIT_Limit              
0000c9fa  __TI_Handler_Table_Base       
0000ca00  __TI_Handler_Table_Limit      
0000c9c8  __TI_ISR_TRAP                 
0000c6fe  __TI_auto_init_nobinit_nopinit
0000c402  __TI_decompress_lzss          
0000c958  __TI_decompress_none          
0000ffe0  __TI_int00                    
0000ffe4  __TI_int02                    
0000ffe6  __TI_int03                    
0000ffea  __TI_int05                    
0000ffec  __TI_int06                    
0000ffee  __TI_int07                    
0000fff0  __TI_int08                    
0000fff2  __TI_int09                    
0000fff4  __TI_int10                    
0000fff6  __TI_int11                    
0000fff8  __TI_int12                    
0000fffa  __TI_int13                    
0000fffc  __TI_int14                    
ffffffff  __TI_pprof_out_hndl           
ffffffff  __TI_prof_data_size           
ffffffff  __TI_prof_data_start          
0000c930  __TI_zero_init_nomemset       
ffffffff  __c_args__                    
0000c988  __mspabi_func_epilog_1        
0000c986  __mspabi_func_epilog_2        
0000c984  __mspabi_func_epilog_3        
0000c982  __mspabi_func_epilog_4        
0000c980  __mspabi_func_epilog_5        
0000c97e  __mspabi_func_epilog_6        
0000c97c  __mspabi_func_epilog_7        
0000c842  __mspabi_slli                 
0000c86a  __mspabi_slli_1               
0000c858  __mspabi_slli_10              
0000c856  __mspabi_slli_11              
0000c854  __mspabi_slli_12              
0000c852  __mspabi_slli_13              
0000c850  __mspabi_slli_14              
0000c84e  __mspabi_slli_15              
0000c868  __mspabi_slli_2               
0000c866  __mspabi_slli_3               
0000c864  __mspabi_slli_4               
0000c862  __mspabi_slli_5               
0000c860  __mspabi_slli_6               
0000c85e  __mspabi_slli_7               
0000c85c  __mspabi_slli_8               
0000c85a  __mspabi_slli_9               
0000c816  __mspabi_srai                 
0000c83e  __mspabi_srai_1               
0000c82c  __mspabi_srai_10              
0000c82a  __mspabi_srai_11              
0000c828  __mspabi_srai_12              
0000c826  __mspabi_srai_13              
0000c824  __mspabi_srai_14              
0000c822  __mspabi_srai_15              
0000c83c  __mspabi_srai_2               
0000c83a  __mspabi_srai_3               
0000c838  __mspabi_srai_4               
0000c836  __mspabi_srai_5               
0000c834  __mspabi_srai_6               
0000c832  __mspabi_srai_7               
0000c830  __mspabi_srai_8               
0000c82e  __mspabi_srai_9               
0000c668  __mspabi_srli                 
0000c6ae  __mspabi_srli_1               
0000c68a  __mspabi_srli_10              
0000c686  __mspabi_srli_11              
0000c682  __mspabi_srli_12              
0000c67e  __mspabi_srli_13              
0000c67a  __mspabi_srli_14              
0000c676  __mspabi_srli_15              
0000c6aa  __mspabi_srli_2               
0000c6a6  __mspabi_srli_3               
0000c6a2  __mspabi_srli_4               
0000c69e  __mspabi_srli_5               
0000c69a  __mspabi_srli_6               
0000c696  __mspabi_srli_7               
0000c692  __mspabi_srli_8               
0000c68e  __mspabi_srli_9               
0000c8e4  _c_int00_noargs               
0000fffe  _reset_vector                 
000003b0  _stack                        
0000c9da  _system_post_cinit            
0000c9d6  _system_pre_init              
0000c9d0  abort                         
0000c9b6  abs                           
0000022e  acc1Input                     
00000230  acc2Input                     
00000226  adc                           
0000c7ae  bit_modify_MCP2515            
00000236  brake                         
00000232  brakeInput                    
00000200  can_rx                        
0000020e  can_tx                        
0000023d  fault                         
0000023e  fuckThis                      
0000c918  init_ADC                      
0000c778  init_MCP2515_CANVariable      
0000c5be  init_MCP2515_SPI              
0000c000  main                          
0000c96a  memcpy                        
0000c944  memset                        
0000c7e2  read_ADC                      
0000c89a  read_MCP2515                  
0000c560  read_id_MCP2515               
0000023c  ready                         
0000023a  startButton                   
00000237  steering                      
00000234  steeringInput                 
00000238  throttle                      
00000239  throttle2                     
0000c98c  transmit_MCP2515_SPI          
0000c86e  write_MCP2515                 
0000c47e  write_id_MCP2515              
0000c740  write_many_registers_MCP2515  


GLOBAL SYMBOLS: SORTED BY Symbol Address 

address   name                          
-------   ----                          
00000000  IE1                           
00000001  IE2                           
00000002  IFG1                          
00000003  IFG2                          
00000010  P3REN                         
00000018  P3IN                          
00000019  P3OUT                         
0000001a  P3DIR                         
0000001b  P3SEL                         
00000020  P1IN                          
00000021  P1OUT                         
00000022  P1DIR                         
00000023  P1IFG                         
00000024  P1IES                         
00000025  P1IE                          
00000026  P1SEL                         
00000027  P1REN                         
00000028  P2IN                          
00000029  P2OUT                         
0000002a  P2DIR                         
0000002b  P2IFG                         
0000002c  P2IES                         
0000002d  P2IE                          
0000002e  P2SEL                         
0000002f  P2REN                         
00000041  P1SEL2                        
00000042  P2SEL2                        
00000043  P3SEL2                        
00000048  ADC10DTC0                     
00000049  ADC10DTC1                     
0000004a  ADC10AE0                      
00000050  __STACK_SIZE                  
00000053  BCSCTL3                       
00000056  DCOCTL                        
00000057  BCSCTL1                       
00000058  BCSCTL2                       
00000059  CACTL1                        
0000005a  CACTL2                        
0000005b  CAPD                          
0000005d  UCA0ABCTL                     
0000005e  UCA0IRTCTL                    
0000005f  UCA0IRRCTL                    
00000060  UCA0CTL0                      
00000061  UCA0CTL1                      
00000062  UCA0BR0                       
00000063  UCA0BR1                       
00000064  UCA0MCTL                      
00000065  UCA0STAT                      
00000066  UCA0RXBUF                     
00000067  UCA0TXBUF                     
00000068  UCB0CTL0                      
00000069  UCB0CTL1                      
0000006a  UCB0BR0                       
0000006b  UCB0BR1                       
0000006c  UCB0I2CIE                     
0000006d  UCB0STAT                      
0000006e  UCB0RXBUF                     
0000006f  UCB0TXBUF                     
00000118  UCB0I2COA                     
0000011a  UCB0I2CSA                     
0000011e  TA1IV                         
00000120  WDTCTL                        
00000128  FCTL1                         
0000012a  FCTL2                         
0000012c  FCTL3                         
0000012e  TA0IV                         
00000160  TA0CTL                        
00000162  TA0CCTL0                      
00000164  TA0CCTL1                      
00000166  TA0CCTL2                      
00000170  TA0R                          
00000172  TA0CCR0                       
00000174  TA0CCR1                       
00000176  TA0CCR2                       
00000180  TA1CTL                        
00000182  TA1CCTL0                      
00000184  TA1CCTL1                      
00000186  TA1CCTL2                      
00000190  TA1R                          
00000192  TA1CCR0                       
00000194  TA1CCR1                       
00000196  TA1CCR2                       
000001b0  ADC10CTL0                     
000001b2  ADC10CTL1                     
000001b4  ADC10MEM                      
000001bc  ADC10SA                       
00000200  can_rx                        
0000020e  can_tx                        
0000021c  CAN_Data                      
00000226  adc                           
0000022e  acc1Input                     
00000230  acc2Input                     
00000232  brakeInput                    
00000234  steeringInput                 
00000236  brake                         
00000237  steering                      
00000238  throttle                      
00000239  throttle2                     
0000023a  startButton                   
0000023c  ready                         
0000023d  fault                         
0000023e  fuckThis                      
000003b0  _stack                        
00000400  __STACK_END                   
000010c0  TLV_CHECKSUM                  
000010da  TLV_ADC10_1_TAG               
000010db  TLV_ADC10_1_LEN               
000010f6  TLV_DCO_30_TAG                
000010f7  TLV_DCO_30_LEN                
000010f8  CALDCO_16MHZ                  
000010f9  CALBC1_16MHZ                  
000010fa  CALDCO_12MHZ                  
000010fb  CALBC1_12MHZ                  
000010fc  CALDCO_8MHZ                   
000010fd  CALBC1_8MHZ                   
000010fe  CALDCO_1MHZ                   
000010ff  CALBC1_1MHZ                   
0000c000  main                          
0000c202  MCP2515_spi_test              
0000c37a  MCP2515_init                  
0000c402  __TI_decompress_lzss          
0000c47e  write_id_MCP2515              
0000c4fa  MCP2515_can_tx0               
0000c560  read_id_MCP2515               
0000c5be  init_MCP2515_SPI              
0000c616  MCP2515_can_rx0               
0000c668  __mspabi_srli                 
0000c676  __mspabi_srli_15              
0000c67a  __mspabi_srli_14              
0000c67e  __mspabi_srli_13              
0000c682  __mspabi_srli_12              
0000c686  __mspabi_srli_11              
0000c68a  __mspabi_srli_10              
0000c68e  __mspabi_srli_9               
0000c692  __mspabi_srli_8               
0000c696  __mspabi_srli_7               
0000c69a  __mspabi_srli_6               
0000c69e  __mspabi_srli_5               
0000c6a2  __mspabi_srli_4               
0000c6a6  __mspabi_srli_3               
0000c6aa  __mspabi_srli_2               
0000c6ae  __mspabi_srli_1               
0000c6b4  Port_1                        
0000c6fe  __TI_auto_init_nobinit_nopinit
0000c740  write_many_registers_MCP2515  
0000c778  init_MCP2515_CANVariable      
0000c7ae  bit_modify_MCP2515            
0000c7e2  read_ADC                      
0000c816  __mspabi_srai                 
0000c822  __mspabi_srai_15              
0000c824  __mspabi_srai_14              
0000c826  __mspabi_srai_13              
0000c828  __mspabi_srai_12              
0000c82a  __mspabi_srai_11              
0000c82c  __mspabi_srai_10              
0000c82e  __mspabi_srai_9               
0000c830  __mspabi_srai_8               
0000c832  __mspabi_srai_7               
0000c834  __mspabi_srai_6               
0000c836  __mspabi_srai_5               
0000c838  __mspabi_srai_4               
0000c83a  __mspabi_srai_3               
0000c83c  __mspabi_srai_2               
0000c83e  __mspabi_srai_1               
0000c842  __mspabi_slli                 
0000c84e  __mspabi_slli_15              
0000c850  __mspabi_slli_14              
0000c852  __mspabi_slli_13              
0000c854  __mspabi_slli_12              
0000c856  __mspabi_slli_11              
0000c858  __mspabi_slli_10              
0000c85a  __mspabi_slli_9               
0000c85c  __mspabi_slli_8               
0000c85e  __mspabi_slli_7               
0000c860  __mspabi_slli_6               
0000c862  __mspabi_slli_5               
0000c864  __mspabi_slli_4               
0000c866  __mspabi_slli_3               
0000c868  __mspabi_slli_2               
0000c86a  __mspabi_slli_1               
0000c86e  write_MCP2515                 
0000c89a  read_MCP2515                  
0000c8c4  MCP2515_reset                 
0000c8e4  _c_int00_noargs               
0000c900  APPS_Fault                    
0000c918  init_ADC                      
0000c930  __TI_zero_init_nomemset       
0000c944  memset                        
0000c958  __TI_decompress_none          
0000c96a  memcpy                        
0000c97c  __mspabi_func_epilog_7        
0000c97e  __mspabi_func_epilog_6        
0000c980  __mspabi_func_epilog_5        
0000c982  __mspabi_func_epilog_4        
0000c984  __mspabi_func_epilog_3        
0000c986  __mspabi_func_epilog_2        
0000c988  __mspabi_func_epilog_1        
0000c98c  transmit_MCP2515_SPI          
0000c99c  MCP2515_clear_rx0             
0000c9aa  MCP2515_int_clear             
0000c9b6  abs                           
0000c9c0  ADC10_ISR                     
0000c9c8  __TI_ISR_TRAP                 
0000c9d0  C$$EXIT                       
0000c9d0  abort                         
0000c9d6  _system_pre_init              
0000c9da  _system_post_cinit            
0000c9fa  __TI_Handler_Table_Base       
0000ca00  __TI_Handler_Table_Limit      
0000ca04  __TI_CINIT_Base               
0000ca0c  __TI_CINIT_Limit              
0000ffe0  __TI_int00                    
0000ffe4  __TI_int02                    
0000ffe6  __TI_int03                    
0000ffea  __TI_int05                    
0000ffec  __TI_int06                    
0000ffee  __TI_int07                    
0000fff0  __TI_int08                    
0000fff2  __TI_int09                    
0000fff4  __TI_int10                    
0000fff6  __TI_int11                    
0000fff8  __TI_int12                    
0000fffa  __TI_int13                    
0000fffc  __TI_int14                    
0000fffe  _reset_vector                 
ffffffff  __TI_pprof_out_hndl           
ffffffff  __TI_prof_data_size           
ffffffff  __TI_prof_data_start          
ffffffff  __c_args__                    

[229 symbols]
