<?xml version="1.0" encoding="ISO-8859-1" ?>
<link_info>
   <banner>TI ARM Linker PC v18.12.3.LTS</banner>
   <copyright>Copyright (c) 1996-2018 Texas Instruments Incorporated</copyright>
   <link_time>0x5da2e184</link_time>
   <link_errors>0x0</link_errors>
   <output_file>Basic ADC.out</output_file>
   <entry_point>
      <name>_c_int00</name>
      <address>0x7774</address>
   </entry_point>
   <input_file_list>
      <input_file id="fl-2">
         <path>.\source\</path>
         <kind>object</kind>
         <file>HL_adc.obj</file>
         <name>HL_adc.obj</name>
      </input_file>
      <input_file id="fl-3">
         <path>.\source\</path>
         <kind>object</kind>
         <file>HL_epc.obj</file>
         <name>HL_epc.obj</name>
      </input_file>
      <input_file id="fl-4">
         <path>.\source\</path>
         <kind>object</kind>
         <file>HL_errata.obj</file>
         <name>HL_errata.obj</name>
      </input_file>
      <input_file id="fl-5">
         <path>.\source\</path>
         <kind>object</kind>
         <file>HL_errata_SSWF021_45.obj</file>
         <name>HL_errata_SSWF021_45.obj</name>
      </input_file>
      <input_file id="fl-6">
         <path>.\source\</path>
         <kind>object</kind>
         <file>HL_esm.obj</file>
         <name>HL_esm.obj</name>
      </input_file>
      <input_file id="fl-7">
         <path>.\source\</path>
         <kind>object</kind>
         <file>HL_nmpu.obj</file>
         <name>HL_nmpu.obj</name>
      </input_file>
      <input_file id="fl-8">
         <path>.\source\</path>
         <kind>object</kind>
         <file>HL_notification.obj</file>
         <name>HL_notification.obj</name>
      </input_file>
      <input_file id="fl-9">
         <path>.\source\</path>
         <kind>object</kind>
         <file>HL_pinmux.obj</file>
         <name>HL_pinmux.obj</name>
      </input_file>
      <input_file id="fl-a">
         <path>.\source\</path>
         <kind>object</kind>
         <file>HL_rti.obj</file>
         <name>HL_rti.obj</name>
      </input_file>
      <input_file id="fl-b">
         <path>.\source\</path>
         <kind>object</kind>
         <file>HL_sci.obj</file>
         <name>HL_sci.obj</name>
      </input_file>
      <input_file id="fl-c">
         <path>.\source\</path>
         <kind>object</kind>
         <file>HL_sys_core.obj</file>
         <name>HL_sys_core.obj</name>
      </input_file>
      <input_file id="fl-d">
         <path>.\source\</path>
         <kind>object</kind>
         <file>HL_sys_dma.obj</file>
         <name>HL_sys_dma.obj</name>
      </input_file>
      <input_file id="fl-e">
         <path>.\source\</path>
         <kind>object</kind>
         <file>HL_sys_intvecs.obj</file>
         <name>HL_sys_intvecs.obj</name>
      </input_file>
      <input_file id="fl-f">
         <path>.\source\</path>
         <kind>object</kind>
         <file>HL_sys_main.obj</file>
         <name>HL_sys_main.obj</name>
      </input_file>
      <input_file id="fl-10">
         <path>.\source\</path>
         <kind>object</kind>
         <file>HL_sys_mpu.obj</file>
         <name>HL_sys_mpu.obj</name>
      </input_file>
      <input_file id="fl-11">
         <path>.\source\</path>
         <kind>object</kind>
         <file>HL_sys_pcr.obj</file>
         <name>HL_sys_pcr.obj</name>
      </input_file>
      <input_file id="fl-12">
         <path>.\source\</path>
         <kind>object</kind>
         <file>HL_sys_phantom.obj</file>
         <name>HL_sys_phantom.obj</name>
      </input_file>
      <input_file id="fl-13">
         <path>.\source\</path>
         <kind>object</kind>
         <file>HL_sys_pmm.obj</file>
         <name>HL_sys_pmm.obj</name>
      </input_file>
      <input_file id="fl-14">
         <path>.\source\</path>
         <kind>object</kind>
         <file>HL_sys_pmu.obj</file>
         <name>HL_sys_pmu.obj</name>
      </input_file>
      <input_file id="fl-15">
         <path>.\source\</path>
         <kind>object</kind>
         <file>HL_sys_startup.obj</file>
         <name>HL_sys_startup.obj</name>
      </input_file>
      <input_file id="fl-16">
         <path>.\source\</path>
         <kind>object</kind>
         <file>HL_sys_vim.obj</file>
         <name>HL_sys_vim.obj</name>
      </input_file>
      <input_file id="fl-17">
         <path>.\source\</path>
         <kind>object</kind>
         <file>HL_system.obj</file>
         <name>HL_system.obj</name>
      </input_file>
      <input_file id="fl-1b">
         <kind>object</kind>
         <file>&lt;internal&gt;</file>
         <name>&lt;internal&gt;</name>
      </input_file>
      <input_file id="fl-d1">
         <path>C:\Software\TI\CCS\ccs\tools\compiler\ti-cgt-arm_18.12.3.LTS\lib\</path>
         <kind>archive</kind>
         <file>rtsv7R4_A_le_v3D16_eabi.lib</file>
         <name>s_floor.c.obj</name>
      </input_file>
      <input_file id="fl-d2">
         <path>C:\Software\TI\CCS\ccs\tools\compiler\ti-cgt-arm_18.12.3.LTS\lib\</path>
         <kind>archive</kind>
         <file>rtsv7R4_A_le_v3D16_eabi.lib</file>
         <name>printf.c.obj</name>
      </input_file>
      <input_file id="fl-d3">
         <path>C:\Software\TI\CCS\ccs\tools\compiler\ti-cgt-arm_18.12.3.LTS\lib\</path>
         <kind>archive</kind>
         <file>rtsv7R4_A_le_v3D16_eabi.lib</file>
         <name>_printfi.c.obj</name>
      </input_file>
      <input_file id="fl-d4">
         <path>C:\Software\TI\CCS\ccs\tools\compiler\ti-cgt-arm_18.12.3.LTS\lib\</path>
         <kind>archive</kind>
         <file>rtsv7R4_A_le_v3D16_eabi.lib</file>
         <name>fputc.c.obj</name>
      </input_file>
      <input_file id="fl-d5">
         <path>C:\Software\TI\CCS\ccs\tools\compiler\ti-cgt-arm_18.12.3.LTS\lib\</path>
         <kind>archive</kind>
         <file>rtsv7R4_A_le_v3D16_eabi.lib</file>
         <name>fputs.c.obj</name>
      </input_file>
      <input_file id="fl-d6">
         <path>C:\Software\TI\CCS\ccs\tools\compiler\ti-cgt-arm_18.12.3.LTS\lib\</path>
         <kind>archive</kind>
         <file>rtsv7R4_A_le_v3D16_eabi.lib</file>
         <name>_io_perm.c.obj</name>
      </input_file>
      <input_file id="fl-d7">
         <path>C:\Software\TI\CCS\ccs\tools\compiler\ti-cgt-arm_18.12.3.LTS\lib\</path>
         <kind>archive</kind>
         <file>rtsv7R4_A_le_v3D16_eabi.lib</file>
         <name>setvbuf.c.obj</name>
      </input_file>
      <input_file id="fl-d8">
         <path>C:\Software\TI\CCS\ccs\tools\compiler\ti-cgt-arm_18.12.3.LTS\lib\</path>
         <kind>archive</kind>
         <file>rtsv7R4_A_le_v3D16_eabi.lib</file>
         <name>wcslen.c.obj</name>
      </input_file>
      <input_file id="fl-d9">
         <path>C:\Software\TI\CCS\ccs\tools\compiler\ti-cgt-arm_18.12.3.LTS\lib\</path>
         <kind>archive</kind>
         <file>rtsv7R4_A_le_v3D16_eabi.lib</file>
         <name>memset32.asm.obj</name>
      </input_file>
      <input_file id="fl-da">
         <path>C:\Software\TI\CCS\ccs\tools\compiler\ti-cgt-arm_18.12.3.LTS\lib\</path>
         <kind>archive</kind>
         <file>rtsv7R4_A_le_v3D16_eabi.lib</file>
         <name>u_div32.asm.obj</name>
      </input_file>
      <input_file id="fl-db">
         <path>C:\Software\TI\CCS\ccs\tools\compiler\ti-cgt-arm_18.12.3.LTS\lib\</path>
         <kind>archive</kind>
         <file>rtsv7R4_A_le_v3D16_eabi.lib</file>
         <name>ull_div32.asm.obj</name>
      </input_file>
      <input_file id="fl-dc">
         <path>C:\Software\TI\CCS\ccs\tools\compiler\ti-cgt-arm_18.12.3.LTS\lib\</path>
         <kind>archive</kind>
         <file>rtsv7R4_A_le_v3D16_eabi.lib</file>
         <name>memcpy32.asm.obj</name>
      </input_file>
      <input_file id="fl-dd">
         <path>C:\Software\TI\CCS\ccs\tools\compiler\ti-cgt-arm_18.12.3.LTS\lib\</path>
         <kind>archive</kind>
         <file>rtsv7R4_A_le_v3D16_eabi.lib</file>
         <name>autoinit.c.obj</name>
      </input_file>
      <input_file id="fl-de">
         <path>C:\Software\TI\CCS\ccs\tools\compiler\ti-cgt-arm_18.12.3.LTS\lib\</path>
         <kind>archive</kind>
         <file>rtsv7R4_A_le_v3D16_eabi.lib</file>
         <name>cpy_tbl.c.obj</name>
      </input_file>
      <input_file id="fl-df">
         <path>C:\Software\TI\CCS\ccs\tools\compiler\ti-cgt-arm_18.12.3.LTS\lib\</path>
         <kind>archive</kind>
         <file>rtsv7R4_A_le_v3D16_eabi.lib</file>
         <name>copy_zero_init.c.obj</name>
      </input_file>
      <input_file id="fl-e0">
         <path>C:\Software\TI\CCS\ccs\tools\compiler\ti-cgt-arm_18.12.3.LTS\lib\</path>
         <kind>archive</kind>
         <file>rtsv7R4_A_le_v3D16_eabi.lib</file>
         <name>copy_decompress_none.c.obj</name>
      </input_file>
      <input_file id="fl-e1">
         <path>C:\Software\TI\CCS\ccs\tools\compiler\ti-cgt-arm_18.12.3.LTS\lib\</path>
         <kind>archive</kind>
         <file>rtsv7R4_A_le_v3D16_eabi.lib</file>
         <name>copy_decompress_lzss.c.obj</name>
      </input_file>
      <input_file id="fl-e2">
         <path>C:\Software\TI\CCS\ccs\tools\compiler\ti-cgt-arm_18.12.3.LTS\lib\</path>
         <kind>archive</kind>
         <file>rtsv7R4_A_le_v3D16_eabi.lib</file>
         <name>exit.c.obj</name>
      </input_file>
      <input_file id="fl-e3">
         <path>C:\Software\TI\CCS\ccs\tools\compiler\ti-cgt-arm_18.12.3.LTS\lib\</path>
         <kind>archive</kind>
         <file>rtsv7R4_A_le_v3D16_eabi.lib</file>
         <name>_lock.c.obj</name>
      </input_file>
      <input_file id="fl-e4">
         <path>C:\Software\TI\CCS\ccs\tools\compiler\ti-cgt-arm_18.12.3.LTS\lib\</path>
         <kind>archive</kind>
         <file>rtsv7R4_A_le_v3D16_eabi.lib</file>
         <name>atoi.c.obj</name>
      </input_file>
      <input_file id="fl-e5">
         <path>C:\Software\TI\CCS\ccs\tools\compiler\ti-cgt-arm_18.12.3.LTS\lib\</path>
         <kind>archive</kind>
         <file>rtsv7R4_A_le_v3D16_eabi.lib</file>
         <name>ctype.c.obj</name>
      </input_file>
      <input_file id="fl-e6">
         <path>C:\Software\TI\CCS\ccs\tools\compiler\ti-cgt-arm_18.12.3.LTS\lib\</path>
         <kind>archive</kind>
         <file>rtsv7R4_A_le_v3D16_eabi.lib</file>
         <name>defs.c.obj</name>
      </input_file>
      <input_file id="fl-e7">
         <path>C:\Software\TI\CCS\ccs\tools\compiler\ti-cgt-arm_18.12.3.LTS\lib\</path>
         <kind>archive</kind>
         <file>rtsv7R4_A_le_v3D16_eabi.lib</file>
         <name>ltoa.c.obj</name>
      </input_file>
      <input_file id="fl-e8">
         <path>C:\Software\TI\CCS\ccs\tools\compiler\ti-cgt-arm_18.12.3.LTS\lib\</path>
         <kind>archive</kind>
         <file>rtsv7R4_A_le_v3D16_eabi.lib</file>
         <name>memccpy.c.obj</name>
      </input_file>
      <input_file id="fl-e9">
         <path>C:\Software\TI\CCS\ccs\tools\compiler\ti-cgt-arm_18.12.3.LTS\lib\</path>
         <kind>archive</kind>
         <file>rtsv7R4_A_le_v3D16_eabi.lib</file>
         <name>memchr.c.obj</name>
      </input_file>
      <input_file id="fl-ea">
         <path>C:\Software\TI\CCS\ccs\tools\compiler\ti-cgt-arm_18.12.3.LTS\lib\</path>
         <kind>archive</kind>
         <file>rtsv7R4_A_le_v3D16_eabi.lib</file>
         <name>memory.c.obj</name>
      </input_file>
      <input_file id="fl-eb">
         <path>C:\Software\TI\CCS\ccs\tools\compiler\ti-cgt-arm_18.12.3.LTS\lib\</path>
         <kind>archive</kind>
         <file>rtsv7R4_A_le_v3D16_eabi.lib</file>
         <name>strchr.c.obj</name>
      </input_file>
      <input_file id="fl-ec">
         <path>C:\Software\TI\CCS\ccs\tools\compiler\ti-cgt-arm_18.12.3.LTS\lib\</path>
         <kind>archive</kind>
         <file>rtsv7R4_A_le_v3D16_eabi.lib</file>
         <name>strlen.c.obj</name>
      </input_file>
      <input_file id="fl-ed">
         <path>C:\Software\TI\CCS\ccs\tools\compiler\ti-cgt-arm_18.12.3.LTS\lib\</path>
         <kind>archive</kind>
         <file>rtsv7R4_A_le_v3D16_eabi.lib</file>
         <name>errno.c.obj</name>
      </input_file>
      <input_file id="fl-ee">
         <path>C:\Software\TI\CCS\ccs\tools\compiler\ti-cgt-arm_18.12.3.LTS\lib\</path>
         <kind>archive</kind>
         <file>rtsv7R4_A_le_v3D16_eabi.lib</file>
         <name>write.c.obj</name>
      </input_file>
      <input_file id="fl-ef">
         <path>C:\Software\TI\CCS\ccs\tools\compiler\ti-cgt-arm_18.12.3.LTS\lib\</path>
         <kind>archive</kind>
         <file>rtsv7R4_A_le_v3D16_eabi.lib</file>
         <name>host_device.c.obj</name>
      </input_file>
      <input_file id="fl-f0">
         <path>C:\Software\TI\CCS\ccs\tools\compiler\ti-cgt-arm_18.12.3.LTS\lib\</path>
         <kind>archive</kind>
         <file>rtsv7R4_A_le_v3D16_eabi.lib</file>
         <name>s_frexp.c.obj</name>
      </input_file>
      <input_file id="fl-f1">
         <path>C:\Software\TI\CCS\ccs\tools\compiler\ti-cgt-arm_18.12.3.LTS\lib\</path>
         <kind>archive</kind>
         <file>rtsv7R4_A_le_v3D16_eabi.lib</file>
         <name>s_scalbn.c.obj</name>
      </input_file>
      <input_file id="fl-f2">
         <path>C:\Software\TI\CCS\ccs\tools\compiler\ti-cgt-arm_18.12.3.LTS\lib\</path>
         <kind>archive</kind>
         <file>rtsv7R4_A_le_v3D16_eabi.lib</file>
         <name>fflush.c.obj</name>
      </input_file>
      <input_file id="fl-f3">
         <path>C:\Software\TI\CCS\ccs\tools\compiler\ti-cgt-arm_18.12.3.LTS\lib\</path>
         <kind>archive</kind>
         <file>rtsv7R4_A_le_v3D16_eabi.lib</file>
         <name>fopen.c.obj</name>
      </input_file>
      <input_file id="fl-f4">
         <path>C:\Software\TI\CCS\ccs\tools\compiler\ti-cgt-arm_18.12.3.LTS\lib\</path>
         <kind>archive</kind>
         <file>rtsv7R4_A_le_v3D16_eabi.lib</file>
         <name>fseek.c.obj</name>
      </input_file>
      <input_file id="fl-f5">
         <path>C:\Software\TI\CCS\ccs\tools\compiler\ti-cgt-arm_18.12.3.LTS\lib\</path>
         <kind>archive</kind>
         <file>rtsv7R4_A_le_v3D16_eabi.lib</file>
         <name>div0.asm.obj</name>
      </input_file>
      <input_file id="fl-f6">
         <path>C:\Software\TI\CCS\ccs\tools\compiler\ti-cgt-arm_18.12.3.LTS\lib\</path>
         <kind>archive</kind>
         <file>rtsv7R4_A_le_v3D16_eabi.lib</file>
         <name>i_div32.asm.obj</name>
      </input_file>
      <input_file id="fl-f7">
         <path>C:\Software\TI\CCS\ccs\tools\compiler\ti-cgt-arm_18.12.3.LTS\lib\</path>
         <kind>archive</kind>
         <file>rtsv7R4_A_le_v3D16_eabi.lib</file>
         <name>hostclose.c.obj</name>
      </input_file>
      <input_file id="fl-f8">
         <path>C:\Software\TI\CCS\ccs\tools\compiler\ti-cgt-arm_18.12.3.LTS\lib\</path>
         <kind>archive</kind>
         <file>rtsv7R4_A_le_v3D16_eabi.lib</file>
         <name>hostlseek.c.obj</name>
      </input_file>
      <input_file id="fl-f9">
         <path>C:\Software\TI\CCS\ccs\tools\compiler\ti-cgt-arm_18.12.3.LTS\lib\</path>
         <kind>archive</kind>
         <file>rtsv7R4_A_le_v3D16_eabi.lib</file>
         <name>hostopen.c.obj</name>
      </input_file>
      <input_file id="fl-fa">
         <path>C:\Software\TI\CCS\ccs\tools\compiler\ti-cgt-arm_18.12.3.LTS\lib\</path>
         <kind>archive</kind>
         <file>rtsv7R4_A_le_v3D16_eabi.lib</file>
         <name>hostread.c.obj</name>
      </input_file>
      <input_file id="fl-fb">
         <path>C:\Software\TI\CCS\ccs\tools\compiler\ti-cgt-arm_18.12.3.LTS\lib\</path>
         <kind>archive</kind>
         <file>rtsv7R4_A_le_v3D16_eabi.lib</file>
         <name>hostrename.c.obj</name>
      </input_file>
      <input_file id="fl-fc">
         <path>C:\Software\TI\CCS\ccs\tools\compiler\ti-cgt-arm_18.12.3.LTS\lib\</path>
         <kind>archive</kind>
         <file>rtsv7R4_A_le_v3D16_eabi.lib</file>
         <name>hostunlink.c.obj</name>
      </input_file>
      <input_file id="fl-fd">
         <path>C:\Software\TI\CCS\ccs\tools\compiler\ti-cgt-arm_18.12.3.LTS\lib\</path>
         <kind>archive</kind>
         <file>rtsv7R4_A_le_v3D16_eabi.lib</file>
         <name>hostwrite.c.obj</name>
      </input_file>
      <input_file id="fl-fe">
         <path>C:\Software\TI\CCS\ccs\tools\compiler\ti-cgt-arm_18.12.3.LTS\lib\</path>
         <kind>archive</kind>
         <file>rtsv7R4_A_le_v3D16_eabi.lib</file>
         <name>trgmsg.c.obj</name>
      </input_file>
      <input_file id="fl-ff">
         <path>C:\Software\TI\CCS\ccs\tools\compiler\ti-cgt-arm_18.12.3.LTS\lib\</path>
         <kind>archive</kind>
         <file>rtsv7R4_A_le_v3D16_eabi.lib</file>
         <name>open.c.obj</name>
      </input_file>
      <input_file id="fl-100">
         <path>C:\Software\TI\CCS\ccs\tools\compiler\ti-cgt-arm_18.12.3.LTS\lib\</path>
         <kind>archive</kind>
         <file>rtsv7R4_A_le_v3D16_eabi.lib</file>
         <name>lseek.c.obj</name>
      </input_file>
      <input_file id="fl-101">
         <path>C:\Software\TI\CCS\ccs\tools\compiler\ti-cgt-arm_18.12.3.LTS\lib\</path>
         <kind>archive</kind>
         <file>rtsv7R4_A_le_v3D16_eabi.lib</file>
         <name>s_copysign.c.obj</name>
      </input_file>
      <input_file id="fl-102">
         <path>C:\Software\TI\CCS\ccs\tools\compiler\ti-cgt-arm_18.12.3.LTS\lib\</path>
         <kind>archive</kind>
         <file>rtsv7R4_A_le_v3D16_eabi.lib</file>
         <name>fclose.c.obj</name>
      </input_file>
      <input_file id="fl-103">
         <path>C:\Software\TI\CCS\ccs\tools\compiler\ti-cgt-arm_18.12.3.LTS\lib\</path>
         <kind>archive</kind>
         <file>rtsv7R4_A_le_v3D16_eabi.lib</file>
         <name>getdevice.c.obj</name>
      </input_file>
      <input_file id="fl-104">
         <path>C:\Software\TI\CCS\ccs\tools\compiler\ti-cgt-arm_18.12.3.LTS\lib\</path>
         <kind>archive</kind>
         <file>rtsv7R4_A_le_v3D16_eabi.lib</file>
         <name>strcmp.c.obj</name>
      </input_file>
      <input_file id="fl-105">
         <path>C:\Software\TI\CCS\ccs\tools\compiler\ti-cgt-arm_18.12.3.LTS\lib\</path>
         <kind>archive</kind>
         <file>rtsv7R4_A_le_v3D16_eabi.lib</file>
         <name>strcpy.c.obj</name>
      </input_file>
      <input_file id="fl-106">
         <path>C:\Software\TI\CCS\ccs\tools\compiler\ti-cgt-arm_18.12.3.LTS\lib\</path>
         <kind>archive</kind>
         <file>rtsv7R4_A_le_v3D16_eabi.lib</file>
         <name>strncpy.c.obj</name>
      </input_file>
      <input_file id="fl-107">
         <path>C:\Software\TI\CCS\ccs\tools\compiler\ti-cgt-arm_18.12.3.LTS\lib\</path>
         <kind>archive</kind>
         <file>rtsv7R4_A_le_v3D16_eabi.lib</file>
         <name>remove.c.obj</name>
      </input_file>
      <input_file id="fl-108">
         <path>C:\Software\TI\CCS\ccs\tools\compiler\ti-cgt-arm_18.12.3.LTS\lib\</path>
         <kind>archive</kind>
         <file>rtsv7R4_A_le_v3D16_eabi.lib</file>
         <name>close.c.obj</name>
      </input_file>
      <input_file id="fl-109">
         <path>C:\Software\TI\CCS\ccs\tools\compiler\ti-cgt-arm_18.12.3.LTS\lib\</path>
         <kind>archive</kind>
         <file>rtsv7R4_A_le_v3D16_eabi.lib</file>
         <name>unlink.c.obj</name>
      </input_file>
   </input_file_list>
   <object_component_list>
      <object_component id="oc-2e">
         <name>.intvecs</name>
         <load_address>0x0</load_address>
         <run_address>0x0</run_address>
         <size>0x20</size>
         <input_file_ref idref="fl-e"/>
      </object_component>
      <object_component id="oc-200">
         <name>.text:__TI_printfi</name>
         <load_address>0x20</load_address>
         <run_address>0x20</run_address>
         <size>0xfac</size>
         <input_file_ref idref="fl-d3"/>
      </object_component>
      <object_component id="oc-132">
         <name>.text</name>
         <load_address>0xfcc</load_address>
         <run_address>0xfcc</run_address>
         <size>0xaec</size>
         <input_file_ref idref="fl-2"/>
      </object_component>
      <object_component id="oc-de">
         <name>.text</name>
         <load_address>0x1ab8</load_address>
         <run_address>0x1ab8</run_address>
         <size>0x9c0</size>
         <input_file_ref idref="fl-9"/>
      </object_component>
      <object_component id="oc-70">
         <name>.text</name>
         <load_address>0x2478</load_address>
         <run_address>0x2478</run_address>
         <size>0x998</size>
         <input_file_ref idref="fl-17"/>
      </object_component>
      <object_component id="oc-3a">
         <name>.text</name>
         <load_address>0x2e10</load_address>
         <run_address>0x2e10</run_address>
         <size>0x938</size>
         <input_file_ref idref="fl-16"/>
      </object_component>
      <object_component id="oc-12c">
         <name>.text</name>
         <load_address>0x3748</load_address>
         <run_address>0x3748</run_address>
         <size>0x870</size>
         <input_file_ref idref="fl-b"/>
      </object_component>
      <object_component id="oc-88">
         <name>.text</name>
         <load_address>0x3fb8</load_address>
         <run_address>0x3fb8</run_address>
         <size>0x78c</size>
         <input_file_ref idref="fl-6"/>
      </object_component>
      <object_component id="oc-138">
         <name>.text</name>
         <load_address>0x4744</load_address>
         <run_address>0x4744</run_address>
         <size>0x69c</size>
         <input_file_ref idref="fl-a"/>
      </object_component>
      <object_component id="oc-76">
         <name>.text</name>
         <load_address>0x4de0</load_address>
         <run_address>0x4de0</run_address>
         <size>0x664</size>
         <input_file_ref idref="fl-5"/>
      </object_component>
      <object_component id="oc-6b">
         <name>.text</name>
         <load_address>0x5444</load_address>
         <run_address>0x5444</run_address>
         <size>0x3c4</size>
         <input_file_ref idref="fl-c"/>
      </object_component>
      <object_component id="oc-8e">
         <name>.text</name>
         <load_address>0x5808</load_address>
         <run_address>0x5808</run_address>
         <size>0x36c</size>
         <input_file_ref idref="fl-10"/>
      </object_component>
      <object_component id="oc-39">
         <name>.text:retain</name>
         <load_address>0x5b74</load_address>
         <run_address>0x5b74</run_address>
         <size>0x33c</size>
         <input_file_ref idref="fl-16"/>
      </object_component>
      <object_component id="oc-28d">
         <name>.text:_pconv_a</name>
         <load_address>0x5eb0</load_address>
         <run_address>0x5eb0</run_address>
         <size>0x2dc</size>
         <input_file_ref idref="fl-d3"/>
      </object_component>
      <object_component id="oc-300">
         <name>.text</name>
         <load_address>0x618c</load_address>
         <run_address>0x618c</run_address>
         <size>0x2b8</size>
         <input_file_ref idref="fl-db"/>
      </object_component>
      <object_component id="oc-27b">
         <name>.text:_pconv_g</name>
         <load_address>0x6444</load_address>
         <run_address>0x6444</run_address>
         <size>0x248</size>
         <input_file_ref idref="fl-d3"/>
      </object_component>
      <object_component id="oc-2bf">
         <name>.text:fputs</name>
         <load_address>0x668c</load_address>
         <run_address>0x668c</run_address>
         <size>0x1a4</size>
         <input_file_ref idref="fl-d5"/>
      </object_component>
      <object_component id="oc-41d">
         <name>.text:aligned_alloc</name>
         <load_address>0x6830</load_address>
         <run_address>0x6830</run_address>
         <size>0x180</size>
         <input_file_ref idref="fl-ea"/>
      </object_component>
      <object_component id="oc-53">
         <name>.text</name>
         <load_address>0x69b0</load_address>
         <run_address>0x69b0</run_address>
         <size>0x180</size>
         <input_file_ref idref="fl-dc"/>
      </object_component>
      <object_component id="oc-3db">
         <name>.text:free</name>
         <load_address>0x6b30</load_address>
         <run_address>0x6b30</run_address>
         <size>0x178</size>
         <input_file_ref idref="fl-ea"/>
      </object_component>
      <object_component id="oc-1f">
         <name>.text:retain</name>
         <load_address>0x6ca8</load_address>
         <run_address>0x6ca8</run_address>
         <size>0x178</size>
         <input_file_ref idref="fl-6"/>
      </object_component>
      <object_component id="oc-287">
         <name>.text:_pconv_e</name>
         <load_address>0x6e20</load_address>
         <run_address>0x6e20</run_address>
         <size>0x15c</size>
         <input_file_ref idref="fl-d3"/>
      </object_component>
      <object_component id="oc-3b0">
         <name>.text:setvbuf</name>
         <load_address>0x6f7c</load_address>
         <run_address>0x6f7c</run_address>
         <size>0x158</size>
         <input_file_ref idref="fl-d7"/>
      </object_component>
      <object_component id="oc-318">
         <name>.text:fcvt</name>
         <load_address>0x70d4</load_address>
         <run_address>0x70d4</run_address>
         <size>0x144</size>
         <input_file_ref idref="fl-d3"/>
      </object_component>
      <object_component id="oc-1e7">
         <name>.text:floor</name>
         <load_address>0x7218</load_address>
         <run_address>0x7218</run_address>
         <size>0x134</size>
         <input_file_ref idref="fl-d1"/>
      </object_component>
      <object_component id="oc-32c">
         <name>.text:scalbn</name>
         <load_address>0x734c</load_address>
         <run_address>0x734c</run_address>
         <size>0x11c</size>
         <input_file_ref idref="fl-f1"/>
      </object_component>
      <object_component id="oc-275">
         <name>.text:_ltostr</name>
         <load_address>0x7468</load_address>
         <run_address>0x7468</run_address>
         <size>0x10d</size>
         <input_file_ref idref="fl-d3"/>
      </object_component>
      <object_component id="oc-2c6">
         <name>.text:fputc</name>
         <load_address>0x7578</load_address>
         <run_address>0x7578</run_address>
         <size>0x100</size>
         <input_file_ref idref="fl-d4"/>
      </object_component>
      <object_component id="oc-94">
         <name>.text</name>
         <load_address>0x7678</load_address>
         <run_address>0x7678</run_address>
         <size>0xfc</size>
         <input_file_ref idref="fl-f"/>
      </object_component>
      <object_component id="oc-19">
         <name>.text:retain</name>
         <load_address>0x7774</load_address>
         <run_address>0x7774</run_address>
         <size>0xd8</size>
         <input_file_ref idref="fl-15"/>
      </object_component>
      <object_component id="oc-311">
         <name>.text:_mcpy</name>
         <load_address>0x784c</load_address>
         <run_address>0x784c</run_address>
         <size>0xc8</size>
         <input_file_ref idref="fl-d3"/>
      </object_component>
      <object_component id="oc-424">
         <name>.text:__TI_closefile</name>
         <load_address>0x7914</load_address>
         <run_address>0x7914</run_address>
         <size>0xb8</size>
         <input_file_ref idref="fl-102"/>
      </object_component>
      <object_component id="oc-465">
         <name>.text:split</name>
         <load_address>0x79cc</load_address>
         <run_address>0x79cc</run_address>
         <size>0xb8</size>
         <input_file_ref idref="fl-ea"/>
      </object_component>
      <object_component id="oc-d7">
         <name>.text</name>
         <load_address>0x7a84</load_address>
         <run_address>0x7a84</run_address>
         <size>0xb0</size>
         <input_file_ref idref="fl-d9"/>
      </object_component>
      <object_component id="oc-448">
         <name>.text:HOSTlseek</name>
         <load_address>0x7b34</load_address>
         <run_address>0x7b34</run_address>
         <size>0xac</size>
         <input_file_ref idref="fl-f8"/>
      </object_component>
      <object_component id="oc-3aa">
         <name>.text:fseek</name>
         <load_address>0x7be0</load_address>
         <run_address>0x7be0</run_address>
         <size>0xa8</size>
         <input_file_ref idref="fl-f4"/>
      </object_component>
      <object_component id="oc-454">
         <name>.text:HOSTrename</name>
         <load_address>0x7c88</load_address>
         <run_address>0x7c88</run_address>
         <size>0xa4</size>
         <input_file_ref idref="fl-fb"/>
      </object_component>
      <object_component id="oc-35d">
         <name>.text:__TI_wrt_ok</name>
         <load_address>0x7d2c</load_address>
         <run_address>0x7d2c</run_address>
         <size>0xa0</size>
         <input_file_ref idref="fl-d6"/>
      </object_component>
      <object_component id="oc-82">
         <name>.text</name>
         <load_address>0x7dcc</load_address>
         <run_address>0x7dcc</run_address>
         <size>0x9c</size>
         <input_file_ref idref="fl-8"/>
      </object_component>
      <object_component id="oc-13e">
         <name>.text:printf</name>
         <load_address>0x7e68</load_address>
         <run_address>0x7e68</run_address>
         <size>0x9c</size>
         <input_file_ref idref="fl-d2"/>
      </object_component>
      <object_component id="oc-430">
         <name>.text:HOSTopen</name>
         <load_address>0x7f04</load_address>
         <run_address>0x7f04</run_address>
         <size>0x98</size>
         <input_file_ref idref="fl-f9"/>
      </object_component>
      <object_component id="oc-46c">
         <name>.text:close</name>
         <load_address>0x7f9c</load_address>
         <run_address>0x7f9c</run_address>
         <size>0x98</size>
         <input_file_ref idref="fl-108"/>
      </object_component>
      <object_component id="oc-30b">
         <name>.text:_ecpy</name>
         <load_address>0x8034</load_address>
         <run_address>0x8034</run_address>
         <size>0x94</size>
         <input_file_ref idref="fl-d3"/>
      </object_component>
      <object_component id="oc-43c">
         <name>.text:HOSTread</name>
         <load_address>0x80c8</load_address>
         <run_address>0x80c8</run_address>
         <size>0x90</size>
         <input_file_ref idref="fl-fa"/>
      </object_component>
      <object_component id="oc-442">
         <name>.text:HOSTwrite</name>
         <load_address>0x8158</load_address>
         <run_address>0x8158</run_address>
         <size>0x90</size>
         <input_file_ref idref="fl-fd"/>
      </object_component>
      <object_component id="oc-c">
         <name>.text:decompress:lzss:__TI_decompress_lzss</name>
         <load_address>0x81e8</load_address>
         <run_address>0x81e8</run_address>
         <size>0x90</size>
         <input_file_ref idref="fl-e1"/>
      </object_component>
      <object_component id="oc-326">
         <name>.text:frexp</name>
         <load_address>0x8278</load_address>
         <run_address>0x8278</run_address>
         <size>0x8c</size>
         <input_file_ref idref="fl-f0"/>
      </object_component>
      <object_component id="oc-369">
         <name>.text:__TI_doflush</name>
         <load_address>0x8304</load_address>
         <run_address>0x8304</run_address>
         <size>0x84</size>
         <input_file_ref idref="fl-f2"/>
      </object_component>
      <object_component id="oc-26f">
         <name>.text:atoi</name>
         <load_address>0x8388</load_address>
         <run_address>0x8388</run_address>
         <size>0x84</size>
         <input_file_ref idref="fl-e4"/>
      </object_component>
      <object_component id="oc-144">
         <name>.text:ltoa</name>
         <load_address>0x840c</load_address>
         <run_address>0x840c</run_address>
         <size>0x80</size>
         <input_file_ref idref="fl-e7"/>
      </object_component>
      <object_component id="oc-157">
         <name>.text:exit</name>
         <load_address>0x848c</load_address>
         <run_address>0x848c</run_address>
         <size>0x7c</size>
         <input_file_ref idref="fl-e2"/>
      </object_component>
      <object_component id="oc-436">
         <name>.text:HOSTclose</name>
         <load_address>0x8508</load_address>
         <run_address>0x8508</run_address>
         <size>0x74</size>
         <input_file_ref idref="fl-f7"/>
      </object_component>
      <object_component id="oc-281">
         <name>.text:_pconv_f</name>
         <load_address>0x857c</load_address>
         <run_address>0x857c</run_address>
         <size>0x74</size>
         <input_file_ref idref="fl-d3"/>
      </object_component>
      <object_component id="oc-44e">
         <name>.text:HOSTunlink</name>
         <load_address>0x85f0</load_address>
         <run_address>0x85f0</run_address>
         <size>0x70</size>
         <input_file_ref idref="fl-fc"/>
      </object_component>
      <object_component id="oc-4a4">
         <name>.text:getdevice</name>
         <load_address>0x8660</load_address>
         <run_address>0x8660</run_address>
         <size>0x6c</size>
         <input_file_ref idref="fl-103"/>
      </object_component>
      <object_component id="oc-fc">
         <name>.text:__TI_auto_init_nobinit_nopinit:__TI_auto_init_nobinit_nopinit</name>
         <load_address>0x86cc</load_address>
         <run_address>0x86cc</run_address>
         <size>0x68</size>
         <input_file_ref idref="fl-dd"/>
      </object_component>
      <object_component id="oc-31e">
         <name>.text:_fcpy</name>
         <load_address>0x8734</load_address>
         <run_address>0x8734</run_address>
         <size>0x64</size>
         <input_file_ref idref="fl-d3"/>
      </object_component>
      <object_component id="oc-3e7">
         <name>.text:__TI_cleanup</name>
         <load_address>0x8798</load_address>
         <run_address>0x8798</run_address>
         <size>0x54</size>
         <input_file_ref idref="fl-f3"/>
      </object_component>
      <object_component id="oc-483">
         <name>.text:__TI_readmsg</name>
         <load_address>0x87ec</load_address>
         <run_address>0x87ec</run_address>
         <size>0x54</size>
         <input_file_ref idref="fl-fe"/>
      </object_component>
      <object_component id="oc-47d">
         <name>.text:__TI_writemsg</name>
         <load_address>0x8840</load_address>
         <run_address>0x8840</run_address>
         <size>0x54</size>
         <input_file_ref idref="fl-fe"/>
      </object_component>
      <object_component id="oc-4cc">
         <name>.text:finddevice</name>
         <load_address>0x8894</load_address>
         <run_address>0x8894</run_address>
         <size>0x54</size>
         <input_file_ref idref="fl-103"/>
      </object_component>
      <object_component id="oc-28">
         <name>.text:retain</name>
         <load_address>0x88e8</load_address>
         <run_address>0x88e8</run_address>
         <size>0x54</size>
         <input_file_ref idref="fl-a"/>
      </object_component>
      <object_component id="oc-21f">
         <name>.text</name>
         <load_address>0x893c</load_address>
         <run_address>0x893c</run_address>
         <size>0x54</size>
         <input_file_ref idref="fl-f6"/>
      </object_component>
      <object_component id="oc-305">
         <name>.text</name>
         <load_address>0x8990</load_address>
         <run_address>0x8990</run_address>
         <size>0x50</size>
         <input_file_ref idref="fl-da"/>
      </object_component>
      <object_component id="oc-4c6">
         <name>.text:strncpy</name>
         <load_address>0x89e0</load_address>
         <run_address>0x89e0</run_address>
         <size>0x48</size>
         <input_file_ref idref="fl-106"/>
      </object_component>
      <object_component id="oc-472">
         <name>.text:unlink</name>
         <load_address>0x8a28</load_address>
         <run_address>0x8a28</run_address>
         <size>0x48</size>
         <input_file_ref idref="fl-109"/>
      </object_component>
      <object_component id="oc-3d3">
         <name>.text:lseek</name>
         <load_address>0x8a70</load_address>
         <run_address>0x8a70</run_address>
         <size>0x44</size>
         <input_file_ref idref="fl-100"/>
      </object_component>
      <object_component id="oc-36f">
         <name>.text:write</name>
         <load_address>0x8ab4</load_address>
         <run_address>0x8ab4</run_address>
         <size>0x44</size>
         <input_file_ref idref="fl-ee"/>
      </object_component>
      <object_component id="oc-416">
         <name>.text:free_list_insert</name>
         <load_address>0x8af8</load_address>
         <run_address>0x8af8</run_address>
         <size>0x40</size>
         <input_file_ref idref="fl-ea"/>
      </object_component>
      <object_component id="oc-410">
         <name>.text:free_list_remove</name>
         <load_address>0x8b38</load_address>
         <run_address>0x8b38</run_address>
         <size>0x30</size>
         <input_file_ref idref="fl-ea"/>
      </object_component>
      <object_component id="oc-293">
         <name>.text:memccpy</name>
         <load_address>0x8b68</load_address>
         <run_address>0x8b68</run_address>
         <size>0x2c</size>
         <input_file_ref idref="fl-e8"/>
      </object_component>
      <object_component id="oc-363">
         <name>.text:memchr</name>
         <load_address>0x8b94</load_address>
         <run_address>0x8b94</run_address>
         <size>0x2c</size>
         <input_file_ref idref="fl-e9"/>
      </object_component>
      <object_component id="oc-38e">
         <name>.text:copysign</name>
         <load_address>0x8bc0</load_address>
         <run_address>0x8bc0</run_address>
         <size>0x28</size>
         <input_file_ref idref="fl-101"/>
      </object_component>
      <object_component id="oc-5f">
         <name>.text:decompress:ZI:__TI_zero_init_nomemset:__TI_zero_init_nomemset</name>
         <load_address>0x8be8</load_address>
         <run_address>0x8be8</run_address>
         <size>0x28</size>
         <input_file_ref idref="fl-df"/>
      </object_component>
      <object_component id="oc-332">
         <name>.text:strchr</name>
         <load_address>0x8c10</load_address>
         <run_address>0x8c10</run_address>
         <size>0x28</size>
         <input_file_ref idref="fl-eb"/>
      </object_component>
      <object_component id="oc-4e3">
         <name>.text:strcmp</name>
         <load_address>0x8c38</load_address>
         <run_address>0x8c38</run_address>
         <size>0x28</size>
         <input_file_ref idref="fl-104"/>
      </object_component>
      <object_component id="oc-299">
         <name>.text:wcslen</name>
         <load_address>0x8c60</load_address>
         <run_address>0x8c60</run_address>
         <size>0x24</size>
         <input_file_ref idref="fl-d8"/>
      </object_component>
      <object_component id="oc-269">
         <name>.text:strlen</name>
         <load_address>0x8c84</load_address>
         <run_address>0x8c84</run_address>
         <size>0x20</size>
         <input_file_ref idref="fl-ec"/>
      </object_component>
      <object_component id="oc-497">
         <name>.text:strcpy</name>
         <load_address>0x8ca4</load_address>
         <run_address>0x8ca4</run_address>
         <size>0x18</size>
         <input_file_ref idref="fl-105"/>
      </object_component>
      <object_component id="oc-12">
         <name>.text:decompress:none:__TI_decompress_none</name>
         <load_address>0x8cbc</load_address>
         <run_address>0x8cbc</run_address>
         <size>0x14</size>
         <input_file_ref idref="fl-e0"/>
      </object_component>
      <object_component id="oc-29f">
         <name>.text:__aeabi_errno_addr</name>
         <load_address>0x8cd0</load_address>
         <run_address>0x8cd0</run_address>
         <size>0xc</size>
         <input_file_ref idref="fl-ed"/>
      </object_component>
      <object_component id="oc-3e1">
         <name>.text:malloc</name>
         <load_address>0x8cdc</load_address>
         <run_address>0x8cdc</run_address>
         <size>0xc</size>
         <input_file_ref idref="fl-ea"/>
      </object_component>
      <object_component id="oc-151">
         <name>.text:abort:abort</name>
         <load_address>0x8ce8</load_address>
         <run_address>0x8ce8</run_address>
         <size>0x8</size>
         <input_file_ref idref="fl-e2"/>
      </object_component>
      <object_component id="oc-7c">
         <name>.text</name>
         <load_address>0x8cf0</load_address>
         <run_address>0x8cf0</run_address>
         <size>0x4</size>
         <input_file_ref idref="fl-15"/>
      </object_component>
      <object_component id="oc-2b1">
         <name>.text:_nop</name>
         <load_address>0x8cf4</load_address>
         <run_address>0x8cf4</run_address>
         <size>0x4</size>
         <input_file_ref idref="fl-e3"/>
      </object_component>
      <object_component id="oc-212">
         <name>.text:_outc</name>
         <load_address>0x8cf8</load_address>
         <run_address>0x8cf8</run_address>
         <size>0x4</size>
         <input_file_ref idref="fl-d2"/>
      </object_component>
      <object_component id="oc-20c">
         <name>.text:_outs</name>
         <load_address>0x8cfc</load_address>
         <run_address>0x8cfc</run_address>
         <size>0x4</size>
         <input_file_ref idref="fl-d2"/>
      </object_component>
      <object_component id="oc-33">
         <name>.text:retain</name>
         <load_address>0x8d00</load_address>
         <run_address>0x8d00</run_address>
         <size>0x4</size>
         <input_file_ref idref="fl-12"/>
      </object_component>
      <object_component id="oc-2d4">
         <name>.text</name>
         <load_address>0x8d04</load_address>
         <run_address>0x8d04</run_address>
         <size>0x4</size>
         <input_file_ref idref="fl-f5"/>
      </object_component>
      <object_component id="oc-25">
         <name>.const:s_vim_init</name>
         <load_address>0x8d20</load_address>
         <run_address>0x8d20</run_address>
         <size>0x200</size>
         <input_file_ref idref="fl-16"/>
      </object_component>
      <object_component id="oc-2fb">
         <name>.const:.string:_ctypes_</name>
         <load_address>0x8f20</load_address>
         <run_address>0x8f20</run_address>
         <size>0x101</size>
         <input_file_ref idref="fl-e5"/>
      </object_component>
      <object_component id="oc-1f2">
         <name>.const:s_adcFiFoSize</name>
         <load_address>0x9024</load_address>
         <run_address>0x9024</run_address>
         <size>0x18</size>
         <input_file_ref idref="fl-2"/>
      </object_component>
      <object_component id="oc-1f5">
         <name>.const:s_adcSelect</name>
         <load_address>0x903c</load_address>
         <run_address>0x903c</run_address>
         <size>0x18</size>
         <input_file_ref idref="fl-2"/>
      </object_component>
      <object_component id="oc-517">
         <name>.cinit..data.load</name>
         <load_address>0x9060</load_address>
         <run_address>0x9060</run_address>
         <size>0x6b</size>
      </object_component>
      <object_component id="oc-514">
         <name>__TI_handler_table</name>
         <load_address>0x90cc</load_address>
         <run_address>0x90cc</run_address>
         <size>0xc</size>
      </object_component>
      <object_component id="oc-516">
         <name>.cinit..bss.load</name>
         <load_address>0x90d8</load_address>
         <run_address>0x90d8</run_address>
         <size>0x8</size>
      </object_component>
      <object_component id="oc-515">
         <name>__TI_cinit_table</name>
         <load_address>0x90e0</load_address>
         <run_address>0x90e0</run_address>
         <size>0x10</size>
      </object_component>
      <object_component id="oc-1ed">
         <name>.bss:g_sciTransfer_t</name>
         <uninitialized>true</uninitialized>
         <run_address>0x8001ec0</run_address>
         <size>0x50</size>
         <input_file_ref idref="fl-b"/>
      </object_component>
      <object_component id="oc-4ae">
         <name>.bss:_CIOBUF_</name>
         <uninitialized>true</uninitialized>
         <run_address>0x8001d00</run_address>
         <size>0x120</size>
         <input_file_ref idref="fl-fe"/>
      </object_component>
      <object_component id="oc-478">
         <name>.common:__TI_tmpnams</name>
         <uninitialized>true</uninitialized>
         <run_address>0x8001e20</run_address>
         <size>0xa0</size>
      </object_component>
      <object_component id="oc-489">
         <name>.common:parmbuf</name>
         <uninitialized>true</uninitialized>
         <run_address>0x8001f10</run_address>
         <size>0x8</size>
      </object_component>
      <object_component id="oc-229">
         <name>.data:$O1$$</name>
         <load_address>0x80020e0</load_address>
         <run_address>0x80020e0</run_address>
         <size>0xc</size>
         <input_file_ref idref="fl-e2"/>
      </object_component>
      <object_component id="oc-206">
         <name>.data:$O1$$</name>
         <load_address>0x80020ec</load_address>
         <run_address>0x80020ec</run_address>
         <size>0x8</size>
         <input_file_ref idref="fl-e3"/>
      </object_component>
      <object_component id="oc-209">
         <name>.data:_ftable</name>
         <load_address>0x8001f18</load_address>
         <run_address>0x8001f18</run_address>
         <size>0xf0</size>
         <input_file_ref idref="fl-e6"/>
      </object_component>
      <object_component id="oc-42a">
         <name>.data</name>
         <load_address>0x80020d0</load_address>
         <run_address>0x80020d0</run_address>
         <size>0x10</size>
         <input_file_ref idref="fl-e6"/>
      </object_component>
      <object_component id="oc-460">
         <name>.data:$O1$$</name>
         <load_address>0x80020f4</load_address>
         <run_address>0x80020f4</run_address>
         <size>0x8</size>
         <input_file_ref idref="fl-ea"/>
      </object_component>
      <object_component id="oc-342">
         <name>.data</name>
         <load_address>0x80020fc</load_address>
         <run_address>0x80020fc</run_address>
         <size>0x4</size>
         <input_file_ref idref="fl-ed"/>
      </object_component>
      <object_component id="oc-3fa">
         <name>.data:_device</name>
         <load_address>0x8002008</load_address>
         <run_address>0x8002008</run_address>
         <size>0x78</size>
         <input_file_ref idref="fl-ef"/>
      </object_component>
      <object_component id="oc-3bc">
         <name>.data:_stream</name>
         <load_address>0x8002080</load_address>
         <run_address>0x8002080</run_address>
         <size>0x50</size>
         <input_file_ref idref="fl-ef"/>
      </object_component>
      <object_component id="oc-45">
         <name>.sysmem</name>
         <uninitialized>true</uninitialized>
         <run_address>0x8001500</run_address>
         <size>0x10</size>
         <input_file_ref idref="fl-ea"/>
      </object_component>
      <object_component id="oc-518">
         <name>.sysmem</name>
         <uninitialized>true</uninitialized>
         <run_address>0x8001500</run_address>
         <size>0x0</size>
      </object_component>
      <object_component id="oc-191">
         <name>.debug_info</name>
         <load_address>0x0</load_address>
         <run_address>0x0</run_address>
         <size>0x34f</size>
         <input_file_ref idref="fl-2"/>
      </object_component>
      <object_component id="oc-1f6">
         <name>.debug_info</name>
         <load_address>0x34f</load_address>
         <run_address>0x34f</run_address>
         <size>0x106</size>
         <input_file_ref idref="fl-2"/>
      </object_component>
      <object_component id="oc-1f3">
         <name>.debug_info</name>
         <load_address>0x455</load_address>
         <run_address>0x455</run_address>
         <size>0x10b</size>
         <input_file_ref idref="fl-2"/>
      </object_component>
      <object_component id="oc-133">
         <name>.debug_info</name>
         <load_address>0x560</load_address>
         <run_address>0x560</run_address>
         <size>0xbd7</size>
         <input_file_ref idref="fl-2"/>
      </object_component>
      <object_component id="oc-1c2">
         <name>.debug_info</name>
         <load_address>0x1137</load_address>
         <run_address>0x1137</run_address>
         <size>0x791</size>
         <input_file_ref idref="fl-2"/>
      </object_component>
      <object_component id="oc-164">
         <name>.debug_info</name>
         <load_address>0x18c8</load_address>
         <run_address>0x18c8</run_address>
         <size>0x26b</size>
         <input_file_ref idref="fl-2"/>
      </object_component>
      <object_component id="oc-a2">
         <name>.debug_info</name>
         <load_address>0x1b33</load_address>
         <run_address>0x1b33</run_address>
         <size>0x157</size>
         <input_file_ref idref="fl-2"/>
      </object_component>
      <object_component id="oc-b3">
         <name>.debug_info</name>
         <load_address>0x1c8a</load_address>
         <run_address>0x1c8a</run_address>
         <size>0x8b</size>
         <input_file_ref idref="fl-2"/>
      </object_component>
      <object_component id="oc-ae">
         <name>.debug_info</name>
         <load_address>0x1d15</load_address>
         <run_address>0x1d15</run_address>
         <size>0x18c</size>
         <input_file_ref idref="fl-2"/>
      </object_component>
      <object_component id="oc-22f">
         <name>.debug_info</name>
         <load_address>0x1ea1</load_address>
         <run_address>0x1ea1</run_address>
         <size>0x297</size>
         <input_file_ref idref="fl-2"/>
      </object_component>
      <object_component id="oc-15d">
         <name>.debug_info</name>
         <load_address>0x2138</load_address>
         <run_address>0x2138</run_address>
         <size>0xbb</size>
         <input_file_ref idref="fl-2"/>
      </object_component>
      <object_component id="oc-b8">
         <name>.debug_info</name>
         <load_address>0x21f3</load_address>
         <run_address>0x21f3</run_address>
         <size>0x86</size>
         <input_file_ref idref="fl-2"/>
      </object_component>
      <object_component id="oc-14c">
         <name>.debug_info</name>
         <load_address>0x2279</load_address>
         <run_address>0x2279</run_address>
         <size>0x38f</size>
         <input_file_ref idref="fl-2"/>
      </object_component>
      <object_component id="oc-187">
         <name>.debug_info</name>
         <load_address>0x2608</load_address>
         <run_address>0x2608</run_address>
         <size>0x36d</size>
         <input_file_ref idref="fl-2"/>
      </object_component>
      <object_component id="oc-234">
         <name>.debug_info</name>
         <load_address>0x2975</load_address>
         <run_address>0x2975</run_address>
         <size>0x3a8</size>
         <input_file_ref idref="fl-3"/>
      </object_component>
      <object_component id="oc-9c">
         <name>.debug_info</name>
         <load_address>0x2d1d</load_address>
         <run_address>0x2d1d</run_address>
         <size>0x429</size>
         <input_file_ref idref="fl-3"/>
      </object_component>
      <object_component id="oc-169">
         <name>.debug_info</name>
         <load_address>0x3146</load_address>
         <run_address>0x3146</run_address>
         <size>0x102</size>
         <input_file_ref idref="fl-3"/>
      </object_component>
      <object_component id="oc-1cc">
         <name>.debug_info</name>
         <load_address>0x3248</load_address>
         <run_address>0x3248</run_address>
         <size>0x142</size>
         <input_file_ref idref="fl-3"/>
      </object_component>
      <object_component id="oc-16e">
         <name>.debug_info</name>
         <load_address>0x338a</load_address>
         <run_address>0x338a</run_address>
         <size>0x285</size>
         <input_file_ref idref="fl-3"/>
      </object_component>
      <object_component id="oc-173">
         <name>.debug_info</name>
         <load_address>0x360f</load_address>
         <run_address>0x360f</run_address>
         <size>0x44a</size>
         <input_file_ref idref="fl-3"/>
      </object_component>
      <object_component id="oc-178">
         <name>.debug_info</name>
         <load_address>0x3a59</load_address>
         <run_address>0x3a59</run_address>
         <size>0x1f9</size>
         <input_file_ref idref="fl-3"/>
      </object_component>
      <object_component id="oc-17d">
         <name>.debug_info</name>
         <load_address>0x3c52</load_address>
         <run_address>0x3c52</run_address>
         <size>0x152</size>
         <input_file_ref idref="fl-3"/>
      </object_component>
      <object_component id="oc-182">
         <name>.debug_info</name>
         <load_address>0x3da4</load_address>
         <run_address>0x3da4</run_address>
         <size>0x70a</size>
         <input_file_ref idref="fl-3"/>
      </object_component>
      <object_component id="oc-1ba">
         <name>.debug_info</name>
         <load_address>0x44ae</load_address>
         <run_address>0x44ae</run_address>
         <size>0x2e2</size>
         <input_file_ref idref="fl-5"/>
      </object_component>
      <object_component id="oc-77">
         <name>.debug_info</name>
         <load_address>0x4790</load_address>
         <run_address>0x4790</run_address>
         <size>0x681</size>
         <input_file_ref idref="fl-5"/>
      </object_component>
      <object_component id="oc-4e">
         <name>.debug_info</name>
         <load_address>0x4e11</load_address>
         <run_address>0x4e11</run_address>
         <size>0x84</size>
         <input_file_ref idref="fl-5"/>
      </object_component>
      <object_component id="oc-e7">
         <name>.debug_info</name>
         <load_address>0x4e95</load_address>
         <run_address>0x4e95</run_address>
         <size>0x9e7</size>
         <input_file_ref idref="fl-5"/>
      </object_component>
      <object_component id="oc-fa">
         <name>.debug_info</name>
         <load_address>0x587c</load_address>
         <run_address>0x587c</run_address>
         <size>0x374</size>
         <input_file_ref idref="fl-6"/>
      </object_component>
      <object_component id="oc-8b">
         <name>.debug_info</name>
         <load_address>0x5bf0</load_address>
         <run_address>0x5bf0</run_address>
         <size>0x10e9</size>
         <input_file_ref idref="fl-6"/>
      </object_component>
      <object_component id="oc-21">
         <name>.debug_info</name>
         <load_address>0x6cd9</load_address>
         <run_address>0x6cd9</run_address>
         <size>0x1d1</size>
         <input_file_ref idref="fl-6"/>
      </object_component>
      <object_component id="oc-f5">
         <name>.debug_info</name>
         <load_address>0x6eaa</load_address>
         <run_address>0x6eaa</run_address>
         <size>0x168</size>
         <input_file_ref idref="fl-6"/>
      </object_component>
      <object_component id="oc-ee">
         <name>.debug_info</name>
         <load_address>0x7012</load_address>
         <run_address>0x7012</run_address>
         <size>0x3fa</size>
         <input_file_ref idref="fl-8"/>
      </object_component>
      <object_component id="oc-84">
         <name>.debug_info</name>
         <load_address>0x740c</load_address>
         <run_address>0x740c</run_address>
         <size>0x7df</size>
         <input_file_ref idref="fl-8"/>
      </object_component>
      <object_component id="oc-1bd">
         <name>.debug_info</name>
         <load_address>0x7beb</load_address>
         <run_address>0x7beb</run_address>
         <size>0x306</size>
         <input_file_ref idref="fl-8"/>
      </object_component>
      <object_component id="oc-1c7">
         <name>.debug_info</name>
         <load_address>0x7ef1</load_address>
         <run_address>0x7ef1</run_address>
         <size>0xadd</size>
         <input_file_ref idref="fl-8"/>
      </object_component>
      <object_component id="oc-ef">
         <name>.debug_info</name>
         <load_address>0x89ce</load_address>
         <run_address>0x89ce</run_address>
         <size>0x6eb</size>
         <input_file_ref idref="fl-8"/>
      </object_component>
      <object_component id="oc-1fb">
         <name>.debug_info</name>
         <load_address>0x90b9</load_address>
         <run_address>0x90b9</run_address>
         <size>0x1d4</size>
         <input_file_ref idref="fl-8"/>
      </object_component>
      <object_component id="oc-1d1">
         <name>.debug_info</name>
         <load_address>0x928d</load_address>
         <run_address>0x928d</run_address>
         <size>0x243</size>
         <input_file_ref idref="fl-8"/>
      </object_component>
      <object_component id="oc-25e">
         <name>.debug_info</name>
         <load_address>0x94d0</load_address>
         <run_address>0x94d0</run_address>
         <size>0x18e</size>
         <input_file_ref idref="fl-8"/>
      </object_component>
      <object_component id="oc-238">
         <name>.debug_info</name>
         <load_address>0x965e</load_address>
         <run_address>0x965e</run_address>
         <size>0x2db</size>
         <input_file_ref idref="fl-9"/>
      </object_component>
      <object_component id="oc-e0">
         <name>.debug_info</name>
         <load_address>0x9939</load_address>
         <run_address>0x9939</run_address>
         <size>0x145</size>
         <input_file_ref idref="fl-9"/>
      </object_component>
      <object_component id="oc-1b5">
         <name>.debug_info</name>
         <load_address>0x9a7e</load_address>
         <run_address>0x9a7e</run_address>
         <size>0x199</size>
         <input_file_ref idref="fl-9"/>
      </object_component>
      <object_component id="oc-1fa">
         <name>.debug_info</name>
         <load_address>0x9c17</load_address>
         <run_address>0x9c17</run_address>
         <size>0x334</size>
         <input_file_ref idref="fl-a"/>
      </object_component>
      <object_component id="oc-13a">
         <name>.debug_info</name>
         <load_address>0x9f4b</load_address>
         <run_address>0x9f4b</run_address>
         <size>0x10f9</size>
         <input_file_ref idref="fl-a"/>
      </object_component>
      <object_component id="oc-2a">
         <name>.debug_info</name>
         <load_address>0xb044</load_address>
         <run_address>0xb044</run_address>
         <size>0x16f</size>
         <input_file_ref idref="fl-a"/>
      </object_component>
      <object_component id="oc-1f1">
         <name>.debug_info</name>
         <load_address>0xb1b3</load_address>
         <run_address>0xb1b3</run_address>
         <size>0x326</size>
         <input_file_ref idref="fl-b"/>
      </object_component>
      <object_component id="oc-1ee">
         <name>.debug_info</name>
         <load_address>0xb4d9</load_address>
         <run_address>0xb4d9</run_address>
         <size>0x10e</size>
         <input_file_ref idref="fl-b"/>
      </object_component>
      <object_component id="oc-12d">
         <name>.debug_info</name>
         <load_address>0xb5e7</load_address>
         <run_address>0xb5e7</run_address>
         <size>0xcc6</size>
         <input_file_ref idref="fl-b"/>
      </object_component>
      <object_component id="oc-259">
         <name>.debug_info</name>
         <load_address>0xc2ad</load_address>
         <run_address>0xc2ad</run_address>
         <size>0x91</size>
         <input_file_ref idref="fl-b"/>
      </object_component>
      <object_component id="oc-6e">
         <name>.debug_info</name>
         <load_address>0xc33e</load_address>
         <run_address>0xc33e</run_address>
         <size>0x838</size>
         <input_file_ref idref="fl-c"/>
      </object_component>
      <object_component id="oc-31">
         <name>.debug_info</name>
         <load_address>0xcb76</load_address>
         <run_address>0xcb76</run_address>
         <size>0x12e</size>
         <input_file_ref idref="fl-e"/>
      </object_component>
      <object_component id="oc-14b">
         <name>.debug_info</name>
         <load_address>0xcca4</load_address>
         <run_address>0xcca4</run_address>
         <size>0x5a3</size>
         <input_file_ref idref="fl-f"/>
      </object_component>
      <object_component id="oc-95">
         <name>.debug_info</name>
         <load_address>0xd247</load_address>
         <run_address>0xd247</run_address>
         <size>0x3a6</size>
         <input_file_ref idref="fl-f"/>
      </object_component>
      <object_component id="oc-21a">
         <name>.debug_info</name>
         <load_address>0xd5ed</load_address>
         <run_address>0xd5ed</run_address>
         <size>0x2c</size>
         <input_file_ref idref="fl-f"/>
      </object_component>
      <object_component id="oc-90">
         <name>.debug_info</name>
         <load_address>0xd619</load_address>
         <run_address>0xd619</run_address>
         <size>0x465</size>
         <input_file_ref idref="fl-10"/>
      </object_component>
      <object_component id="oc-237">
         <name>.debug_info</name>
         <load_address>0xda7e</load_address>
         <run_address>0xda7e</run_address>
         <size>0x31c</size>
         <input_file_ref idref="fl-11"/>
      </object_component>
      <object_component id="oc-1b0">
         <name>.debug_info</name>
         <load_address>0xdd9a</load_address>
         <run_address>0xdd9a</run_address>
         <size>0x457</size>
         <input_file_ref idref="fl-11"/>
      </object_component>
      <object_component id="oc-34">
         <name>.debug_info</name>
         <load_address>0xe1f1</load_address>
         <run_address>0xe1f1</run_address>
         <size>0x166</size>
         <input_file_ref idref="fl-12"/>
      </object_component>
      <object_component id="oc-1b">
         <name>.debug_info</name>
         <load_address>0xe357</load_address>
         <run_address>0xe357</run_address>
         <size>0x306</size>
         <input_file_ref idref="fl-15"/>
      </object_component>
      <object_component id="oc-7d">
         <name>.debug_info</name>
         <load_address>0xe65d</load_address>
         <run_address>0xe65d</run_address>
         <size>0x15f</size>
         <input_file_ref idref="fl-15"/>
      </object_component>
      <object_component id="oc-a9">
         <name>.debug_info</name>
         <load_address>0xe7bc</load_address>
         <run_address>0xe7bc</run_address>
         <size>0x4a7</size>
         <input_file_ref idref="fl-16"/>
      </object_component>
      <object_component id="oc-26">
         <name>.debug_info</name>
         <load_address>0xec63</load_address>
         <run_address>0xec63</run_address>
         <size>0x108</size>
         <input_file_ref idref="fl-16"/>
      </object_component>
      <object_component id="oc-3b">
         <name>.debug_info</name>
         <load_address>0xed6b</load_address>
         <run_address>0xed6b</run_address>
         <size>0x4b8</size>
         <input_file_ref idref="fl-16"/>
      </object_component>
      <object_component id="oc-40">
         <name>.debug_info</name>
         <load_address>0xf223</load_address>
         <run_address>0xf223</run_address>
         <size>0x223</size>
         <input_file_ref idref="fl-16"/>
      </object_component>
      <object_component id="oc-18c">
         <name>.debug_info</name>
         <load_address>0xf446</load_address>
         <run_address>0xf446</run_address>
         <size>0x4f</size>
         <input_file_ref idref="fl-16"/>
      </object_component>
      <object_component id="oc-e5">
         <name>.debug_info</name>
         <load_address>0xf495</load_address>
         <run_address>0xf495</run_address>
         <size>0x40a</size>
         <input_file_ref idref="fl-17"/>
      </object_component>
      <object_component id="oc-72">
         <name>.debug_info</name>
         <load_address>0xf89f</load_address>
         <run_address>0xf89f</run_address>
         <size>0x665</size>
         <input_file_ref idref="fl-17"/>
      </object_component>
      <object_component id="oc-254">
         <name>.debug_info</name>
         <load_address>0xff04</load_address>
         <run_address>0xff04</run_address>
         <size>0x290</size>
         <input_file_ref idref="fl-d1"/>
      </object_component>
      <object_component id="oc-1e8">
         <name>.debug_info</name>
         <load_address>0x10194</load_address>
         <run_address>0x10194</run_address>
         <size>0x1a1</size>
         <input_file_ref idref="fl-d1"/>
      </object_component>
      <object_component id="oc-2f2">
         <name>.debug_info</name>
         <load_address>0x10335</load_address>
         <run_address>0x10335</run_address>
         <size>0x46</size>
         <input_file_ref idref="fl-d1"/>
      </object_component>
      <object_component id="oc-24f">
         <name>.debug_info</name>
         <load_address>0x1037b</load_address>
         <run_address>0x1037b</run_address>
         <size>0x39</size>
         <input_file_ref idref="fl-d1"/>
      </object_component>
      <object_component id="oc-219">
         <name>.debug_info</name>
         <load_address>0x103b4</load_address>
         <run_address>0x103b4</run_address>
         <size>0x3e6</size>
         <input_file_ref idref="fl-d2"/>
      </object_component>
      <object_component id="oc-216">
         <name>.debug_info</name>
         <load_address>0x1079a</load_address>
         <run_address>0x1079a</run_address>
         <size>0x158</size>
         <input_file_ref idref="fl-d2"/>
      </object_component>
      <object_component id="oc-210">
         <name>.debug_info</name>
         <load_address>0x108f2</load_address>
         <run_address>0x108f2</run_address>
         <size>0x167</size>
         <input_file_ref idref="fl-d2"/>
      </object_component>
      <object_component id="oc-142">
         <name>.debug_info</name>
         <load_address>0x10a59</load_address>
         <run_address>0x10a59</run_address>
         <size>0x1ad</size>
         <input_file_ref idref="fl-d2"/>
      </object_component>
      <object_component id="oc-2cf">
         <name>.debug_info</name>
         <load_address>0x10c06</load_address>
         <run_address>0x10c06</run_address>
         <size>0xb2</size>
         <input_file_ref idref="fl-d2"/>
      </object_component>
      <object_component id="oc-2a6">
         <name>.debug_info</name>
         <load_address>0x10cb8</load_address>
         <run_address>0x10cb8</run_address>
         <size>0x57c</size>
         <input_file_ref idref="fl-d3"/>
      </object_component>
      <object_component id="oc-276">
         <name>.debug_info</name>
         <load_address>0x11234</load_address>
         <run_address>0x11234</run_address>
         <size>0x21a</size>
         <input_file_ref idref="fl-d3"/>
      </object_component>
      <object_component id="oc-30c">
         <name>.debug_info</name>
         <load_address>0x1144e</load_address>
         <run_address>0x1144e</run_address>
         <size>0x1b4</size>
         <input_file_ref idref="fl-d3"/>
      </object_component>
      <object_component id="oc-312">
         <name>.debug_info</name>
         <load_address>0x11602</load_address>
         <run_address>0x11602</run_address>
         <size>0x21c</size>
         <input_file_ref idref="fl-d3"/>
      </object_component>
      <object_component id="oc-27c">
         <name>.debug_info</name>
         <load_address>0x1181e</load_address>
         <run_address>0x1181e</run_address>
         <size>0x2d5</size>
         <input_file_ref idref="fl-d3"/>
      </object_component>
      <object_component id="oc-319">
         <name>.debug_info</name>
         <load_address>0x11af3</load_address>
         <run_address>0x11af3</run_address>
         <size>0x225</size>
         <input_file_ref idref="fl-d3"/>
      </object_component>
      <object_component id="oc-31f">
         <name>.debug_info</name>
         <load_address>0x11d18</load_address>
         <run_address>0x11d18</run_address>
         <size>0x216</size>
         <input_file_ref idref="fl-d3"/>
      </object_component>
      <object_component id="oc-282">
         <name>.debug_info</name>
         <load_address>0x11f2e</load_address>
         <run_address>0x11f2e</run_address>
         <size>0x216</size>
         <input_file_ref idref="fl-d3"/>
      </object_component>
      <object_component id="oc-288">
         <name>.debug_info</name>
         <load_address>0x12144</load_address>
         <run_address>0x12144</run_address>
         <size>0x241</size>
         <input_file_ref idref="fl-d3"/>
      </object_component>
      <object_component id="oc-28e">
         <name>.debug_info</name>
         <load_address>0x12385</load_address>
         <run_address>0x12385</run_address>
         <size>0x35a</size>
         <input_file_ref idref="fl-d3"/>
      </object_component>
      <object_component id="oc-201">
         <name>.debug_info</name>
         <load_address>0x126df</load_address>
         <run_address>0x126df</run_address>
         <size>0x5d3</size>
         <input_file_ref idref="fl-d3"/>
      </object_component>
      <object_component id="oc-2a7">
         <name>.debug_info</name>
         <load_address>0x12cb2</load_address>
         <run_address>0x12cb2</run_address>
         <size>0x86</size>
         <input_file_ref idref="fl-d3"/>
      </object_component>
      <object_component id="oc-34e">
         <name>.debug_info</name>
         <load_address>0x12d38</load_address>
         <run_address>0x12d38</run_address>
         <size>0x39</size>
         <input_file_ref idref="fl-d3"/>
      </object_component>
      <object_component id="oc-3a5">
         <name>.debug_info</name>
         <load_address>0x12d71</load_address>
         <run_address>0x12d71</run_address>
         <size>0xb6</size>
         <input_file_ref idref="fl-d3"/>
      </object_component>
      <object_component id="oc-353">
         <name>.debug_info</name>
         <load_address>0x12e27</load_address>
         <run_address>0x12e27</run_address>
         <size>0x46</size>
         <input_file_ref idref="fl-d3"/>
      </object_component>
      <object_component id="oc-2ac">
         <name>.debug_info</name>
         <load_address>0x12e6d</load_address>
         <run_address>0x12e6d</run_address>
         <size>0x46</size>
         <input_file_ref idref="fl-d3"/>
      </object_component>
      <object_component id="oc-349">
         <name>.debug_info</name>
         <load_address>0x12eb3</load_address>
         <run_address>0x12eb3</run_address>
         <size>0x2c</size>
         <input_file_ref idref="fl-d3"/>
      </object_component>
      <object_component id="oc-378">
         <name>.debug_info</name>
         <load_address>0x12edf</load_address>
         <run_address>0x12edf</run_address>
         <size>0x384</size>
         <input_file_ref idref="fl-d4"/>
      </object_component>
      <object_component id="oc-2c7">
         <name>.debug_info</name>
         <load_address>0x13263</load_address>
         <run_address>0x13263</run_address>
         <size>0x1f2</size>
         <input_file_ref idref="fl-d4"/>
      </object_component>
      <object_component id="oc-376">
         <name>.debug_info</name>
         <load_address>0x13455</load_address>
         <run_address>0x13455</run_address>
         <size>0x3fd</size>
         <input_file_ref idref="fl-d5"/>
      </object_component>
      <object_component id="oc-2c3">
         <name>.debug_info</name>
         <load_address>0x13852</load_address>
         <run_address>0x13852</run_address>
         <size>0x2dc</size>
         <input_file_ref idref="fl-d5"/>
      </object_component>
      <object_component id="oc-1a5">
         <name>.debug_info</name>
         <load_address>0x13b2e</load_address>
         <run_address>0x13b2e</run_address>
         <size>0x2c</size>
         <input_file_ref idref="fl-d5"/>
      </object_component>
      <object_component id="oc-3b7">
         <name>.debug_info</name>
         <load_address>0x13b5a</load_address>
         <run_address>0x13b5a</run_address>
         <size>0x301</size>
         <input_file_ref idref="fl-d6"/>
      </object_component>
      <object_component id="oc-35f">
         <name>.debug_info</name>
         <load_address>0x13e5b</load_address>
         <run_address>0x13e5b</run_address>
         <size>0x19d</size>
         <input_file_ref idref="fl-d6"/>
      </object_component>
      <object_component id="oc-3ef">
         <name>.debug_info</name>
         <load_address>0x13ff8</load_address>
         <run_address>0x13ff8</run_address>
         <size>0xbf</size>
         <input_file_ref idref="fl-d6"/>
      </object_component>
      <object_component id="oc-3ee">
         <name>.debug_info</name>
         <load_address>0x140b7</load_address>
         <run_address>0x140b7</run_address>
         <size>0x375</size>
         <input_file_ref idref="fl-d7"/>
      </object_component>
      <object_component id="oc-3b1">
         <name>.debug_info</name>
         <load_address>0x1442c</load_address>
         <run_address>0x1442c</run_address>
         <size>0x20c</size>
         <input_file_ref idref="fl-d7"/>
      </object_component>
      <object_component id="oc-341">
         <name>.debug_info</name>
         <load_address>0x14638</load_address>
         <run_address>0x14638</run_address>
         <size>0x290</size>
         <input_file_ref idref="fl-d8"/>
      </object_component>
      <object_component id="oc-29a">
         <name>.debug_info</name>
         <load_address>0x148c8</load_address>
         <run_address>0x148c8</run_address>
         <size>0x15b</size>
         <input_file_ref idref="fl-d8"/>
      </object_component>
      <object_component id="oc-39a">
         <name>.debug_info</name>
         <load_address>0x14a23</load_address>
         <run_address>0x14a23</run_address>
         <size>0x46</size>
         <input_file_ref idref="fl-d8"/>
      </object_component>
      <object_component id="oc-33c">
         <name>.debug_info</name>
         <load_address>0x14a69</load_address>
         <run_address>0x14a69</run_address>
         <size>0x39</size>
         <input_file_ref idref="fl-d8"/>
      </object_component>
      <object_component id="oc-d8">
         <name>.debug_info</name>
         <load_address>0x14aa2</load_address>
         <run_address>0x14aa2</run_address>
         <size>0x14d</size>
         <input_file_ref idref="fl-d9"/>
      </object_component>
      <object_component id="oc-306">
         <name>.debug_info</name>
         <load_address>0x14bef</load_address>
         <run_address>0x14bef</run_address>
         <size>0x152</size>
         <input_file_ref idref="fl-da"/>
      </object_component>
      <object_component id="oc-303">
         <name>.debug_info</name>
         <load_address>0x14d41</load_address>
         <run_address>0x14d41</run_address>
         <size>0x18b</size>
         <input_file_ref idref="fl-db"/>
      </object_component>
      <object_component id="oc-56">
         <name>.debug_info</name>
         <load_address>0x14ecc</load_address>
         <run_address>0x14ecc</run_address>
         <size>0x185</size>
         <input_file_ref idref="fl-dc"/>
      </object_component>
      <object_component id="oc-1d9">
         <name>.debug_info</name>
         <load_address>0x15051</load_address>
         <run_address>0x15051</run_address>
         <size>0x4b4</size>
         <input_file_ref idref="fl-dd"/>
      </object_component>
      <object_component id="oc-fe">
         <name>.debug_info</name>
         <load_address>0x15505</load_address>
         <run_address>0x15505</run_address>
         <size>0x1a7</size>
         <input_file_ref idref="fl-dd"/>
      </object_component>
      <object_component id="oc-23d">
         <name>.debug_info</name>
         <load_address>0x156ac</load_address>
         <run_address>0x156ac</run_address>
         <size>0x39</size>
         <input_file_ref idref="fl-dd"/>
      </object_component>
      <object_component id="oc-2e6">
         <name>.debug_info</name>
         <load_address>0x156e5</load_address>
         <run_address>0x156e5</run_address>
         <size>0x39</size>
         <input_file_ref idref="fl-dd"/>
      </object_component>
      <object_component id="oc-242">
         <name>.debug_info</name>
         <load_address>0x1571e</load_address>
         <run_address>0x1571e</run_address>
         <size>0x39</size>
         <input_file_ref idref="fl-dd"/>
      </object_component>
      <object_component id="oc-247">
         <name>.debug_info</name>
         <load_address>0x15757</load_address>
         <run_address>0x15757</run_address>
         <size>0xcd</size>
         <input_file_ref idref="fl-dd"/>
      </object_component>
      <object_component id="oc-d6">
         <name>.debug_info</name>
         <load_address>0x15824</load_address>
         <run_address>0x15824</run_address>
         <size>0x2d0</size>
         <input_file_ref idref="fl-df"/>
      </object_component>
      <object_component id="oc-63">
         <name>.debug_info</name>
         <load_address>0x15af4</load_address>
         <run_address>0x15af4</run_address>
         <size>0x1d3</size>
         <input_file_ref idref="fl-df"/>
      </object_component>
      <object_component id="oc-d1">
         <name>.debug_info</name>
         <load_address>0x15cc7</load_address>
         <run_address>0x15cc7</run_address>
         <size>0x46</size>
         <input_file_ref idref="fl-df"/>
      </object_component>
      <object_component id="oc-5e">
         <name>.debug_info</name>
         <load_address>0x15d0d</load_address>
         <run_address>0x15d0d</run_address>
         <size>0x2a4</size>
         <input_file_ref idref="fl-e0"/>
      </object_component>
      <object_component id="oc-15">
         <name>.debug_info</name>
         <load_address>0x15fb1</load_address>
         <run_address>0x15fb1</run_address>
         <size>0x1d6</size>
         <input_file_ref idref="fl-e0"/>
      </object_component>
      <object_component id="oc-59">
         <name>.debug_info</name>
         <load_address>0x16187</load_address>
         <run_address>0x16187</run_address>
         <size>0x46</size>
         <input_file_ref idref="fl-e0"/>
      </object_component>
      <object_component id="oc-c9">
         <name>.debug_info</name>
         <load_address>0x161cd</load_address>
         <run_address>0x161cd</run_address>
         <size>0x2c</size>
         <input_file_ref idref="fl-e0"/>
      </object_component>
      <object_component id="oc-c7">
         <name>.debug_info</name>
         <load_address>0x161f9</load_address>
         <run_address>0x161f9</run_address>
         <size>0x29f</size>
         <input_file_ref idref="fl-e1"/>
      </object_component>
      <object_component id="oc-f">
         <name>.debug_info</name>
         <load_address>0x16498</load_address>
         <run_address>0x16498</run_address>
         <size>0x251</size>
         <input_file_ref idref="fl-e1"/>
      </object_component>
      <object_component id="oc-49">
         <name>.debug_info</name>
         <load_address>0x166e9</load_address>
         <run_address>0x166e9</run_address>
         <size>0x60</size>
         <input_file_ref idref="fl-e1"/>
      </object_component>
      <object_component id="oc-19e">
         <name>.debug_info</name>
         <load_address>0x16749</load_address>
         <run_address>0x16749</run_address>
         <size>0x46</size>
         <input_file_ref idref="fl-e1"/>
      </object_component>
      <object_component id="oc-c2">
         <name>.debug_info</name>
         <load_address>0x1678f</load_address>
         <run_address>0x1678f</run_address>
[...]
         <value>0x5b60</value>
         <object_component_ref idref="oc-8e"/>
      </symbol>
      <symbol id="sm-3d5">
         <name>_mpuEnable_</name>
         <value>0x5ac0</value>
         <object_component_ref idref="oc-8e"/>
      </symbol>
      <symbol id="sm-3d6">
         <name>_mpuGetNumberOfRegions_</name>
         <value>0x5b10</value>
         <object_component_ref idref="oc-8e"/>
      </symbol>
      <symbol id="sm-3d7">
         <name>_mpuAreRegionsSeparate_</name>
         <value>0x5b1c</value>
         <object_component_ref idref="oc-8e"/>
      </symbol>
      <symbol id="sm-3d8">
         <name>_mpuEnableBackgroundRegion_</name>
         <value>0x5af0</value>
         <object_component_ref idref="oc-8e"/>
      </symbol>
      <symbol id="sm-3d9">
         <name>_mpuGetRegionType_</name>
         <value>0x5b54</value>
         <object_component_ref idref="oc-8e"/>
      </symbol>
      <symbol id="sm-3da">
         <name>_mpuDisable_</name>
         <value>0x5ad8</value>
         <object_component_ref idref="oc-8e"/>
      </symbol>
      <symbol id="sm-3db">
         <name>_mpuGetRegionBaseAddress_</name>
         <value>0x5b40</value>
         <object_component_ref idref="oc-8e"/>
      </symbol>
      <symbol id="sm-3dc">
         <name>_mpuSetRegion_</name>
         <value>0x5b28</value>
         <object_component_ref idref="oc-8e"/>
      </symbol>
      <symbol id="sm-3dd">
         <name>_mpuGetRegion_</name>
         <value>0x5b30</value>
         <object_component_ref idref="oc-8e"/>
      </symbol>
      <symbol id="sm-3f0">
         <name>phantomInterrupt</name>
         <value>0x8d00</value>
         <object_component_ref idref="oc-33"/>
      </symbol>
      <symbol id="sm-40f">
         <name>_c_int00</name>
         <value>0x7774</value>
         <object_component_ref idref="oc-19"/>
      </symbol>
      <symbol id="sm-410">
         <name>handlePLLLockFail</name>
         <value>0x8cf0</value>
         <object_component_ref idref="oc-7c"/>
      </symbol>
      <symbol id="sm-4b3">
         <name>vimChannelMap</name>
         <value>0x2ee4</value>
         <object_component_ref idref="oc-3a"/>
      </symbol>
      <symbol id="sm-4b4">
         <name>vimInit</name>
         <value>0x2e10</value>
         <object_component_ref idref="oc-3a"/>
      </symbol>
      <symbol id="sm-4b5">
         <name>vimEnableInterrupt</name>
         <value>0x2f88</value>
         <object_component_ref idref="oc-3a"/>
      </symbol>
      <symbol id="sm-4b6">
         <name>vimDisableInterrupt</name>
         <value>0x3150</value>
         <object_component_ref idref="oc-3a"/>
      </symbol>
      <symbol id="sm-4b7">
         <name>vimGetConfigValue</name>
         <value>0x31fc</value>
         <object_component_ref idref="oc-3a"/>
      </symbol>
      <symbol id="sm-4b8">
         <name>vimECCErrorHandler</name>
         <value>0x5b74</value>
         <object_component_ref idref="oc-39"/>
      </symbol>
      <symbol id="sm-507">
         <name>systemGetConfigValue</name>
         <value>0x2938</value>
         <object_component_ref idref="oc-70"/>
      </symbol>
      <symbol id="sm-508">
         <name>trimLPO</name>
         <value>0x24d8</value>
         <object_component_ref idref="oc-70"/>
      </symbol>
      <symbol id="sm-509">
         <name>systemInit</name>
         <value>0x276c</value>
         <object_component_ref idref="oc-70"/>
      </symbol>
      <symbol id="sm-50a">
         <name>customTrimLPO</name>
         <value>0x2d68</value>
         <object_component_ref idref="oc-70"/>
      </symbol>
      <symbol id="sm-50b">
         <name>periphInit</name>
         <value>0x258c</value>
         <object_component_ref idref="oc-70"/>
      </symbol>
      <symbol id="sm-50c">
         <name>setupFlash</name>
         <value>0x254c</value>
         <object_component_ref idref="oc-70"/>
      </symbol>
      <symbol id="sm-50d">
         <name>setupPLL</name>
         <value>0x2478</value>
         <object_component_ref idref="oc-70"/>
      </symbol>
      <symbol id="sm-50e">
         <name>getResetSource</name>
         <value>0x2810</value>
         <object_component_ref idref="oc-70"/>
      </symbol>
      <symbol id="sm-50f">
         <name>mapClocks</name>
         <value>0x2640</value>
         <object_component_ref idref="oc-70"/>
      </symbol>
      <symbol id="sm-510">
         <name>systemPowerDown</name>
         <value>0x27e0</value>
         <object_component_ref idref="oc-70"/>
      </symbol>
      <symbol id="sm-534">
         <name>floorl</name>
         <value>0x7218</value>
         <object_component_ref idref="oc-1e7"/>
      </symbol>
      <symbol id="sm-535">
         <name>floor</name>
         <value>0x7218</value>
         <object_component_ref idref="oc-1e7"/>
      </symbol>
      <symbol id="sm-561">
         <name>printf</name>
         <value>0x7e68</value>
         <object_component_ref idref="oc-13e"/>
      </symbol>
      <symbol id="sm-6ae">
         <name>__TI_printfi</name>
         <value>0x20</value>
         <object_component_ref idref="oc-200"/>
      </symbol>
      <symbol id="sm-6c4">
         <name>putc</name>
         <value>0x7578</value>
         <object_component_ref idref="oc-2c6"/>
      </symbol>
      <symbol id="sm-6c5">
         <name>fputc</name>
         <value>0x7578</value>
         <object_component_ref idref="oc-2c6"/>
      </symbol>
      <symbol id="sm-6e6">
         <name>fputs</name>
         <value>0x668c</value>
         <object_component_ref idref="oc-2bf"/>
      </symbol>
      <symbol id="sm-6fd">
         <name>__TI_wrt_ok</name>
         <value>0x7d2c</value>
         <object_component_ref idref="oc-35d"/>
      </symbol>
      <symbol id="sm-717">
         <name>setvbuf</name>
         <value>0x6f7c</value>
         <object_component_ref idref="oc-3b0"/>
      </symbol>
      <symbol id="sm-72f">
         <name>wcslen</name>
         <value>0x8c60</value>
         <object_component_ref idref="oc-299"/>
      </symbol>
      <symbol id="sm-73e">
         <name>__aeabi_memset</name>
         <value>0x7a88</value>
         <object_component_ref idref="oc-d7"/>
      </symbol>
      <symbol id="sm-73f">
         <name>memset</name>
         <value>0x7a94</value>
         <object_component_ref idref="oc-d7"/>
      </symbol>
      <symbol id="sm-740">
         <name>__aeabi_memset8</name>
         <value>0x7a88</value>
         <object_component_ref idref="oc-d7"/>
      </symbol>
      <symbol id="sm-741">
         <name>__aeabi_memset4</name>
         <value>0x7a88</value>
         <object_component_ref idref="oc-d7"/>
      </symbol>
      <symbol id="sm-742">
         <name>__aeabi_memclr8</name>
         <value>0x7a84</value>
         <object_component_ref idref="oc-d7"/>
      </symbol>
      <symbol id="sm-743">
         <name>__aeabi_memclr4</name>
         <value>0x7a84</value>
         <object_component_ref idref="oc-d7"/>
      </symbol>
      <symbol id="sm-744">
         <name>__aeabi_memclr</name>
         <value>0x7a84</value>
         <object_component_ref idref="oc-d7"/>
      </symbol>
      <symbol id="sm-750">
         <name>__aeabi_uidivmod</name>
         <value>0x8990</value>
         <object_component_ref idref="oc-305"/>
      </symbol>
      <symbol id="sm-751">
         <name>__aeabi_uidiv</name>
         <value>0x8990</value>
         <object_component_ref idref="oc-305"/>
      </symbol>
      <symbol id="sm-76d">
         <name>__aeabi_uldivmod</name>
         <value>0x618c</value>
         <object_component_ref idref="oc-300"/>
      </symbol>
      <symbol id="sm-786">
         <name>memcpy</name>
         <value>0x69b0</value>
         <object_component_ref idref="oc-53"/>
      </symbol>
      <symbol id="sm-787">
         <name>__aeabi_memcpy</name>
         <value>0x69b0</value>
         <object_component_ref idref="oc-53"/>
      </symbol>
      <symbol id="sm-788">
         <name>__aeabi_memcpy8</name>
         <value>0x69b0</value>
         <object_component_ref idref="oc-53"/>
      </symbol>
      <symbol id="sm-789">
         <name>__aeabi_memcpy4</name>
         <value>0x69b0</value>
         <object_component_ref idref="oc-53"/>
      </symbol>
      <symbol id="sm-7b1">
         <name>__TI_auto_init_nobinit_nopinit</name>
         <value>0x86cc</value>
         <object_component_ref idref="oc-fc"/>
      </symbol>
      <symbol id="sm-7c5">
         <name>__TI_zero_init_nomemset</name>
         <value>0x8be8</value>
         <object_component_ref idref="oc-5f"/>
      </symbol>
      <symbol id="sm-7dc">
         <name>__TI_decompress_none</name>
         <value>0x8cbc</value>
         <object_component_ref idref="oc-12"/>
      </symbol>
      <symbol id="sm-7ff">
         <name>__TI_decompress_lzss</name>
         <value>0x81e8</value>
         <object_component_ref idref="oc-c"/>
      </symbol>
      <symbol id="sm-825">
         <name>C$$EXIT</name>
         <value>0x8ce8</value>
         <object_component_ref idref="oc-151"/>
      </symbol>
      <symbol id="sm-826">
         <name>abort</name>
         <value>0x8ce8</value>
         <object_component_ref idref="oc-151"/>
      </symbol>
      <symbol id="sm-827">
         <name>__TI_dtors_ptr</name>
         <value>0x80020e4</value>
         <object_component_ref idref="oc-229"/>
      </symbol>
      <symbol id="sm-828">
         <name>__TI_cleanup_ptr</name>
         <value>0x80020e0</value>
         <object_component_ref idref="oc-229"/>
      </symbol>
      <symbol id="sm-829">
         <name>__TI_enable_exit_profile_output</name>
         <value>0x80020e8</value>
         <object_component_ref idref="oc-229"/>
      </symbol>
      <symbol id="sm-82a">
         <name>exit</name>
         <value>0x848c</value>
         <object_component_ref idref="oc-157"/>
      </symbol>
      <symbol id="sm-83f">
         <name>_nop</name>
         <value>0x8cf4</value>
         <object_component_ref idref="oc-2b1"/>
      </symbol>
      <symbol id="sm-840">
         <name>_lock</name>
         <value>0x80020ec</value>
         <object_component_ref idref="oc-206"/>
      </symbol>
      <symbol id="sm-841">
         <name>_unlock</name>
         <value>0x80020f0</value>
         <object_component_ref idref="oc-206"/>
      </symbol>
      <symbol id="sm-854">
         <name>atoi</name>
         <value>0x8388</value>
         <object_component_ref idref="oc-26f"/>
      </symbol>
      <symbol id="sm-85f">
         <name>_ctypes_</name>
         <value>0x8f20</value>
         <object_component_ref idref="oc-2fb"/>
      </symbol>
      <symbol id="sm-874">
         <name>__TI_tmpnams</name>
         <value>0x8001e20</value>
      </symbol>
      <symbol id="sm-875">
         <name>__aeabi_stdout</name>
         <value>0x80020d8</value>
         <object_component_ref idref="oc-42a"/>
      </symbol>
      <symbol id="sm-876">
         <name>__aeabi_stderr</name>
         <value>0x80020dc</value>
         <object_component_ref idref="oc-42a"/>
      </symbol>
      <symbol id="sm-877">
         <name>__aeabi_stdin</name>
         <value>0x80020d4</value>
         <object_component_ref idref="oc-42a"/>
      </symbol>
      <symbol id="sm-878">
         <name>_ftable</name>
         <value>0x8001f18</value>
         <object_component_ref idref="oc-209"/>
      </symbol>
      <symbol id="sm-879">
         <name>__TI_ft_end</name>
         <value>0x80020d0</value>
         <object_component_ref idref="oc-42a"/>
      </symbol>
      <symbol id="sm-887">
         <name>ltoa</name>
         <value>0x840c</value>
         <object_component_ref idref="oc-144"/>
      </symbol>
      <symbol id="sm-896">
         <name>memccpy</name>
         <value>0x8b68</value>
         <object_component_ref idref="oc-293"/>
      </symbol>
      <symbol id="sm-8a5">
         <name>memchr</name>
         <value>0x8b94</value>
         <object_component_ref idref="oc-363"/>
      </symbol>
      <symbol id="sm-923">
         <name>_sys_memory</name>
         <value>0x8001500</value>
         <object_component_ref idref="oc-45"/>
      </symbol>
      <symbol id="sm-924">
         <name>free</name>
         <value>0x6b30</value>
         <object_component_ref idref="oc-3db"/>
      </symbol>
      <symbol id="sm-925">
         <name>memalign</name>
         <value>0x6830</value>
         <object_component_ref idref="oc-41d"/>
      </symbol>
      <symbol id="sm-926">
         <name>malloc</name>
         <value>0x8cdc</value>
         <object_component_ref idref="oc-3e1"/>
      </symbol>
      <symbol id="sm-927">
         <name>aligned_alloc</name>
         <value>0x6830</value>
         <object_component_ref idref="oc-41d"/>
      </symbol>
      <symbol id="sm-935">
         <name>strchr</name>
         <value>0x8c10</value>
         <object_component_ref idref="oc-332"/>
      </symbol>
      <symbol id="sm-943">
         <name>strlen</name>
         <value>0x8c84</value>
         <object_component_ref idref="oc-269"/>
      </symbol>
      <symbol id="sm-959">
         <name>__aeabi_errno_addr</name>
         <value>0x8cd0</value>
         <object_component_ref idref="oc-29f"/>
      </symbol>
      <symbol id="sm-95a">
         <name>errno</name>
         <value>0x80020fc</value>
         <object_component_ref idref="oc-342"/>
      </symbol>
      <symbol id="sm-974">
         <name>write</name>
         <value>0x8ab4</value>
         <object_component_ref idref="oc-36f"/>
      </symbol>
      <symbol id="sm-985">
         <name>_stream</name>
         <value>0x8002080</value>
         <object_component_ref idref="oc-3bc"/>
      </symbol>
      <symbol id="sm-986">
         <name>_device</name>
         <value>0x8002008</value>
         <object_component_ref idref="oc-3fa"/>
      </symbol>
      <symbol id="sm-9a3">
         <name>frexpl</name>
         <value>0x8278</value>
         <object_component_ref idref="oc-326"/>
      </symbol>
      <symbol id="sm-9a4">
         <name>frexp</name>
         <value>0x8278</value>
         <object_component_ref idref="oc-326"/>
      </symbol>
      <symbol id="sm-9be">
         <name>scalbn</name>
         <value>0x734c</value>
         <object_component_ref idref="oc-32c"/>
      </symbol>
      <symbol id="sm-9bf">
         <name>scalbnl</name>
         <value>0x734c</value>
         <object_component_ref idref="oc-32c"/>
      </symbol>
      <symbol id="sm-9c0">
         <name>ldexpl</name>
         <value>0x734c</value>
         <object_component_ref idref="oc-32c"/>
      </symbol>
      <symbol id="sm-9c1">
         <name>ldexp</name>
         <value>0x734c</value>
         <object_component_ref idref="oc-32c"/>
      </symbol>
      <symbol id="sm-9d1">
         <name>__TI_doflush</name>
         <value>0x8304</value>
         <object_component_ref idref="oc-369"/>
      </symbol>
      <symbol id="sm-9e0">
         <name>__TI_cleanup</name>
         <value>0x8798</value>
         <object_component_ref idref="oc-3e7"/>
      </symbol>
      <symbol id="sm-9f2">
         <name>fseek</name>
         <value>0x7be0</value>
         <object_component_ref idref="oc-3aa"/>
      </symbol>
      <symbol id="sm-9fc">
         <name>__aeabi_idiv0</name>
         <value>0x8d04</value>
         <object_component_ref idref="oc-2d4"/>
      </symbol>
      <symbol id="sm-9fd">
         <name>__aeabi_ldiv0</name>
         <value>0x8d04</value>
         <object_component_ref idref="oc-2d4"/>
      </symbol>
      <symbol id="sm-a09">
         <name>__aeabi_idivmod</name>
         <value>0x893c</value>
         <object_component_ref idref="oc-21f"/>
      </symbol>
      <symbol id="sm-a0a">
         <name>__aeabi_idiv</name>
         <value>0x893c</value>
         <object_component_ref idref="oc-21f"/>
      </symbol>
      <symbol id="sm-a1b">
         <name>HOSTclose</name>
         <value>0x8508</value>
         <object_component_ref idref="oc-436"/>
      </symbol>
      <symbol id="sm-a2c">
         <name>HOSTlseek</name>
         <value>0x7b34</value>
         <object_component_ref idref="oc-448"/>
      </symbol>
      <symbol id="sm-a3e">
         <name>parmbuf</name>
         <value>0x8001f10</value>
      </symbol>
      <symbol id="sm-a3f">
         <name>HOSTopen</name>
         <value>0x7f04</value>
         <object_component_ref idref="oc-430"/>
      </symbol>
      <symbol id="sm-a50">
         <name>HOSTread</name>
         <value>0x80c8</value>
         <object_component_ref idref="oc-43c"/>
      </symbol>
      <symbol id="sm-a61">
         <name>HOSTrename</name>
         <value>0x7c88</value>
         <object_component_ref idref="oc-454"/>
      </symbol>
      <symbol id="sm-a72">
         <name>HOSTunlink</name>
         <value>0x85f0</value>
         <object_component_ref idref="oc-44e"/>
      </symbol>
      <symbol id="sm-a83">
         <name>HOSTwrite</name>
         <value>0x8158</value>
         <object_component_ref idref="oc-442"/>
      </symbol>
      <symbol id="sm-aa6">
         <name>__TI_readmsg</name>
         <value>0x87ec</value>
         <object_component_ref idref="oc-483"/>
      </symbol>
      <symbol id="sm-aa7">
         <name>C$$IO$$</name>
         <value>0x8888</value>
         <object_component_ref idref="oc-47d"/>
      </symbol>
      <symbol id="sm-aa8">
         <name>__CIOBUF_</name>
         <value>0x8001d00</value>
         <object_component_ref idref="oc-4ae"/>
      </symbol>
      <symbol id="sm-aa9">
         <name>__TI_writemsg</name>
         <value>0x8840</value>
         <object_component_ref idref="oc-47d"/>
      </symbol>
      <symbol id="sm-aba">
         <name>lseek</name>
         <value>0x8a70</value>
         <object_component_ref idref="oc-3d3"/>
      </symbol>
      <symbol id="sm-ac4">
         <name>copysign</name>
         <value>0x8bc0</value>
         <object_component_ref idref="oc-38e"/>
      </symbol>
      <symbol id="sm-ac5">
         <name>copysignl</name>
         <value>0x8bc0</value>
         <object_component_ref idref="oc-38e"/>
      </symbol>
      <symbol id="sm-ada">
         <name>__TI_closefile</name>
         <value>0x7914</value>
         <object_component_ref idref="oc-424"/>
      </symbol>
      <symbol id="sm-afc">
         <name>finddevice</name>
         <value>0x8894</value>
         <object_component_ref idref="oc-4cc"/>
      </symbol>
      <symbol id="sm-afd">
         <name>getdevice</name>
         <value>0x8660</value>
         <object_component_ref idref="oc-4a4"/>
      </symbol>
      <symbol id="sm-b0b">
         <name>strcmp</name>
         <value>0x8c38</value>
         <object_component_ref idref="oc-4e3"/>
      </symbol>
      <symbol id="sm-b19">
         <name>strcpy</name>
         <value>0x8ca4</value>
         <object_component_ref idref="oc-497"/>
      </symbol>
      <symbol id="sm-b28">
         <name>strncpy</name>
         <value>0x89e0</value>
         <object_component_ref idref="oc-4c6"/>
      </symbol>
      <symbol id="sm-b3d">
         <name>close</name>
         <value>0x7f9c</value>
         <object_component_ref idref="oc-46c"/>
      </symbol>
      <symbol id="sm-b4d">
         <name>unlink</name>
         <value>0x8a28</value>
         <object_component_ref idref="oc-472"/>
      </symbol>
      <symbol id="sm-b4e">
         <name>__TI_static_base__</name>
         <value>0x0</value>
      </symbol>
      <symbol id="sm-b51">
         <name>SHT$$INIT_ARRAY$$Base</name>
         <value>0x0</value>
      </symbol>
      <symbol id="sm-b52">
         <name>SHT$$INIT_ARRAY$$Limit</name>
         <value>0x0</value>
      </symbol>
      <symbol id="sm-b53">
         <name>_system_post_cinit</name>
         <value>0x0</value>
      </symbol>
      <symbol id="sm-b54">
         <name>remove</name>
         <value>0x8a28</value>
      </symbol>
   </symbol_table>
   <title>Link successful</title>
</link_info>
