******************************************************************************
                  TI ARM Linker PC v18.12.3                    
******************************************************************************
>> Linked Sat Oct 12 12:04:25 2019

OUTPUT FILE NAME:   <N2HET PWM.out>
ENTRY POINT SYMBOL: "_c_int00"  address: 00004954


MEMORY CONFIGURATION

         name            origin    length      used     unused   attr    fill
----------------------  --------  ---------  --------  --------  ----  --------
  VECTORS               00000000   00000020  00000020  00000000     X
  FLASH0                00000020   001fffe0  000051dc  001fae04  R  X
  FLASH1                00200000   00200000  00000000  00200000  R  X
  STACKS                08000000   00001500  00000000  00001500  RW  
  RAM                   08001500   0007eb00  0000003c  0007eac4  RW  


SEGMENT ALLOCATION MAP

run origin  load origin   length   init length attrs members
----------  ----------- ---------- ----------- ----- -------
00000000    00000000    00004c28   00004c28    r-x
  00000000    00000000    00000020   00000020    r-x .intvecs
  00000020    00000020    00004c08   00004c08    r-x .text
00004c40    00004c40    000005d4   000005d4    r--
  00004c40    00004c40    000005c0   000005c0    r-- .const
  00005200    00005200    00000014   00000014    r-- .cinit
08001500    08001500    0000003c   00000000    rw-
  08001500    08001500    0000003c   00000000    rw- .bss


SECTION ALLOCATION MAP

 output                                  attributes/
section   page    origin      length       input sections
--------  ----  ----------  ----------   ----------------
.intvecs   0    00000000    00000020     
                  00000000    00000020     HL_sys_intvecs.obj (.intvecs)

.text      0    00000020    00004c08     
                  00000020    000009cc     HL_pinmux.obj (.text)
                  000009ec    00000998     HL_system.obj (.text)
                  00001384    00000938     HL_sys_vim.obj (.text)
                  00001cbc    000008f4     HL_het.obj (.text)
                  000025b0    0000078c     HL_esm.obj (.text)
                  00002d3c    0000069c     HL_rti.obj (.text)
                  000033d8    00000664     HL_errata_SSWF021_45.obj (.text)
                  00003a3c    000003c4     HL_sys_core.obj (.text)
                  00003e00    0000036c     HL_sys_mpu.obj (.text)
                  0000416c    0000033c     HL_sys_vim.obj (.text:retain)
                  000044a8    000001b4     HL_sys_main.obj (.text)
                  0000465c    00000180     rtsv7R4_A_le_v3D16_eabi.lib : memcpy32.asm.obj (.text)
                  000047dc    00000178     HL_esm.obj (.text:retain)
                  00004954    000000d8     HL_sys_startup.obj (.text:retain)
                  00004a2c    000000b4     HL_notification.obj (.text)
                  00004ae0    00000068     rtsv7R4_A_le_v3D16_eabi.lib : autoinit.c.obj (.text:__TI_auto_init_nobinit_nopinit:__TI_auto_init_nobinit_nopinit)
                  00004b48    00000054     HL_rti.obj (.text:retain)
                  00004b9c    00000050     rtsv7R4_A_le_v3D16_eabi.lib : u_div32.asm.obj (.text)
                  00004bec    00000028                                 : copy_zero_init.c.obj (.text:decompress:ZI:__TI_zero_init_nomemset:__TI_zero_init_nomemset)
                  00004c14    00000008                                 : exit.c.obj (.text:abort:abort)
                  00004c1c    00000004     HL_sys_startup.obj (.text)
                  00004c20    00000004     HL_sys_phantom.obj (.text:retain)
                  00004c24    00000004     rtsv7R4_A_le_v3D16_eabi.lib : div0.asm.obj (.text)

.const     0    00004c40    000005c0     
                  00004c40    000003a0     HL_het.obj (.const:het1PROGRAM)
                  00004fe0    00000200     HL_sys_vim.obj (.const:s_vim_init)
                  000051e0    00000020     HL_het.obj (.const:s_het1pwmPolarity)

.cinit     0    00005200    00000014     
                  00005200    00000008     (.cinit..bss.load) [load image, compression = zero_init]
                  00005208    00000004     (__TI_handler_table)
                  0000520c    00000008     (__TI_cinit_table)

.bss       0    08001500    0000003c     UNINITIALIZED
                  08001500    00000010     (.common:blue)
                  08001510    00000010     (.common:green)
                  08001520    00000010     (.common:red)
                  08001530    00000004     (.common:bDuty)
                  08001534    00000004     (.common:gDuty)
                  08001538    00000004     (.common:rDuty)

MODULE SUMMARY

       Module                     code    ro data   rw data
       ------                     ----    -------   -------
    .\source\
       HL_sys_vim.obj             3188    512       0      
       HL_het.obj                 2292    960       0      
       HL_pinmux.obj              2508    0         0      
       HL_system.obj              2456    0         0      
       HL_esm.obj                 2308    0         0      
       HL_rti.obj                 1776    0         0      
       HL_errata_SSWF021_45.obj   1636    0         0      
       HL_sys_core.obj            964     0         0      
       HL_sys_mpu.obj             876     0         0      
       HL_sys_main.obj            436     0         60     
       HL_sys_startup.obj         220     0         0      
       HL_notification.obj        180     0         0      
       HL_sys_intvecs.obj         32      0         0      
       HL_sys_phantom.obj         4       0         0      
    +--+--------------------------+-------+---------+---------+
       Total:                     18876   1472      60     
                                                           
    C:\Software\TI\CCS\ccs\tools\compiler\ti-cgt-arm_18.12.3.LTS\lib\rtsv7R4_A_le_v3D16_eabi.lib
       memcpy32.asm.obj           384     0         0      
       autoinit.c.obj             104     0         0      
       u_div32.asm.obj            80      0         0      
       copy_zero_init.c.obj       40      0         0      
       exit.c.obj                 8       0         0      
       div0.asm.obj               4       0         0      
    +--+--------------------------+-------+---------+---------+
       Total:                     620     0         0      
                                                           
       Linker Generated:          0       20        0      
    +--+--------------------------+-------+---------+---------+
       Grand Total:               19496   1492      60     


LINKER GENERATED COPY TABLES

__TI_cinit_table @ 0000520c records: 1, size/record: 8, table size: 8
	.bss: load addr=00005200, load size=00000008 bytes, run addr=08001500, run size=0000003c bytes, compression=zero_init


LINKER GENERATED HANDLER TABLE

__TI_handler_table @ 00005208 records: 1, size/record: 4, table size: 4
	index: 0, handler: __TI_zero_init


GLOBAL SYMBOLS: SORTED ALPHABETICALLY BY Name 

address   name                                
-------   ----                                
00004c14  C$$EXIT                             
00003108  IsdwdKeySequenceCorrect             
UNDEFED   SHT$$INIT_ARRAY$$Base               
UNDEFED   SHT$$INIT_ARRAY$$Limit              
0000520c  __TI_CINIT_Base                     
00005214  __TI_CINIT_Limit                    
00005208  __TI_Handler_Table_Base             
0000520c  __TI_Handler_Table_Limit            
00003df8  __TI_PINIT_Base                     
00003dfc  __TI_PINIT_Limit                    
00004ae0  __TI_auto_init_nobinit_nopinit      
ffffffff  __TI_pprof_out_hndl                 
ffffffff  __TI_prof_data_size                 
ffffffff  __TI_prof_data_start                
00000000  __TI_static_base__                  
00004bec  __TI_zero_init_nomemset             
00004c24  __aeabi_idiv0                       
00004c24  __aeabi_ldiv0                       
0000465c  __aeabi_memcpy                      
0000465c  __aeabi_memcpy4                     
0000465c  __aeabi_memcpy8                     
00004b9c  __aeabi_uidiv                       
00004b9c  __aeabi_uidivmod                    
ffffffff  __binit__                           
ffffffff  __c_args__                          
00004954  _c_int00                            
00003dac  _cacheDisable_                      
00003d68  _cacheEnable_                       
00003d48  _checkMemInitOn_                    
00003c54  _coreClearAuxiliaryDataFault_       
00003c68  _coreClearAuxiliaryInstructionFault_
00003c2c  _coreClearDataFaultAddress_         
00003c04  _coreClearDataFault_                
00003c40  _coreClearInstructionFaultAddress_  
00003c18  _coreClearInstructionFault_         
00003bdc  _coreDisableEventBusExport_         
00003bcc  _coreEnableEventBusExport_          
00003bec  _coreEnableIrqVicOffset_            
00003bb4  _coreEnableVfp_                     
00003c4c  _coreGetAuxiliaryDataFault_         
00003c60  _coreGetAuxiliaryInstructionFault_  
00003c24  _coreGetDataFaultAddress_           
00003bfc  _coreGetDataFault_                  
00003c38  _coreGetInstructionFaultAddress_    
00003c10  _coreGetInstructionFault_           
00003a3c  _coreInitRegisters_                 
00003b48  _coreInitStackPointer_              
00003dd0  _dCacheInvalidate_                  
00003c74  _disable_IRQ_interrupt_             
00003c7c  _enable_IRQ_interrupt_              
00003c84  _enable_interrupt_                  
000033d8  _errata_SSWF021_45_both_plls        
000035cc  _errata_SSWF021_45_pll1             
00003744  _errata_SSWF021_45_pll2             
00003c8c  _esmCcmErrorsClear_                 
00003b94  _getCPSRValue_                      
00003b9c  _gotoCPUIdle_                       
00003de4  _iCacheInvalidate_                  
00003d14  _memInit_                           
00004114  _mpuAreRegionsSeparate_             
000040f8  _mpuDisableBackgroundRegion_        
000040d0  _mpuDisable_                        
000040e8  _mpuEnableBackgroundRegion_         
000040b8  _mpuEnable_                         
00004108  _mpuGetNumberOfRegions_             
00004138  _mpuGetRegionBaseAddress_           
00004158  _mpuGetRegionPermission_            
0000414c  _mpuGetRegionType_                  
00004128  _mpuGetRegion_                      
00003e00  _mpuInit_                           
00004130  _mpuSetRegionBaseAddress_           
00004164  _mpuSetRegionSizeRegister_          
00004140  _mpuSetRegionTypeAndPermission_     
00004120  _mpuSetRegion_                      
UNDEFED   _system_post_cinit                  
00004c14  abort                               
08001530  bDuty                               
ffffffff  binit                               
08001500  blue                                
000022c8  capGetSignal                        
000012dc  customTrimLPO                       
00004a64  dmaGroupANotification               
00003178  dwdClearFlag                        
0000307c  dwdCounterEnable                    
000030e0  dwdGenerateSysReset                 
00003140  dwdGetStatus                        
00003194  dwdGetViolationStatus               
00002fec  dwdInit                             
000030b8  dwdReset                            
00003098  dwdSetPreload                       
00003064  dwwdGetCurrentDownCounter           
00003018  dwwdInit                            
00002288  edgeDisableNotification             
0000224c  edgeEnableNotification              
00002220  edgeGetCounter                      
00004aa4  edgeNotification                    
000021f4  edgeResetCounter                    
00004acc  epcCAMFullNotification              
00004ad0  epcFIFOFullNotification             
000027c0  esmActivateNormalOperation          
0000290c  esmClearStatus                      
00002970  esmClearStatusBuffer                
0000294c  esmClearStatusUpper                 
0000276c  esmDisableError                     
00002794  esmDisableErrorUpper                
00002814  esmDisableInterrupt                 
0000283c  esmDisableInterruptUpper            
00002728  esmEnableError                      
00002750  esmEnableErrorUpper                 
000027d0  esmEnableInterrupt                  
000027f8  esmEnableInterruptUpper             
00002aa0  esmEnterSelfTest                    
0000270c  esmError                            
00002b78  esmGetConfigValue                   
000029ac  esmGetStatus                        
00002a78  esmGetStatusBuffer                  
00002a30  esmGetStatusUpper                   
00004a2c  esmGroup1Notification               
00004a40  esmGroup2Notification               
00004a54  esmGroup3Notification               
000047dc  esmHighInterrupt                    
000025b0  esmInit                             
00002b28  esmSelfTestStatus                   
0000298c  esmSetCounterPreloadValue           
00002858  esmSetInterruptLevel                
000028cc  esmSetInterruptLevelUpper           
000027b0  esmTriggerErrorPinReset             
08001534  gDuty                               
00000d84  getResetSource                      
08001510  green                               
00004c1c  handlePLLLockFail                   
000023d4  het1GetConfigValue                  
000023bc  hetGetTimestamp                     
00001cbc  hetInit                             
00004ab8  hetNotification                     
000023a0  hetResetTimestamp                   
000044a8  main                                
00000bb4  mapClocks                           
0000465c  memcpy                              
00000020  muxInit                             
00000b00  periphInit                          
00004c20  phantomInterrupt                    
000021c4  pwmDisableNotification              
0000217c  pwmEnableNotification               
0000209c  pwmGetSignal                        
00004a8c  pwmNotification                     
00001de4  pwmSetDuty                          
00001f20  pwmSetSignal                        
00001d7c  pwmStart                            
00001db0  pwmStop                             
08001538  rDuty                               
08001520  red                                 
00000000  resetEntry                          
00004b48  rtiCompare0Interrupt                
0000324c  rtiDisableNotification              
00003220  rtiEnableNotification               
0000326c  rtiGetConfigValue                   
00002f54  rtiGetCurrentTick                   
00002f28  rtiGetPeriod                        
00002d3c  rtiInit                             
000045c4  rtiNotification                     
00002e90  rtiResetCounter                     
00002efc  rtiSetPeriod                        
00002e30  rtiStartCounter                     
00002e60  rtiStopCounter                      
00000ac0  setupFlash                          
000009ec  setupPLL                            
00000eac  systemGetConfigValue                
00000ce0  systemInit                          
00000d54  systemPowerDown                     
00000a4c  trimLPO                             
00001458  vimChannelMap                       
000016c4  vimDisableInterrupt                 
0000416c  vimECCErrorHandler                  
000014fc  vimEnableInterrupt                  
00001770  vimGetConfigValue                   
00001384  vimInit                             


GLOBAL SYMBOLS: SORTED BY Symbol Address 

address   name                                
-------   ----                                
00000000  __TI_static_base__                  
00000000  resetEntry                          
00000020  muxInit                             
000009ec  setupPLL                            
00000a4c  trimLPO                             
00000ac0  setupFlash                          
00000b00  periphInit                          
00000bb4  mapClocks                           
00000ce0  systemInit                          
00000d54  systemPowerDown                     
00000d84  getResetSource                      
00000eac  systemGetConfigValue                
000012dc  customTrimLPO                       
00001384  vimInit                             
00001458  vimChannelMap                       
000014fc  vimEnableInterrupt                  
000016c4  vimDisableInterrupt                 
00001770  vimGetConfigValue                   
00001cbc  hetInit                             
00001d7c  pwmStart                            
00001db0  pwmStop                             
00001de4  pwmSetDuty                          
00001f20  pwmSetSignal                        
0000209c  pwmGetSignal                        
0000217c  pwmEnableNotification               
000021c4  pwmDisableNotification              
000021f4  edgeResetCounter                    
00002220  edgeGetCounter                      
0000224c  edgeEnableNotification              
00002288  edgeDisableNotification             
000022c8  capGetSignal                        
000023a0  hetResetTimestamp                   
000023bc  hetGetTimestamp                     
000023d4  het1GetConfigValue                  
000025b0  esmInit                             
0000270c  esmError                            
00002728  esmEnableError                      
00002750  esmEnableErrorUpper                 
0000276c  esmDisableError                     
00002794  esmDisableErrorUpper                
000027b0  esmTriggerErrorPinReset             
000027c0  esmActivateNormalOperation          
000027d0  esmEnableInterrupt                  
000027f8  esmEnableInterruptUpper             
00002814  esmDisableInterrupt                 
0000283c  esmDisableInterruptUpper            
00002858  esmSetInterruptLevel                
000028cc  esmSetInterruptLevelUpper           
0000290c  esmClearStatus                      
0000294c  esmClearStatusUpper                 
00002970  esmClearStatusBuffer                
0000298c  esmSetCounterPreloadValue           
000029ac  esmGetStatus                        
00002a30  esmGetStatusUpper                   
00002a78  esmGetStatusBuffer                  
00002aa0  esmEnterSelfTest                    
00002b28  esmSelfTestStatus                   
00002b78  esmGetConfigValue                   
00002d3c  rtiInit                             
00002e30  rtiStartCounter                     
00002e60  rtiStopCounter                      
00002e90  rtiResetCounter                     
00002efc  rtiSetPeriod                        
00002f28  rtiGetPeriod                        
00002f54  rtiGetCurrentTick                   
00002fec  dwdInit                             
00003018  dwwdInit                            
00003064  dwwdGetCurrentDownCounter           
0000307c  dwdCounterEnable                    
00003098  dwdSetPreload                       
000030b8  dwdReset                            
000030e0  dwdGenerateSysReset                 
00003108  IsdwdKeySequenceCorrect             
00003140  dwdGetStatus                        
00003178  dwdClearFlag                        
00003194  dwdGetViolationStatus               
00003220  rtiEnableNotification               
0000324c  rtiDisableNotification              
0000326c  rtiGetConfigValue                   
000033d8  _errata_SSWF021_45_both_plls        
000035cc  _errata_SSWF021_45_pll1             
00003744  _errata_SSWF021_45_pll2             
00003a3c  _coreInitRegisters_                 
00003b48  _coreInitStackPointer_              
00003b94  _getCPSRValue_                      
00003b9c  _gotoCPUIdle_                       
00003bb4  _coreEnableVfp_                     
00003bcc  _coreEnableEventBusExport_          
00003bdc  _coreDisableEventBusExport_         
00003bec  _coreEnableIrqVicOffset_            
00003bfc  _coreGetDataFault_                  
00003c04  _coreClearDataFault_                
00003c10  _coreGetInstructionFault_           
00003c18  _coreClearInstructionFault_         
00003c24  _coreGetDataFaultAddress_           
00003c2c  _coreClearDataFaultAddress_         
00003c38  _coreGetInstructionFaultAddress_    
00003c40  _coreClearInstructionFaultAddress_  
00003c4c  _coreGetAuxiliaryDataFault_         
00003c54  _coreClearAuxiliaryDataFault_       
00003c60  _coreGetAuxiliaryInstructionFault_  
00003c68  _coreClearAuxiliaryInstructionFault_
00003c74  _disable_IRQ_interrupt_             
00003c7c  _enable_IRQ_interrupt_              
00003c84  _enable_interrupt_                  
00003c8c  _esmCcmErrorsClear_                 
00003d14  _memInit_                           
00003d48  _checkMemInitOn_                    
00003d68  _cacheEnable_                       
00003dac  _cacheDisable_                      
00003dd0  _dCacheInvalidate_                  
00003de4  _iCacheInvalidate_                  
00003df8  __TI_PINIT_Base                     
00003dfc  __TI_PINIT_Limit                    
00003e00  _mpuInit_                           
000040b8  _mpuEnable_                         
000040d0  _mpuDisable_                        
000040e8  _mpuEnableBackgroundRegion_         
000040f8  _mpuDisableBackgroundRegion_        
00004108  _mpuGetNumberOfRegions_             
00004114  _mpuAreRegionsSeparate_             
00004120  _mpuSetRegion_                      
00004128  _mpuGetRegion_                      
00004130  _mpuSetRegionBaseAddress_           
00004138  _mpuGetRegionBaseAddress_           
00004140  _mpuSetRegionTypeAndPermission_     
0000414c  _mpuGetRegionType_                  
00004158  _mpuGetRegionPermission_            
00004164  _mpuSetRegionSizeRegister_          
0000416c  vimECCErrorHandler                  
000044a8  main                                
000045c4  rtiNotification                     
0000465c  __aeabi_memcpy                      
0000465c  __aeabi_memcpy4                     
0000465c  __aeabi_memcpy8                     
0000465c  memcpy                              
000047dc  esmHighInterrupt                    
00004954  _c_int00                            
00004a2c  esmGroup1Notification               
00004a40  esmGroup2Notification               
00004a54  esmGroup3Notification               
00004a64  dmaGroupANotification               
00004a8c  pwmNotification                     
00004aa4  edgeNotification                    
00004ab8  hetNotification                     
00004acc  epcCAMFullNotification              
00004ad0  epcFIFOFullNotification             
00004ae0  __TI_auto_init_nobinit_nopinit      
00004b48  rtiCompare0Interrupt                
00004b9c  __aeabi_uidiv                       
00004b9c  __aeabi_uidivmod                    
00004bec  __TI_zero_init_nomemset             
00004c14  C$$EXIT                             
00004c14  abort                               
00004c1c  handlePLLLockFail                   
00004c20  phantomInterrupt                    
00004c24  __aeabi_idiv0                       
00004c24  __aeabi_ldiv0                       
00005208  __TI_Handler_Table_Base             
0000520c  __TI_CINIT_Base                     
0000520c  __TI_Handler_Table_Limit            
00005214  __TI_CINIT_Limit                    
08001500  blue                                
08001510  green                               
08001520  red                                 
08001530  bDuty                               
08001534  gDuty                               
08001538  rDuty                               
ffffffff  __TI_pprof_out_hndl                 
ffffffff  __TI_prof_data_size                 
ffffffff  __TI_prof_data_start                
ffffffff  __binit__                           
ffffffff  __c_args__                          
ffffffff  binit                               
UNDEFED   SHT$$INIT_ARRAY$$Base               
UNDEFED   SHT$$INIT_ARRAY$$Limit              
UNDEFED   _system_post_cinit                  

[177 symbols]
