******************************************************************************
                  TI ARM Linker PC v18.12.3                    
******************************************************************************
>> Linked Sat Nov 23 14:00:15 2019

OUTPUT FILE NAME:   <TVA Unit Test.out>
ENTRY POINT SYMBOL: "_c_int00"  address: 00005f88


MEMORY CONFIGURATION

         name            origin    length      used     unused   attr    fill
----------------------  --------  ---------  --------  --------  ----  --------
  VECTORS               00000000   00000020  00000020  00000000     X
  FLASH0                00000020   001fffe0  000077fd  001f87e3  R  X
  FLASH1                00200000   00200000  00000000  00200000  R  X
  STACKS                08000000   00001500  00000000  00001500  RW  
  RAM                   08001500   0007eb00  00000bb0  0007df50  RW  


SEGMENT ALLOCATION MAP

run origin  load origin   length   init length attrs members
----------  ----------- ---------- ----------- ----- -------
00000000    00000000    0000748c   0000748c    r-x
  00000000    00000000    00000020   00000020    r-x .intvecs
  00000020    00000020    0000746c   0000746c    r-x .text
000074a0    000074a0    00000301   00000301    r--
  000074a0    000074a0    00000301   00000301    r-- .const
000077c0    000077c0    00000090   00000090    r--
  000077c0    000077c0    00000090   00000090    r-- .cinit
08001500    08001500    00000bb0   00000000    rw-
  08001500    08001500    00000800   00000000    rw- .sysmem
  08001d00    08001d00    000001e8   00000000    rw- .data
  08001ee8    08001ee8    000001c8   00000000    rw- .bss


SECTION ALLOCATION MAP

 output                                  attributes/
section   page    origin      length       input sections
--------  ----  ----------  ----------   ----------------
.intvecs   0    00000000    00000020     
                  00000000    00000020     HL_sys_intvecs.obj (.intvecs)

.text      0    00000020    0000746c     
                  00000020    00000fac     rtsv7R4_A_le_v3D16_eabi.lib : _printfi.c.obj (.text:__TI_printfi)
                  00000fcc    000009c0     HL_pinmux.obj (.text)
                  0000198c    00000998     HL_system.obj (.text)
                  00002324    00000938     HL_sys_vim.obj (.text)
                  00002c5c    0000078c     HL_esm.obj (.text)
                  000033e8    00000664     HL_errata_SSWF021_45.obj (.text)
                  00003a4c    0000043c     HL_sys_main.obj (.text)
                  00003e88    000003c4     HL_sys_core.obj (.text)
                  0000424c    0000036c     HL_sys_mpu.obj (.text)
                  000045b8    0000033c     HL_sys_vim.obj (.text:retain)
                  000048f4    000002dc     rtsv7R4_A_le_v3D16_eabi.lib : _printfi.c.obj (.text:_pconv_a)
                  00004bd0    000002b8                                 : ull_div32.asm.obj (.text)
                  00004e88    00000248                                 : _printfi.c.obj (.text:_pconv_g)
                  000050d0    000001a4                                 : fputs.c.obj (.text:fputs)
                  00005274    00000180                                 : memory.c.obj (.text:aligned_alloc)
                  000053f4    00000180                                 : memcpy32.asm.obj (.text)
                  00005574    00000178                                 : memory.c.obj (.text:free)
                  000056ec    00000178     HL_esm.obj (.text:retain)
                  00005864    0000015c     rtsv7R4_A_le_v3D16_eabi.lib : _printfi.c.obj (.text:_pconv_e)
                  000059c0    00000158                                 : setvbuf.c.obj (.text:setvbuf)
                  00005b18    00000144                                 : _printfi.c.obj (.text:fcvt)
                  00005c5c    0000011c                                 : s_scalbn.c.obj (.text:scalbn)
                  00005d78    0000010d                                 : _printfi.c.obj (.text:_ltostr)
                  00005e85    00000003     --HOLE-- [fill = 0]
                  00005e88    00000100                                 : fputc.c.obj (.text:fputc)
                  00005f88    000000d8     HL_sys_startup.obj (.text:retain)
                  00006060    000000c8     rtsv7R4_A_le_v3D16_eabi.lib : _printfi.c.obj (.text:_mcpy)
                  00006128    000000b8                                 : fclose.c.obj (.text:__TI_closefile)
                  000061e0    000000b8                                 : memory.c.obj (.text:split)
                  00006298    000000b0                                 : memset32.asm.obj (.text)
                  00006348    000000ac                                 : hostlseek.c.obj (.text:HOSTlseek)
                  000063f4    000000a8                                 : fseek.c.obj (.text:fseek)
                  0000649c    000000a4                                 : hostrename.c.obj (.text:HOSTrename)
                  00006540    000000a0                                 : _io_perm.c.obj (.text:__TI_wrt_ok)
                  000065e0    0000009c                                 : printf.c.obj (.text:printf)
                  0000667c    00000098                                 : hostopen.c.obj (.text:HOSTopen)
                  00006714    00000098                                 : close.c.obj (.text:close)
                  000067ac    00000094                                 : _printfi.c.obj (.text:_ecpy)
                  00006840    00000090                                 : hostread.c.obj (.text:HOSTread)
                  000068d0    00000090                                 : hostwrite.c.obj (.text:HOSTwrite)
                  00006960    00000090                                 : copy_decompress_lzss.c.obj (.text:decompress:lzss:__TI_decompress_lzss)
                  000069f0    0000008c                                 : s_frexp.c.obj (.text:frexp)
                  00006a7c    00000084                                 : fflush.c.obj (.text:__TI_doflush)
                  00006b00    00000084                                 : atoi.c.obj (.text:atoi)
                  00006b84    00000080                                 : ltoa.c.obj (.text:ltoa)
                  00006c04    0000007c                                 : exit.c.obj (.text:exit)
                  00006c80    00000074                                 : hostclose.c.obj (.text:HOSTclose)
                  00006cf4    00000074                                 : _printfi.c.obj (.text:_pconv_f)
                  00006d68    00000070                                 : hostunlink.c.obj (.text:HOSTunlink)
                  00006dd8    0000006c                                 : getdevice.c.obj (.text:getdevice)
                  00006e44    00000068                                 : autoinit.c.obj (.text:__TI_auto_init_nobinit_nopinit:__TI_auto_init_nobinit_nopinit)
                  00006eac    00000064                                 : _printfi.c.obj (.text:_fcpy)
                  00006f10    00000060     HL_notification.obj (.text)
                  00006f70    00000054     rtsv7R4_A_le_v3D16_eabi.lib : fopen.c.obj (.text:__TI_cleanup)
                  00006fc4    00000054                                 : trgmsg.c.obj (.text:__TI_readmsg)
                  00007018    00000054                                 : trgmsg.c.obj (.text:__TI_writemsg)
                  0000706c    00000054                                 : getdevice.c.obj (.text:finddevice)
                  000070c0    00000054                                 : i_div32.asm.obj (.text)
                  00007114    00000050                                 : u_div32.asm.obj (.text)
                  00007164    00000048                                 : strncpy.c.obj (.text:strncpy)
                  000071ac    00000048                                 : unlink.c.obj (.text:unlink)
                  000071f4    00000044                                 : lseek.c.obj (.text:lseek)
                  00007238    00000044                                 : write.c.obj (.text:write)
                  0000727c    00000040                                 : memory.c.obj (.text:free_list_insert)
                  000072bc    00000030                                 : memory.c.obj (.text:free_list_remove)
                  000072ec    0000002c                                 : memccpy.c.obj (.text:memccpy)
                  00007318    0000002c                                 : memchr.c.obj (.text:memchr)
                  00007344    00000028                                 : s_copysign.c.obj (.text:copysign)
                  0000736c    00000028                                 : copy_zero_init.c.obj (.text:decompress:ZI:__TI_zero_init_nomemset:__TI_zero_init_nomemset)
                  00007394    00000028                                 : strchr.c.obj (.text:strchr)
                  000073bc    00000028                                 : strcmp.c.obj (.text:strcmp)
                  000073e4    00000024                                 : wcslen.c.obj (.text:wcslen)
                  00007408    00000020                                 : strlen.c.obj (.text:strlen)
                  00007428    00000018                                 : strcpy.c.obj (.text:strcpy)
                  00007440    00000014                                 : copy_decompress_none.c.obj (.text:decompress:none:__TI_decompress_none)
                  00007454    0000000c                                 : errno.c.obj (.text:__aeabi_errno_addr)
                  00007460    0000000c                                 : memory.c.obj (.text:malloc)
                  0000746c    00000008                                 : exit.c.obj (.text:abort:abort)
                  00007474    00000004     HL_sys_startup.obj (.text)
                  00007478    00000004     rtsv7R4_A_le_v3D16_eabi.lib : _lock.c.obj (.text:_nop)
                  0000747c    00000004                                 : printf.c.obj (.text:_outc)
                  00007480    00000004                                 : printf.c.obj (.text:_outs)
                  00007484    00000004     HL_sys_phantom.obj (.text:retain)
                  00007488    00000004     rtsv7R4_A_le_v3D16_eabi.lib : div0.asm.obj (.text)

.const     0    000074a0    00000301     
                  000074a0    00000200     HL_sys_vim.obj (.const:s_vim_init)
                  000076a0    00000101     rtsv7R4_A_le_v3D16_eabi.lib : ctype.c.obj (.const:.string:_ctypes_)

.cinit     0    000077c0    00000090     
                  000077c0    00000068     (.cinit..data.load) [load image, compression = lzss]
                  00007828    0000000c     (__TI_handler_table)
                  00007834    00000004     --HOLE-- [fill = 0]
                  00007838    00000008     (.cinit..bss.load) [load image, compression = zero_init]
                  00007840    00000010     (__TI_cinit_table)

.sysmem    0    08001500    00000800     UNINITIALIZED
                  08001500    00000010     rtsv7R4_A_le_v3D16_eabi.lib : memory.c.obj (.sysmem)
                  08001510    000007f0     --HOLE--

.data      0    08001d00    000001e8     UNINITIALIZED
                  08001d00    000000f0     rtsv7R4_A_le_v3D16_eabi.lib : defs.c.obj (.data:_ftable)
                  08001df0    00000078                                 : host_device.c.obj (.data:_device)
                  08001e68    00000050                                 : host_device.c.obj (.data:_stream)
                  08001eb8    00000010                                 : defs.c.obj (.data)
                  08001ec8    0000000c                                 : exit.c.obj (.data:$O1$$)
                  08001ed4    00000008                                 : _lock.c.obj (.data:$O1$$)
                  08001edc    00000008                                 : memory.c.obj (.data:$O1$$)
                  08001ee4    00000004                                 : errno.c.obj (.data)

.bss       0    08001ee8    000001c8     UNINITIALIZED
                  08001ee8    00000120     rtsv7R4_A_le_v3D16_eabi.lib : trgmsg.c.obj (.bss:_CIOBUF_)
                  08002008    000000a0     (.common:__TI_tmpnams)
                  080020a8    00000008     (.common:parmbuf)

MODULE SUMMARY

       Module                       code    ro data   rw data
       ------                       ----    -------   -------
    .\source\
       HL_sys_vim.obj               3188    512       0      
       HL_pinmux.obj                2496    0         0      
       HL_system.obj                2456    0         0      
       HL_esm.obj                   2308    0         0      
       HL_errata_SSWF021_45.obj     1636    0         0      
       HL_sys_main.obj              1084    0         0      
       HL_sys_core.obj              964     0         0      
       HL_sys_mpu.obj               876     0         0      
       HL_sys_startup.obj           220     0         0      
       HL_notification.obj          96      0         0      
       HL_sys_intvecs.obj           32      0         0      
       HL_sys_phantom.obj           4       0         0      
    +--+----------------------------+-------+---------+---------+
       Total:                       15360   512       0      
                                                             
    C:\ti\ccs910\ccs\tools\compiler\ti-cgt-arm_18.12.3.LTS\lib\rtsv7R4_A_le_v3D16_eabi.lib
       _printfi.c.obj               6833    0         0      
       memory.c.obj                 1068    0         8      
       ull_div32.asm.obj            696     0         0      
       trgmsg.c.obj                 168     0         288    
       fputs.c.obj                  420     0         0      
       defs.c.obj                   0       0         416    
       memcpy32.asm.obj             384     0         0      
       setvbuf.c.obj                344     0         0      
       s_scalbn.c.obj               284     0         0      
       ctype.c.obj                  0       257       0      
       fputc.c.obj                  256     0         0      
       host_device.c.obj            0       0         200    
       getdevice.c.obj              192     0         0      
       fclose.c.obj                 184     0         0      
       memset32.asm.obj             176     0         0      
       hostlseek.c.obj              172     0         0      
       fseek.c.obj                  168     0         0      
       hostrename.c.obj             164     0         0      
       printf.c.obj                 164     0         0      
       _io_perm.c.obj               160     0         0      
       hostopen.c.obj               152     0         8      
       close.c.obj                  152     0         0      
       copy_decompress_lzss.c.obj   144     0         0      
       exit.c.obj                   132     0         12     
       hostread.c.obj               144     0         0      
       hostwrite.c.obj              144     0         0      
       s_frexp.c.obj                140     0         0      
       atoi.c.obj                   132     0         0      
       fflush.c.obj                 132     0         0      
       ltoa.c.obj                   128     0         0      
       hostclose.c.obj              116     0         0      
       hostunlink.c.obj             112     0         0      
       autoinit.c.obj               104     0         0      
       fopen.c.obj                  84      0         0      
       i_div32.asm.obj              84      0         0      
       u_div32.asm.obj              80      0         0      
       strncpy.c.obj                72      0         0      
       unlink.c.obj                 72      0         0      
       lseek.c.obj                  68      0         0      
       write.c.obj                  68      0         0      
       memccpy.c.obj                44      0         0      
       memchr.c.obj                 44      0         0      
       copy_zero_init.c.obj         40      0         0      
       s_copysign.c.obj             40      0         0      
       strchr.c.obj                 40      0         0      
       strcmp.c.obj                 40      0         0      
       wcslen.c.obj                 36      0         0      
       strlen.c.obj                 32      0         0      
       strcpy.c.obj                 24      0         0      
       copy_decompress_none.c.obj   20      0         0      
       errno.c.obj                  12      0         4      
       _lock.c.obj                  4       0         8      
       div0.asm.obj                 4       0         0      
    +--+----------------------------+-------+---------+---------+
       Total:                       14473   257       944    
                                                             
       Heap:                        0       0         2048   
       Linker Generated:            0       140       0      
    +--+----------------------------+-------+---------+---------+
       Grand Total:                 29833   909       2992   


LINKER GENERATED COPY TABLES

__TI_cinit_table @ 00007840 records: 2, size/record: 8, table size: 16
	.data: load addr=000077c0, load size=00000068 bytes, run addr=08001d00, run size=000001e8 bytes, compression=lzss
	.bss: load addr=00007838, load size=00000008 bytes, run addr=08001ee8, run size=000001c8 bytes, compression=zero_init


LINKER GENERATED HANDLER TABLE

__TI_handler_table @ 00007828 records: 3, size/record: 4, table size: 12
	index: 0, handler: __TI_zero_init
	index: 1, handler: __TI_decompress_lzss
	index: 2, handler: __TI_decompress_none


GLOBAL SYMBOLS: SORTED ALPHABETICALLY BY Name 

address   name                                
-------   ----                                
0000746c  C$$EXIT                             
00007060  C$$IO$$                             
00006c80  HOSTclose                           
00006348  HOSTlseek                           
0000667c  HOSTopen                            
00006840  HOSTread                            
0000649c  HOSTrename                          
00006d68  HOSTunlink                          
000068d0  HOSTwrite                           
UNDEFED   SHT$$INIT_ARRAY$$Base               
UNDEFED   SHT$$INIT_ARRAY$$Limit              
00003ba4  TVA                                 
08001ee8  __CIOBUF_                           
00000800  __SYSMEM_SIZE                       
00007840  __TI_CINIT_Base                     
00007850  __TI_CINIT_Limit                    
00007828  __TI_Handler_Table_Base             
00007834  __TI_Handler_Table_Limit            
00004244  __TI_PINIT_Base                     
00004248  __TI_PINIT_Limit                    
00006e44  __TI_auto_init_nobinit_nopinit      
00006f70  __TI_cleanup                        
08001ec8  __TI_cleanup_ptr                    
00006128  __TI_closefile                      
00006960  __TI_decompress_lzss                
00007440  __TI_decompress_none                
00006a7c  __TI_doflush                        
08001ecc  __TI_dtors_ptr                      
08001ed0  __TI_enable_exit_profile_output     
08001eb8  __TI_ft_end                         
ffffffff  __TI_pprof_out_hndl                 
00000020  __TI_printfi                        
ffffffff  __TI_prof_data_size                 
ffffffff  __TI_prof_data_start                
00006fc4  __TI_readmsg                        
00000000  __TI_static_base__                  
08002008  __TI_tmpnams                        
00007018  __TI_writemsg                       
00006540  __TI_wrt_ok                         
0000736c  __TI_zero_init_nomemset             
00007454  __aeabi_errno_addr                  
000070c0  __aeabi_idiv                        
00007488  __aeabi_idiv0                       
000070c0  __aeabi_idivmod                     
00007488  __aeabi_ldiv0                       
00006298  __aeabi_memclr                      
00006298  __aeabi_memclr4                     
00006298  __aeabi_memclr8                     
000053f4  __aeabi_memcpy                      
000053f4  __aeabi_memcpy4                     
000053f4  __aeabi_memcpy8                     
0000629c  __aeabi_memset                      
0000629c  __aeabi_memset4                     
0000629c  __aeabi_memset8                     
08001ec4  __aeabi_stderr                      
08001ebc  __aeabi_stdin                       
08001ec0  __aeabi_stdout                      
00007114  __aeabi_uidiv                       
00007114  __aeabi_uidivmod                    
00004bd0  __aeabi_uldivmod                    
ffffffff  __binit__                           
ffffffff  __c_args__                          
00005f88  _c_int00                            
000041f8  _cacheDisable_                      
000041b4  _cacheEnable_                       
00004194  _checkMemInitOn_                    
000040a0  _coreClearAuxiliaryDataFault_       
000040b4  _coreClearAuxiliaryInstructionFault_
00004078  _coreClearDataFaultAddress_         
00004050  _coreClearDataFault_                
0000408c  _coreClearInstructionFaultAddress_  
00004064  _coreClearInstructionFault_         
00004028  _coreDisableEventBusExport_         
00004018  _coreEnableEventBusExport_          
00004038  _coreEnableIrqVicOffset_            
00004000  _coreEnableVfp_                     
00004098  _coreGetAuxiliaryDataFault_         
000040ac  _coreGetAuxiliaryInstructionFault_  
00004070  _coreGetDataFaultAddress_           
00004048  _coreGetDataFault_                  
00004084  _coreGetInstructionFaultAddress_    
0000405c  _coreGetInstructionFault_           
00003e88  _coreInitRegisters_                 
00003f94  _coreInitStackPointer_              
000076a0  _ctypes_                            
0000421c  _dCacheInvalidate_                  
08001df0  _device                             
000040c0  _disable_IRQ_interrupt_             
000040c8  _enable_IRQ_interrupt_              
000040d0  _enable_interrupt_                  
000033e8  _errata_SSWF021_45_both_plls        
000035dc  _errata_SSWF021_45_pll1             
00003754  _errata_SSWF021_45_pll2             
000040d8  _esmCcmErrorsClear_                 
08001d00  _ftable                             
00003fe0  _getCPSRValue_                      
00003fe8  _gotoCPUIdle_                       
00004230  _iCacheInvalidate_                  
08001ed4  _lock                               
00004160  _memInit_                           
00004560  _mpuAreRegionsSeparate_             
00004544  _mpuDisableBackgroundRegion_        
0000451c  _mpuDisable_                        
00004534  _mpuEnableBackgroundRegion_         
00004504  _mpuEnable_                         
00004554  _mpuGetNumberOfRegions_             
00004584  _mpuGetRegionBaseAddress_           
000045a4  _mpuGetRegionPermission_            
00004598  _mpuGetRegionType_                  
00004574  _mpuGetRegion_                      
0000424c  _mpuInit_                           
0000457c  _mpuSetRegionBaseAddress_           
000045b0  _mpuSetRegionSizeRegister_          
0000458c  _mpuSetRegionTypeAndPermission_     
0000456c  _mpuSetRegion_                      
00007478  _nop                                
08001e68  _stream                             
08001500  _sys_memory                         
UNDEFED   _system_post_cinit                  
08001ed8  _unlock                             
0000746c  abort                               
00005274  aligned_alloc                       
00006b00  atoi                                
ffffffff  binit                               
00006714  close                               
00007344  copysign                            
00007344  copysignl                           
0000227c  customTrimLPO                       
00006f48  dmaGroupANotification               
00006f5c  epcCAMFullNotification              
00006f60  epcFIFOFullNotification             
08001ee4  errno                               
00002e6c  esmActivateNormalOperation          
00002fb8  esmClearStatus                      
0000301c  esmClearStatusBuffer                
00002ff8  esmClearStatusUpper                 
00002e18  esmDisableError                     
00002e40  esmDisableErrorUpper                
00002ec0  esmDisableInterrupt                 
00002ee8  esmDisableInterruptUpper            
00002dd4  esmEnableError                      
00002dfc  esmEnableErrorUpper                 
00002e7c  esmEnableInterrupt                  
00002ea4  esmEnableInterruptUpper             
0000314c  esmEnterSelfTest                    
00002db8  esmError                            
00003224  esmGetConfigValue                   
00003058  esmGetStatus                        
00003124  esmGetStatusBuffer                  
000030dc  esmGetStatusUpper                   
00006f10  esmGroup1Notification               
00006f24  esmGroup2Notification               
00006f38  esmGroup3Notification               
000056ec  esmHighInterrupt                    
00002c5c  esmInit                             
000031d4  esmSelfTestStatus                   
00003038  esmSetCounterPreloadValue           
00002f04  esmSetInterruptLevel                
00002f78  esmSetInterruptLevelUpper           
00002e5c  esmTriggerErrorPinReset             
00006c04  exit                                
0000706c  finddevice                          
00005e88  fputc                               
000050d0  fputs                               
00005574  free                                
000069f0  frexp                               
000069f0  frexpl                              
000063f4  fseek                               
00001d24  getResetSource                      
00006dd8  getdevice                           
00007474  handlePLLLockFail                   
00005c5c  ldexp                               
00005c5c  ldexpl                              
000071f4  lseek                               
00006b84  ltoa                                
00003a4c  main                                
00007460  malloc                              
00001b54  mapClocks                           
00005274  memalign                            
000072ec  memccpy                             
00007318  memchr                              
000053f4  memcpy                              
000062a8  memset                              
00000fcc  muxInit                             
080020a8  parmbuf                             
00001aa0  periphInit                          
00007484  phantomInterrupt                    
000065e0  printf                              
00005e88  putc                                
000071ac  remove                              
00000000  resetEntry                          
00005c5c  scalbn                              
00005c5c  scalbnl                             
00001a60  setupFlash                          
0000198c  setupPLL                            
000059c0  setvbuf                             
00007394  strchr                              
000073bc  strcmp                              
00007428  strcpy                              
00007408  strlen                              
00007164  strncpy                             
00001e4c  systemGetConfigValue                
00001c80  systemInit                          
00001cf4  systemPowerDown                     
000019ec  trimLPO                             
000071ac  unlink                              
000023f8  vimChannelMap                       
00002664  vimDisableInterrupt                 
000045b8  vimECCErrorHandler                  
0000249c  vimEnableInterrupt                  
00002710  vimGetConfigValue                   
00002324  vimInit                             
000073e4  wcslen                              
00007238  write                               


GLOBAL SYMBOLS: SORTED BY Symbol Address 

address   name                                
-------   ----                                
00000000  __TI_static_base__                  
00000000  resetEntry                          
00000020  __TI_printfi                        
00000800  __SYSMEM_SIZE                       
00000fcc  muxInit                             
0000198c  setupPLL                            
000019ec  trimLPO                             
00001a60  setupFlash                          
00001aa0  periphInit                          
00001b54  mapClocks                           
00001c80  systemInit                          
00001cf4  systemPowerDown                     
00001d24  getResetSource                      
00001e4c  systemGetConfigValue                
0000227c  customTrimLPO                       
00002324  vimInit                             
000023f8  vimChannelMap                       
0000249c  vimEnableInterrupt                  
00002664  vimDisableInterrupt                 
00002710  vimGetConfigValue                   
00002c5c  esmInit                             
00002db8  esmError                            
00002dd4  esmEnableError                      
00002dfc  esmEnableErrorUpper                 
00002e18  esmDisableError                     
00002e40  esmDisableErrorUpper                
00002e5c  esmTriggerErrorPinReset             
00002e6c  esmActivateNormalOperation          
00002e7c  esmEnableInterrupt                  
00002ea4  esmEnableInterruptUpper             
00002ec0  esmDisableInterrupt                 
00002ee8  esmDisableInterruptUpper            
00002f04  esmSetInterruptLevel                
00002f78  esmSetInterruptLevelUpper           
00002fb8  esmClearStatus                      
00002ff8  esmClearStatusUpper                 
0000301c  esmClearStatusBuffer                
00003038  esmSetCounterPreloadValue           
00003058  esmGetStatus                        
000030dc  esmGetStatusUpper                   
00003124  esmGetStatusBuffer                  
0000314c  esmEnterSelfTest                    
000031d4  esmSelfTestStatus                   
00003224  esmGetConfigValue                   
000033e8  _errata_SSWF021_45_both_plls        
000035dc  _errata_SSWF021_45_pll1             
00003754  _errata_SSWF021_45_pll2             
00003a4c  main                                
00003ba4  TVA                                 
00003e88  _coreInitRegisters_                 
00003f94  _coreInitStackPointer_              
00003fe0  _getCPSRValue_                      
00003fe8  _gotoCPUIdle_                       
00004000  _coreEnableVfp_                     
00004018  _coreEnableEventBusExport_          
00004028  _coreDisableEventBusExport_         
00004038  _coreEnableIrqVicOffset_            
00004048  _coreGetDataFault_                  
00004050  _coreClearDataFault_                
0000405c  _coreGetInstructionFault_           
00004064  _coreClearInstructionFault_         
00004070  _coreGetDataFaultAddress_           
00004078  _coreClearDataFaultAddress_         
00004084  _coreGetInstructionFaultAddress_    
0000408c  _coreClearInstructionFaultAddress_  
00004098  _coreGetAuxiliaryDataFault_         
000040a0  _coreClearAuxiliaryDataFault_       
000040ac  _coreGetAuxiliaryInstructionFault_  
000040b4  _coreClearAuxiliaryInstructionFault_
000040c0  _disable_IRQ_interrupt_             
000040c8  _enable_IRQ_interrupt_              
000040d0  _enable_interrupt_                  
000040d8  _esmCcmErrorsClear_                 
00004160  _memInit_                           
00004194  _checkMemInitOn_                    
000041b4  _cacheEnable_                       
000041f8  _cacheDisable_                      
0000421c  _dCacheInvalidate_                  
00004230  _iCacheInvalidate_                  
00004244  __TI_PINIT_Base                     
00004248  __TI_PINIT_Limit                    
0000424c  _mpuInit_                           
00004504  _mpuEnable_                         
0000451c  _mpuDisable_                        
00004534  _mpuEnableBackgroundRegion_         
00004544  _mpuDisableBackgroundRegion_        
00004554  _mpuGetNumberOfRegions_             
00004560  _mpuAreRegionsSeparate_             
0000456c  _mpuSetRegion_                      
00004574  _mpuGetRegion_                      
0000457c  _mpuSetRegionBaseAddress_           
00004584  _mpuGetRegionBaseAddress_           
0000458c  _mpuSetRegionTypeAndPermission_     
00004598  _mpuGetRegionType_                  
000045a4  _mpuGetRegionPermission_            
000045b0  _mpuSetRegionSizeRegister_          
000045b8  vimECCErrorHandler                  
00004bd0  __aeabi_uldivmod                    
000050d0  fputs                               
00005274  aligned_alloc                       
00005274  memalign                            
000053f4  __aeabi_memcpy                      
000053f4  __aeabi_memcpy4                     
000053f4  __aeabi_memcpy8                     
000053f4  memcpy                              
00005574  free                                
000056ec  esmHighInterrupt                    
000059c0  setvbuf                             
00005c5c  ldexp                               
00005c5c  ldexpl                              
00005c5c  scalbn                              
00005c5c  scalbnl                             
00005e88  fputc                               
00005e88  putc                                
00005f88  _c_int00                            
00006128  __TI_closefile                      
00006298  __aeabi_memclr                      
00006298  __aeabi_memclr4                     
00006298  __aeabi_memclr8                     
0000629c  __aeabi_memset                      
0000629c  __aeabi_memset4                     
0000629c  __aeabi_memset8                     
000062a8  memset                              
00006348  HOSTlseek                           
000063f4  fseek                               
0000649c  HOSTrename                          
00006540  __TI_wrt_ok                         
000065e0  printf                              
0000667c  HOSTopen                            
00006714  close                               
00006840  HOSTread                            
000068d0  HOSTwrite                           
00006960  __TI_decompress_lzss                
000069f0  frexp                               
000069f0  frexpl                              
00006a7c  __TI_doflush                        
00006b00  atoi                                
00006b84  ltoa                                
00006c04  exit                                
00006c80  HOSTclose                           
00006d68  HOSTunlink                          
00006dd8  getdevice                           
00006e44  __TI_auto_init_nobinit_nopinit      
00006f10  esmGroup1Notification               
00006f24  esmGroup2Notification               
00006f38  esmGroup3Notification               
00006f48  dmaGroupANotification               
00006f5c  epcCAMFullNotification              
00006f60  epcFIFOFullNotification             
00006f70  __TI_cleanup                        
00006fc4  __TI_readmsg                        
00007018  __TI_writemsg                       
00007060  C$$IO$$                             
0000706c  finddevice                          
000070c0  __aeabi_idiv                        
000070c0  __aeabi_idivmod                     
00007114  __aeabi_uidiv                       
00007114  __aeabi_uidivmod                    
00007164  strncpy                             
000071ac  remove                              
000071ac  unlink                              
000071f4  lseek                               
00007238  write                               
000072ec  memccpy                             
00007318  memchr                              
00007344  copysign                            
00007344  copysignl                           
0000736c  __TI_zero_init_nomemset             
00007394  strchr                              
000073bc  strcmp                              
000073e4  wcslen                              
00007408  strlen                              
00007428  strcpy                              
00007440  __TI_decompress_none                
00007454  __aeabi_errno_addr                  
00007460  malloc                              
0000746c  C$$EXIT                             
0000746c  abort                               
00007474  handlePLLLockFail                   
00007478  _nop                                
00007484  phantomInterrupt                    
00007488  __aeabi_idiv0                       
00007488  __aeabi_ldiv0                       
000076a0  _ctypes_                            
00007828  __TI_Handler_Table_Base             
00007834  __TI_Handler_Table_Limit            
00007840  __TI_CINIT_Base                     
00007850  __TI_CINIT_Limit                    
08001500  _sys_memory                         
08001d00  _ftable                             
08001df0  _device                             
08001e68  _stream                             
08001eb8  __TI_ft_end                         
08001ebc  __aeabi_stdin                       
08001ec0  __aeabi_stdout                      
08001ec4  __aeabi_stderr                      
08001ec8  __TI_cleanup_ptr                    
08001ecc  __TI_dtors_ptr                      
08001ed0  __TI_enable_exit_profile_output     
08001ed4  _lock                               
08001ed8  _unlock                             
08001ee4  errno                               
08001ee8  __CIOBUF_                           
08002008  __TI_tmpnams                        
080020a8  parmbuf                             
ffffffff  __TI_pprof_out_hndl                 
ffffffff  __TI_prof_data_size                 
ffffffff  __TI_prof_data_start                
ffffffff  __binit__                           
ffffffff  __c_args__                          
ffffffff  binit                               
UNDEFED   SHT$$INIT_ARRAY$$Base               
UNDEFED   SHT$$INIT_ARRAY$$Limit              
UNDEFED   _system_post_cinit                  

[214 symbols]
