******************************************************************************
                  TI ARM Linker PC v18.12.2                    
******************************************************************************
>> Linked Mon Sep 16 10:59:49 2019

OUTPUT FILE NAME:   <GIO IO.out>
ENTRY POINT SYMBOL: "_c_int00"  address: 00003c34


MEMORY CONFIGURATION

         name            origin    length      used     unused   attr    fill
----------------------  --------  ---------  --------  --------  ----  --------
  VECTORS               00000000   00000020  00000020  00000000     X
  FLASH0                00000020   001fffe0  0000407c  001fbf64  R  X
  FLASH1                00200000   00200000  00000000  00200000  R  X
  STACKS                08000000   00001500  00000000  00001500  RW  
  RAM                   08001500   0007eb00  00000000  0007eb00  RW  


SEGMENT ALLOCATION MAP

run origin  load origin   length   init length attrs members
----------  ----------- ---------- ----------- ----- -------
00000000    00000000    000040a0   000040a0    r-x
  00000000    00000000    00000020   00000020    r-x .intvecs
  00000020    00000020    00003e7c   00003e7c    r-x .text
  00003ea0    00003ea0    00000200   00000200    r-- .const


SECTION ALLOCATION MAP

 output                                  attributes/
section   page    origin      length       input sections
--------  ----  ----------  ----------   ----------------
.intvecs   0    00000000    00000020     
                  00000000    00000020     HL_sys_intvecs.obj (.intvecs)

.text      0    00000020    00003e7c     
                  00000020    000009c0     HL_pinmux.obj (.text)
                  000009e0    00000998     HL_system.obj (.text)
                  00001378    0000093c     HL_sys_vim.obj (.text)
                  00001cb4    0000078c     HL_esm.obj (.text)
                  00002440    00000664     HL_errata_SSWF021_45.obj (.text)
                  00002aa4    00000484     HL_gio.obj (.text)
                  00002f28    000003c4     HL_sys_core.obj (.text)
                  000032ec    0000036c     HL_sys_mpu.obj (.text)
                  00003658    0000033c     HL_sys_vim.obj (.text:retain)
                  00003994    00000178     HL_esm.obj (.text:retain)
                  00003b0c    00000128     HL_gio.obj (.text:retain)
                  00003c34    000000d8     HL_sys_startup.obj (.text:retain)
                  00003d0c    000000a4     HL_sys_main.obj (.text)
                  00003db0    00000074     HL_notification.obj (.text)
                  00003e24    00000068     rtsv7R4_A_le_v3D16_eabi.lib : autoinit.c.obj (.text:__TI_auto_init_nobinit_nopinit:__TI_auto_init_nobinit_nopinit)
                  00003e8c    00000008                                 : exit.c.obj (.text:abort:abort)
                  00003e94    00000004     HL_sys_startup.obj (.text)
                  00003e98    00000004     HL_sys_phantom.obj (.text:retain)

.const     0    00003ea0    00000200     
                  00003ea0    00000200     HL_sys_vim.obj (.const:s_vim_init)

.cinit     0    00000020    00000000     UNINITIALIZED

MODULE SUMMARY

       Module                     code    ro data   rw data
       ------                     ----    -------   -------
    .\source\
       HL_sys_vim.obj             3192    512       0      
       HL_pinmux.obj              2496    0         0      
       HL_system.obj              2456    0         0      
       HL_esm.obj                 2308    0         0      
       HL_errata_SSWF021_45.obj   1636    0         0      
       HL_gio.obj                 1452    0         0      
       HL_sys_core.obj            964     0         0      
       HL_sys_mpu.obj             876     0         0      
       HL_sys_startup.obj         220     0         0      
       HL_sys_main.obj            164     0         0      
       HL_notification.obj        116     0         0      
       HL_sys_intvecs.obj         32      0         0      
       HL_sys_phantom.obj         4       0         0      
    +--+--------------------------+-------+---------+---------+
       Total:                     15916   512       0      
                                                           
    C:\Software\TI\CCS\ccs\tools\compiler\ti-cgt-arm_18.12.2.LTS\lib\rtsv7R4_A_le_v3D16_eabi.lib
       autoinit.c.obj             104     0         0      
       exit.c.obj                 8       0         0      
    +--+--------------------------+-------+---------+---------+
       Total:                     112     0         0      
                                                           
    +--+--------------------------+-------+---------+---------+
       Grand Total:               16028   512       0      


GLOBAL SYMBOLS: SORTED ALPHABETICALLY BY Name 

address   name                                
-------   ----                                
00003e8c  C$$EXIT                             
UNDEFED   SHT$$INIT_ARRAY$$Base               
UNDEFED   SHT$$INIT_ARRAY$$Limit              
UNDEFED   __TI_CINIT_Base                     
UNDEFED   __TI_CINIT_Limit                    
UNDEFED   __TI_Handler_Table_Base             
UNDEFED   __TI_Handler_Table_Limit            
000032e4  __TI_PINIT_Base                     
000032e8  __TI_PINIT_Limit                    
00003e24  __TI_auto_init_nobinit_nopinit      
ffffffff  __TI_pprof_out_hndl                 
ffffffff  __TI_prof_data_size                 
ffffffff  __TI_prof_data_start                
00000000  __TI_static_base__                  
ffffffff  __binit__                           
ffffffff  __c_args__                          
00003c34  _c_int00                            
00003298  _cacheDisable_                      
00003254  _cacheEnable_                       
00003234  _checkMemInitOn_                    
00003140  _coreClearAuxiliaryDataFault_       
00003154  _coreClearAuxiliaryInstructionFault_
00003118  _coreClearDataFaultAddress_         
000030f0  _coreClearDataFault_                
0000312c  _coreClearInstructionFaultAddress_  
00003104  _coreClearInstructionFault_         
000030c8  _coreDisableEventBusExport_         
000030b8  _coreEnableEventBusExport_          
000030d8  _coreEnableIrqVicOffset_            
000030a0  _coreEnableVfp_                     
00003138  _coreGetAuxiliaryDataFault_         
0000314c  _coreGetAuxiliaryInstructionFault_  
00003110  _coreGetDataFaultAddress_           
000030e8  _coreGetDataFault_                  
00003124  _coreGetInstructionFaultAddress_    
000030fc  _coreGetInstructionFault_           
00002f28  _coreInitRegisters_                 
00003034  _coreInitStackPointer_              
000032bc  _dCacheInvalidate_                  
00003160  _disable_IRQ_interrupt_             
00003168  _enable_IRQ_interrupt_              
00003170  _enable_interrupt_                  
00002440  _errata_SSWF021_45_both_plls        
00002634  _errata_SSWF021_45_pll1             
000027ac  _errata_SSWF021_45_pll2             
00003178  _esmCcmErrorsClear_                 
00003080  _getCPSRValue_                      
00003088  _gotoCPUIdle_                       
000032d0  _iCacheInvalidate_                  
00003200  _memInit_                           
00003600  _mpuAreRegionsSeparate_             
000035e4  _mpuDisableBackgroundRegion_        
000035bc  _mpuDisable_                        
000035d4  _mpuEnableBackgroundRegion_         
000035a4  _mpuEnable_                         
000035f4  _mpuGetNumberOfRegions_             
00003624  _mpuGetRegionBaseAddress_           
00003644  _mpuGetRegionPermission_            
00003638  _mpuGetRegionType_                  
00003614  _mpuGetRegion_                      
000032ec  _mpuInit_                           
0000361c  _mpuSetRegionBaseAddress_           
00003650  _mpuSetRegionSizeRegister_          
0000362c  _mpuSetRegionTypeAndPermission_     
0000360c  _mpuSetRegion_                      
UNDEFED   _system_post_cinit                  
00003e8c  abort                               
ffffffff  binit                               
000012d0  customTrimLPO                       
00003de8  dmaGroupANotification               
00003e10  epcCAMFullNotification              
00003e14  epcFIFOFullNotification             
00001ec4  esmActivateNormalOperation          
00002010  esmClearStatus                      
00002074  esmClearStatusBuffer                
00002050  esmClearStatusUpper                 
00001e70  esmDisableError                     
00001e98  esmDisableErrorUpper                
00001f18  esmDisableInterrupt                 
00001f40  esmDisableInterruptUpper            
00001e2c  esmEnableError                      
00001e54  esmEnableErrorUpper                 
00001ed4  esmEnableInterrupt                  
00001efc  esmEnableInterruptUpper             
000021a4  esmEnterSelfTest                    
00001e10  esmError                            
0000227c  esmGetConfigValue                   
000020b0  esmGetStatus                        
0000217c  esmGetStatusBuffer                  
00002134  esmGetStatusUpper                   
00003db0  esmGroup1Notification               
00003dc4  esmGroup2Notification               
00003dd8  esmGroup3Notification               
00003994  esmHighInterrupt                    
00001cb4  esmInit                             
0000222c  esmSelfTestStatus                   
00002090  esmSetCounterPreloadValue           
00001f5c  esmSetInterruptLevel                
00001fd0  esmSetInterruptLevelUpper           
00001eb4  esmTriggerErrorPinReset             
00000d78  getResetSource                      
00002d04  gioDisableNotification              
00002c9c  gioEnableNotification               
00002c04  gioGetBit                           
00002d6c  gioGetConfigValue                   
00002c2c  gioGetPort                          
00003b0c  gioHighLevelInterrupt               
00002aa4  gioInit                             
00003b98  gioLowLevelInterrupt                
00003d54  gioNotification                     
00002b94  gioSetBit                           
00002b74  gioSetDirection                     
00002be4  gioSetPort                          
00002c44  gioToggleBit                        
00003e94  handlePLLLockFail                   
00003d0c  main                                
00000ba8  mapClocks                           
00000020  muxInit                             
00000af4  periphInit                          
00003e98  phantomInterrupt                    
00000000  resetEntry                          
00000ab4  setupFlash                          
000009e0  setupPLL                            
00000ea0  systemGetConfigValue                
00000cd4  systemInit                          
00000d48  systemPowerDown                     
00000a40  trimLPO                             
0000144c  vimChannelMap                       
000016b8  vimDisableInterrupt                 
00003658  vimECCErrorHandler                  
000014f0  vimEnableInterrupt                  
00001764  vimGetConfigValue                   
00001378  vimInit                             


GLOBAL SYMBOLS: SORTED BY Symbol Address 

address   name                                
-------   ----                                
00000000  __TI_static_base__                  
00000000  resetEntry                          
00000020  muxInit                             
000009e0  setupPLL                            
00000a40  trimLPO                             
00000ab4  setupFlash                          
00000af4  periphInit                          
00000ba8  mapClocks                           
00000cd4  systemInit                          
00000d48  systemPowerDown                     
00000d78  getResetSource                      
00000ea0  systemGetConfigValue                
000012d0  customTrimLPO                       
00001378  vimInit                             
0000144c  vimChannelMap                       
000014f0  vimEnableInterrupt                  
000016b8  vimDisableInterrupt                 
00001764  vimGetConfigValue                   
00001cb4  esmInit                             
00001e10  esmError                            
00001e2c  esmEnableError                      
00001e54  esmEnableErrorUpper                 
00001e70  esmDisableError                     
00001e98  esmDisableErrorUpper                
00001eb4  esmTriggerErrorPinReset             
00001ec4  esmActivateNormalOperation          
00001ed4  esmEnableInterrupt                  
00001efc  esmEnableInterruptUpper             
00001f18  esmDisableInterrupt                 
00001f40  esmDisableInterruptUpper            
00001f5c  esmSetInterruptLevel                
00001fd0  esmSetInterruptLevelUpper           
00002010  esmClearStatus                      
00002050  esmClearStatusUpper                 
00002074  esmClearStatusBuffer                
00002090  esmSetCounterPreloadValue           
000020b0  esmGetStatus                        
00002134  esmGetStatusUpper                   
0000217c  esmGetStatusBuffer                  
000021a4  esmEnterSelfTest                    
0000222c  esmSelfTestStatus                   
0000227c  esmGetConfigValue                   
00002440  _errata_SSWF021_45_both_plls        
00002634  _errata_SSWF021_45_pll1             
000027ac  _errata_SSWF021_45_pll2             
00002aa4  gioInit                             
00002b74  gioSetDirection                     
00002b94  gioSetBit                           
00002be4  gioSetPort                          
00002c04  gioGetBit                           
00002c2c  gioGetPort                          
00002c44  gioToggleBit                        
00002c9c  gioEnableNotification               
00002d04  gioDisableNotification              
00002d6c  gioGetConfigValue                   
00002f28  _coreInitRegisters_                 
00003034  _coreInitStackPointer_              
00003080  _getCPSRValue_                      
00003088  _gotoCPUIdle_                       
000030a0  _coreEnableVfp_                     
000030b8  _coreEnableEventBusExport_          
000030c8  _coreDisableEventBusExport_         
000030d8  _coreEnableIrqVicOffset_            
000030e8  _coreGetDataFault_                  
000030f0  _coreClearDataFault_                
000030fc  _coreGetInstructionFault_           
00003104  _coreClearInstructionFault_         
00003110  _coreGetDataFaultAddress_           
00003118  _coreClearDataFaultAddress_         
00003124  _coreGetInstructionFaultAddress_    
0000312c  _coreClearInstructionFaultAddress_  
00003138  _coreGetAuxiliaryDataFault_         
00003140  _coreClearAuxiliaryDataFault_       
0000314c  _coreGetAuxiliaryInstructionFault_  
00003154  _coreClearAuxiliaryInstructionFault_
00003160  _disable_IRQ_interrupt_             
00003168  _enable_IRQ_interrupt_              
00003170  _enable_interrupt_                  
00003178  _esmCcmErrorsClear_                 
00003200  _memInit_                           
00003234  _checkMemInitOn_                    
00003254  _cacheEnable_                       
00003298  _cacheDisable_                      
000032bc  _dCacheInvalidate_                  
000032d0  _iCacheInvalidate_                  
000032e4  __TI_PINIT_Base                     
000032e8  __TI_PINIT_Limit                    
000032ec  _mpuInit_                           
000035a4  _mpuEnable_                         
000035bc  _mpuDisable_                        
000035d4  _mpuEnableBackgroundRegion_         
000035e4  _mpuDisableBackgroundRegion_        
000035f4  _mpuGetNumberOfRegions_             
00003600  _mpuAreRegionsSeparate_             
0000360c  _mpuSetRegion_                      
00003614  _mpuGetRegion_                      
0000361c  _mpuSetRegionBaseAddress_           
00003624  _mpuGetRegionBaseAddress_           
0000362c  _mpuSetRegionTypeAndPermission_     
00003638  _mpuGetRegionType_                  
00003644  _mpuGetRegionPermission_            
00003650  _mpuSetRegionSizeRegister_          
00003658  vimECCErrorHandler                  
00003994  esmHighInterrupt                    
00003b0c  gioHighLevelInterrupt               
00003b98  gioLowLevelInterrupt                
00003c34  _c_int00                            
00003d0c  main                                
00003d54  gioNotification                     
00003db0  esmGroup1Notification               
00003dc4  esmGroup2Notification               
00003dd8  esmGroup3Notification               
00003de8  dmaGroupANotification               
00003e10  epcCAMFullNotification              
00003e14  epcFIFOFullNotification             
00003e24  __TI_auto_init_nobinit_nopinit      
00003e8c  C$$EXIT                             
00003e8c  abort                               
00003e94  handlePLLLockFail                   
00003e98  phantomInterrupt                    
ffffffff  __TI_pprof_out_hndl                 
ffffffff  __TI_prof_data_size                 
ffffffff  __TI_prof_data_start                
ffffffff  __binit__                           
ffffffff  __c_args__                          
ffffffff  binit                               
UNDEFED   SHT$$INIT_ARRAY$$Base               
UNDEFED   SHT$$INIT_ARRAY$$Limit              
UNDEFED   __TI_CINIT_Base                     
UNDEFED   __TI_CINIT_Limit                    
UNDEFED   __TI_Handler_Table_Base             
UNDEFED   __TI_Handler_Table_Limit            
UNDEFED   _system_post_cinit                  

[133 symbols]
