******************************************************************************
                  TI ARM Linker PC v18.12.3                    
******************************************************************************
>> Linked Tue Oct 29 22:15:59 2019

OUTPUT FILE NAME:   <Brake Input Test.out>
ENTRY POINT SYMBOL: "_c_int00"  address: 00009770


MEMORY CONFIGURATION

         name            origin    length      used     unused   attr    fill
----------------------  --------  ---------  --------  --------  ----  --------
  VECTORS               00000000   00000020  00000020  00000000     X
  FLASH0                00000020   001fffe0  0000b78c  001f4854  R  X
  FLASH1                00200000   00200000  00000000  00200000  R  X
  STACKS                08000000   00001500  00000000  00001500  RW  
  RAM                   08001500   0007eb00  00000c00  0007df00  RW  


SEGMENT ALLOCATION MAP

run origin  load origin   length   init length attrs members
----------  ----------- ---------- ----------- ----- -------
00000000    00000000    0000ac68   0000ac68    r-x
  00000000    00000000    00000020   00000020    r-x .intvecs
  00000020    00000020    0000ac48   0000ac48    r-x .text
0000ac80    0000ac80    00000ab4   00000ab4    r--
  0000ac80    0000ac80    00000ab4   00000ab4    r-- .const
0000b740    0000b740    00000090   00000090    r--
  0000b740    0000b740    00000090   00000090    r-- .cinit
08001500    08001500    00000c00   00000000    rw-
  08001500    08001500    00000800   00000000    rw- .sysmem
  08001d00    08001d00    00000218   00000000    rw- .bss
  08001f18    08001f18    000001e8   00000000    rw- .data


SECTION ALLOCATION MAP

 output                                  attributes/
section   page    origin      length       input sections
--------  ----  ----------  ----------   ----------------
.intvecs   0    00000000    00000020     
                  00000000    00000020     HL_sys_intvecs.obj (.intvecs)

.text      0    00000020    0000ac48     
                  00000020    00000fac     rtsv7R4_A_le_v3D16_eabi.lib : _printfi.c.obj (.text:__TI_printfi)
                  00000fcc    00000ea0     HL_adc.obj (.text)
                  00001e6c    00000d74     HL_sci.obj (.text)
                  00002be0    00000bd0     HL_het.obj (.text)
                  000037b0    000009c0     HL_pinmux.obj (.text)
                  00004170    0000099c     HL_system.obj (.text)
                  00004b0c    00000938     HL_sys_vim.obj (.text)
                  00005444    0000078c     HL_esm.obj (.text)
                  00005bd0    0000069c     HL_rti.obj (.text)
                  0000626c    00000664     HL_errata_SSWF021_45.obj (.text)
                  000068d0    00000484     HL_gio.obj (.text)
                  00006d54    000003c4     HL_sys_core.obj (.text)
                  00007118    0000036c     HL_sys_mpu.obj (.text)
                  00007484    00000344     HL_sys_main.obj (.text)
                  000077c8    0000033c     HL_sys_vim.obj (.text:retain)
                  00007b04    000002e0     HL_emif.obj (.text)
                  00007de4    000002dc     rtsv7R4_A_le_v3D16_eabi.lib : _printfi.c.obj (.text:_pconv_a)
                  000080c0    000002b8                                 : ull_div32.asm.obj (.text)
                  00008378    00000248                                 : _printfi.c.obj (.text:_pconv_g)
                  000085c0    000001c4     HL_notification.obj (.text)
                  00008784    000001a4     rtsv7R4_A_le_v3D16_eabi.lib : fputs.c.obj (.text:fputs)
                  00008928    00000180                                 : memory.c.obj (.text:aligned_alloc)
                  00008aa8    00000180                                 : memcpy32.asm.obj (.text)
                  00008c28    00000178                                 : memory.c.obj (.text:free)
                  00008da0    00000178     HL_esm.obj (.text:retain)
                  00008f18    0000015c     rtsv7R4_A_le_v3D16_eabi.lib : _printfi.c.obj (.text:_pconv_e)
                  00009074    00000158                                 : setvbuf.c.obj (.text:setvbuf)
                  000091cc    00000144                                 : _printfi.c.obj (.text:fcvt)
                  00009310    00000134                                 : s_floor.c.obj (.text:floor)
                  00009444    0000011c                                 : s_scalbn.c.obj (.text:scalbn)
                  00009560    0000010d                                 : _printfi.c.obj (.text:_ltostr)
                  0000966d    00000003     --HOLE-- [fill = 0]
                  00009670    00000100                                 : fputc.c.obj (.text:fputc)
                  00009770    000000d8     HL_sys_startup.obj (.text:retain)
                  00009848    000000c8     rtsv7R4_A_le_v3D16_eabi.lib : _printfi.c.obj (.text:_mcpy)
                  00009910    000000b8                                 : fclose.c.obj (.text:__TI_closefile)
                  000099c8    000000b8                                 : memory.c.obj (.text:split)
                  00009a80    000000b0                                 : memset32.asm.obj (.text)
                  00009b30    000000ac                                 : hostlseek.c.obj (.text:HOSTlseek)
                  00009bdc    000000a8                                 : fseek.c.obj (.text:fseek)
                  00009c84    000000a4                                 : hostrename.c.obj (.text:HOSTrename)
                  00009d28    000000a0                                 : _io_perm.c.obj (.text:__TI_wrt_ok)
                  00009dc8    0000009c                                 : printf.c.obj (.text:printf)
                  00009e64    00000098                                 : hostopen.c.obj (.text:HOSTopen)
                  00009efc    00000098                                 : close.c.obj (.text:close)
                  00009f94    00000094                                 : _printfi.c.obj (.text:_ecpy)
                  0000a028    00000090                                 : hostread.c.obj (.text:HOSTread)
                  0000a0b8    00000090                                 : hostwrite.c.obj (.text:HOSTwrite)
                  0000a148    00000090                                 : copy_decompress_lzss.c.obj (.text:decompress:lzss:__TI_decompress_lzss)
                  0000a1d8    0000008c                                 : s_frexp.c.obj (.text:frexp)
                  0000a264    00000084                                 : fflush.c.obj (.text:__TI_doflush)
                  0000a2e8    00000084                                 : atoi.c.obj (.text:atoi)
                  0000a36c    00000080                                 : ltoa.c.obj (.text:ltoa)
                  0000a3ec    0000007c                                 : exit.c.obj (.text:exit)
                  0000a468    00000074                                 : hostclose.c.obj (.text:HOSTclose)
                  0000a4dc    00000074                                 : _printfi.c.obj (.text:_pconv_f)
                  0000a550    00000070                                 : hostunlink.c.obj (.text:HOSTunlink)
                  0000a5c0    0000006c                                 : getdevice.c.obj (.text:getdevice)
                  0000a62c    00000068                                 : autoinit.c.obj (.text:__TI_auto_init_nobinit_nopinit:__TI_auto_init_nobinit_nopinit)
                  0000a694    00000064                                 : _printfi.c.obj (.text:_fcpy)
                  0000a6f8    00000054                                 : fopen.c.obj (.text:__TI_cleanup)
                  0000a74c    00000054                                 : trgmsg.c.obj (.text:__TI_readmsg)
                  0000a7a0    00000054                                 : trgmsg.c.obj (.text:__TI_writemsg)
                  0000a7f4    00000054                                 : getdevice.c.obj (.text:finddevice)
                  0000a848    00000054     HL_rti.obj (.text:retain)
                  0000a89c    00000054     rtsv7R4_A_le_v3D16_eabi.lib : i_div32.asm.obj (.text)
                  0000a8f0    00000050                                 : u_div32.asm.obj (.text)
                  0000a940    00000048                                 : strncpy.c.obj (.text:strncpy)
                  0000a988    00000048                                 : unlink.c.obj (.text:unlink)
                  0000a9d0    00000044                                 : lseek.c.obj (.text:lseek)
                  0000aa14    00000044                                 : write.c.obj (.text:write)
                  0000aa58    00000040                                 : memory.c.obj (.text:free_list_insert)
                  0000aa98    00000030                                 : memory.c.obj (.text:free_list_remove)
                  0000aac8    0000002c                                 : memccpy.c.obj (.text:memccpy)
                  0000aaf4    0000002c                                 : memchr.c.obj (.text:memchr)
                  0000ab20    00000028                                 : s_copysign.c.obj (.text:copysign)
                  0000ab48    00000028                                 : copy_zero_init.c.obj (.text:decompress:ZI:__TI_zero_init_nomemset:__TI_zero_init_nomemset)
                  0000ab70    00000028                                 : strchr.c.obj (.text:strchr)
                  0000ab98    00000028                                 : strcmp.c.obj (.text:strcmp)
                  0000abc0    00000024                                 : wcslen.c.obj (.text:wcslen)
                  0000abe4    00000020                                 : strlen.c.obj (.text:strlen)
                  0000ac04    00000018                                 : strcpy.c.obj (.text:strcpy)
                  0000ac1c    00000014                                 : copy_decompress_none.c.obj (.text:decompress:none:__TI_decompress_none)
                  0000ac30    0000000c                                 : errno.c.obj (.text:__aeabi_errno_addr)
                  0000ac3c    0000000c                                 : memory.c.obj (.text:malloc)
                  0000ac48    00000008                                 : exit.c.obj (.text:abort:abort)
                  0000ac50    00000004     HL_sys_startup.obj (.text)
                  0000ac54    00000004     rtsv7R4_A_le_v3D16_eabi.lib : _lock.c.obj (.text:_nop)
                  0000ac58    00000004                                 : printf.c.obj (.text:_outc)
                  0000ac5c    00000004                                 : printf.c.obj (.text:_outs)
                  0000ac60    00000004     HL_sys_phantom.obj (.text:retain)
                  0000ac64    00000004     rtsv7R4_A_le_v3D16_eabi.lib : div0.asm.obj (.text)

.const     0    0000ac80    00000ab4     
                  0000ac80    000003a0     HL_het.obj (.const:het1PROGRAM)
                  0000b020    000003a0     HL_het.obj (.const:het2PROGRAM)
                  0000b3c0    00000200     HL_sys_vim.obj (.const:s_vim_init)
                  0000b5c0    00000101     rtsv7R4_A_le_v3D16_eabi.lib : ctype.c.obj (.const:.string:_ctypes_)
                  0000b6c1    00000003     --HOLE-- [fill = 0]
                  0000b6c4    00000020     HL_het.obj (.const:s_het1pwmPolarity)
                  0000b6e4    00000020     HL_het.obj (.const:s_het2pwmPolarity)
                  0000b704    00000018     HL_adc.obj (.const:s_adcFiFoSize)
                  0000b71c    00000018     HL_adc.obj (.const:s_adcSelect)

.cinit     0    0000b740    00000090     
                  0000b740    0000006b     (.cinit..data.load) [load image, compression = lzss]
                  0000b7ab    00000001     --HOLE-- [fill = 0]
                  0000b7ac    0000000c     (__TI_handler_table)
                  0000b7b8    00000008     (.cinit..bss.load) [load image, compression = zero_init]
                  0000b7c0    00000010     (__TI_cinit_table)

.sysmem    0    08001500    00000800     UNINITIALIZED
                  08001500    00000010     rtsv7R4_A_le_v3D16_eabi.lib : memory.c.obj (.sysmem)
                  08001510    000007f0     --HOLE--

.bss       0    08001d00    00000218     UNINITIALIZED
                  08001d00    00000120     rtsv7R4_A_le_v3D16_eabi.lib : trgmsg.c.obj (.bss:_CIOBUF_)
                  08001e20    000000a0     (.common:__TI_tmpnams)
                  08001ec0    00000050     HL_sci.obj (.bss:g_sciTransfer_t)
                  08001f10    00000008     (.common:parmbuf)

.data      0    08001f18    000001e8     UNINITIALIZED
                  08001f18    000000f0     rtsv7R4_A_le_v3D16_eabi.lib : defs.c.obj (.data:_ftable)
                  08002008    00000078                                 : host_device.c.obj (.data:_device)
                  08002080    00000050                                 : host_device.c.obj (.data:_stream)
                  080020d0    00000010                                 : defs.c.obj (.data)
                  080020e0    0000000c                                 : exit.c.obj (.data:$O1$$)
                  080020ec    00000008                                 : _lock.c.obj (.data:$O1$$)
                  080020f4    00000008                                 : memory.c.obj (.data:$O1$$)
                  080020fc    00000004                                 : errno.c.obj (.data)

MODULE SUMMARY

       Module                       code    ro data   rw data
       ------                       ----    -------   -------
    .\source\
       HL_het.obj                   3024    1920      0      
       HL_adc.obj                   3744    48        0      
       HL_sys_vim.obj               3188    512       0      
       HL_sci.obj                   3444    0         80     
       HL_pinmux.obj                2496    0         0      
       HL_system.obj                2460    0         0      
       HL_esm.obj                   2308    0         0      
       HL_rti.obj                   1776    0         0      
       HL_errata_SSWF021_45.obj     1636    0         0      
       HL_gio.obj                   1156    0         0      
       HL_sys_core.obj              964     0         0      
       HL_sys_mpu.obj               876     0         0      
       HL_sys_main.obj              836     0         0      
       HL_emif.obj                  736     0         0      
       HL_notification.obj          452     0         0      
       HL_sys_startup.obj           220     0         0      
       HL_sys_intvecs.obj           32      0         0      
       HL_sys_phantom.obj           4       0         0      
    +--+----------------------------+-------+---------+---------+
       Total:                       29352   2480      80     
                                                             
    C:\ti\ccs910\ccs\tools\compiler\ti-cgt-arm_18.12.3.LTS\lib\rtsv7R4_A_le_v3D16_eabi.lib
       _printfi.c.obj               6833    0         0      
       memory.c.obj                 1068    0         8      
       ull_div32.asm.obj            696     0         0      
       trgmsg.c.obj                 168     0         288    
       fputs.c.obj                  420     0         0      
       defs.c.obj                   0       0         416    
       memcpy32.asm.obj             384     0         0      
       setvbuf.c.obj                344     0         0      
       s_floor.c.obj                308     0         0      
       s_scalbn.c.obj               284     0         0      
       ctype.c.obj                  0       257       0      
       fputc.c.obj                  256     0         0      
       host_device.c.obj            0       0         200    
       getdevice.c.obj              192     0         0      
       fclose.c.obj                 184     0         0      
       memset32.asm.obj             176     0         0      
       hostlseek.c.obj              172     0         0      
       fseek.c.obj                  168     0         0      
       hostrename.c.obj             164     0         0      
       printf.c.obj                 164     0         0      
       _io_perm.c.obj               160     0         0      
       hostopen.c.obj               152     0         8      
       close.c.obj                  152     0         0      
       copy_decompress_lzss.c.obj   144     0         0      
       exit.c.obj                   132     0         12     
       hostread.c.obj               144     0         0      
       hostwrite.c.obj              144     0         0      
       s_frexp.c.obj                140     0         0      
       atoi.c.obj                   132     0         0      
       fflush.c.obj                 132     0         0      
       ltoa.c.obj                   128     0         0      
       hostclose.c.obj              116     0         0      
       hostunlink.c.obj             112     0         0      
       autoinit.c.obj               104     0         0      
       fopen.c.obj                  84      0         0      
       i_div32.asm.obj              84      0         0      
       u_div32.asm.obj              80      0         0      
       strncpy.c.obj                72      0         0      
       unlink.c.obj                 72      0         0      
       lseek.c.obj                  68      0         0      
       write.c.obj                  68      0         0      
       memccpy.c.obj                44      0         0      
       memchr.c.obj                 44      0         0      
       copy_zero_init.c.obj         40      0         0      
       s_copysign.c.obj             40      0         0      
       strchr.c.obj                 40      0         0      
       strcmp.c.obj                 40      0         0      
       wcslen.c.obj                 36      0         0      
       strlen.c.obj                 32      0         0      
       strcpy.c.obj                 24      0         0      
       copy_decompress_none.c.obj   20      0         0      
       errno.c.obj                  12      0         4      
       _lock.c.obj                  4       0         8      
       div0.asm.obj                 4       0         0      
    +--+----------------------------+-------+---------+---------+
       Total:                       14781   257       944    
                                                             
       Heap:                        0       0         2048   
       Linker Generated:            0       143       0      
    +--+----------------------------+-------+---------+---------+
       Grand Total:                 44133   2880      3072   


LINKER GENERATED COPY TABLES

__TI_cinit_table @ 0000b7c0 records: 2, size/record: 8, table size: 16
	.data: load addr=0000b740, load size=0000006b bytes, run addr=08001f18, run size=000001e8 bytes, compression=lzss
	.bss: load addr=0000b7b8, load size=00000008 bytes, run addr=08001d00, run size=00000218 bytes, compression=zero_init


LINKER GENERATED HANDLER TABLE

__TI_handler_table @ 0000b7ac records: 3, size/record: 4, table size: 12
	index: 0, handler: __TI_zero_init
	index: 1, handler: __TI_decompress_lzss
	index: 2, handler: __TI_decompress_none


GLOBAL SYMBOLS: SORTED ALPHABETICALLY BY Name 

address   name                                
-------   ----                                
0000ac48  C$$EXIT                             
0000a7e8  C$$IO$$                             
0000a468  HOSTclose                           
00009b30  HOSTlseek                           
00009e64  HOSTopen                            
0000a028  HOSTread                            
00009c84  HOSTrename                          
0000a550  HOSTunlink                          
0000a0b8  HOSTwrite                           
00005f9c  IsdwdKeySequenceCorrect             
UNDEFED   SHT$$INIT_ARRAY$$Base               
UNDEFED   SHT$$INIT_ARRAY$$Limit              
08001d00  __CIOBUF_                           
00000800  __SYSMEM_SIZE                       
0000b7c0  __TI_CINIT_Base                     
0000b7d0  __TI_CINIT_Limit                    
0000b7ac  __TI_Handler_Table_Base             
0000b7b8  __TI_Handler_Table_Limit            
00007110  __TI_PINIT_Base                     
00007114  __TI_PINIT_Limit                    
0000a62c  __TI_auto_init_nobinit_nopinit      
0000a6f8  __TI_cleanup                        
080020e0  __TI_cleanup_ptr                    
00009910  __TI_closefile                      
0000a148  __TI_decompress_lzss                
0000ac1c  __TI_decompress_none                
0000a264  __TI_doflush                        
080020e4  __TI_dtors_ptr                      
080020e8  __TI_enable_exit_profile_output     
080020d0  __TI_ft_end                         
ffffffff  __TI_pprof_out_hndl                 
00000020  __TI_printfi                        
ffffffff  __TI_prof_data_size                 
ffffffff  __TI_prof_data_start                
0000a74c  __TI_readmsg                        
00000000  __TI_static_base__                  
08001e20  __TI_tmpnams                        
0000a7a0  __TI_writemsg                       
00009d28  __TI_wrt_ok                         
0000ab48  __TI_zero_init_nomemset             
0000ac30  __aeabi_errno_addr                  
0000a89c  __aeabi_idiv                        
0000ac64  __aeabi_idiv0                       
0000a89c  __aeabi_idivmod                     
0000ac64  __aeabi_ldiv0                       
00009a80  __aeabi_memclr                      
00009a80  __aeabi_memclr4                     
00009a80  __aeabi_memclr8                     
00008aa8  __aeabi_memcpy                      
00008aa8  __aeabi_memcpy4                     
00008aa8  __aeabi_memcpy8                     
00009a84  __aeabi_memset                      
00009a84  __aeabi_memset4                     
00009a84  __aeabi_memset8                     
080020dc  __aeabi_stderr                      
080020d4  __aeabi_stdin                       
080020d8  __aeabi_stdout                      
0000a8f0  __aeabi_uidiv                       
0000a8f0  __aeabi_uidivmod                    
000080c0  __aeabi_uldivmod                    
ffffffff  __binit__                           
ffffffff  __c_args__                          
00009770  _c_int00                            
000070c4  _cacheDisable_                      
00007080  _cacheEnable_                       
00007060  _checkMemInitOn_                    
00006f6c  _coreClearAuxiliaryDataFault_       
00006f80  _coreClearAuxiliaryInstructionFault_
00006f44  _coreClearDataFaultAddress_         
00006f1c  _coreClearDataFault_                
00006f58  _coreClearInstructionFaultAddress_  
00006f30  _coreClearInstructionFault_         
00006ef4  _coreDisableEventBusExport_         
00006ee4  _coreEnableEventBusExport_          
00006f04  _coreEnableIrqVicOffset_            
00006ecc  _coreEnableVfp_                     
00006f64  _coreGetAuxiliaryDataFault_         
00006f78  _coreGetAuxiliaryInstructionFault_  
00006f3c  _coreGetDataFaultAddress_           
00006f14  _coreGetDataFault_                  
00006f50  _coreGetInstructionFaultAddress_    
00006f28  _coreGetInstructionFault_           
00006d54  _coreInitRegisters_                 
00006e60  _coreInitStackPointer_              
0000b5c0  _ctypes_                            
000070e8  _dCacheInvalidate_                  
08002008  _device                             
00006f8c  _disable_IRQ_interrupt_             
00006f94  _enable_IRQ_interrupt_              
00006f9c  _enable_interrupt_                  
0000626c  _errata_SSWF021_45_both_plls        
00006460  _errata_SSWF021_45_pll1             
000065d8  _errata_SSWF021_45_pll2             
00006fa4  _esmCcmErrorsClear_                 
08001f18  _ftable                             
00006eac  _getCPSRValue_                      
00006eb4  _gotoCPUIdle_                       
000070fc  _iCacheInvalidate_                  
080020ec  _lock                               
0000702c  _memInit_                           
0000742c  _mpuAreRegionsSeparate_             
00007410  _mpuDisableBackgroundRegion_        
000073e8  _mpuDisable_                        
00007400  _mpuEnableBackgroundRegion_         
000073d0  _mpuEnable_                         
00007420  _mpuGetNumberOfRegions_             
00007450  _mpuGetRegionBaseAddress_           
00007470  _mpuGetRegionPermission_            
00007464  _mpuGetRegionType_                  
00007440  _mpuGetRegion_                      
00007118  _mpuInit_                           
00007448  _mpuSetRegionBaseAddress_           
0000747c  _mpuSetRegionSizeRegister_          
00007458  _mpuSetRegionTypeAndPermission_     
00007438  _mpuSetRegion_                      
0000ac54  _nop                                
08002080  _stream                             
08001500  _sys_memory                         
UNDEFED   _system_post_cinit                  
080020f0  _unlock                             
0000ac48  abort                               
000019a0  adc1GetConfigValue                  
00001ba0  adc2GetConfigValue                  
0000157c  adcCalibration                      
00001940  adcDisableNotification              
000018f0  adcEnableNotification               
00001354  adcGetData                          
00001988  adcGetEVTPin                        
00000fcc  adcInit                             
0000154c  adcIsConversionComplete             
0000151c  adcIsFifoFull                       
00001754  adcMidPointCalibration              
00008620  adcNotification                     
0000132c  adcResetFiFo                        
00001968  adcSetEVTPin                        
00001280  adcStartConversion                  
00001304  adcStopConversion                   
00008928  aligned_alloc                       
0000a2e8  atoi                                
ffffffff  binit                               
00008634  canErrorNotification                
0000865c  canMessageNotification              
00008648  canStatusChangeNotification         
000032f8  capGetSignal                        
00009efc  close                               
0000ab20  copysign                            
0000ab20  copysignl                           
00004a64  customTrimLPO                       
00008670  dccNotification                     
000085f8  dmaGroupANotification               
0000600c  dwdClearFlag                        
00005f10  dwdCounterEnable                    
00005f74  dwdGenerateSysReset                 
00005fd4  dwdGetStatus                        
00006028  dwdGetViolationStatus               
00005e80  dwdInit                             
00005f4c  dwdReset                            
00005f2c  dwdSetPreload                       
00005ef8  dwwdGetCurrentDownCounter           
00005eac  dwwdInit                            
000032b8  edgeDisableNotification             
0000327c  edgeEnableNotification              
00003250  edgeGetCounter                      
00008714  edgeNotification                    
00003224  edgeResetCounter                    
00008774  emacRxNotification                  
00008764  emacTxNotification                  
00007bec  emifGetConfigValue                  
00007b08  emif_ASYNC1Init                     
00007b54  emif_ASYNC2Init                     
00007ba0  emif_ASYNC3Init                     
00007b04  emif_SDRAMInit                      
00007d44  emif_SDRAM_StartupInit              
00008750  epcCAMFullNotification              
00008754  epcFIFOFullNotification             
0000873c  eqepNotification                    
080020fc  errno                               
00005654  esmActivateNormalOperation          
000057a0  esmClearStatus                      
00005804  esmClearStatusBuffer                
000057e0  esmClearStatusUpper                 
00005600  esmDisableError                     
00005628  esmDisableErrorUpper                
000056a8  esmDisableInterrupt                 
000056d0  esmDisableInterruptUpper            
000055bc  esmEnableError                      
000055e4  esmEnableErrorUpper                 
00005664  esmEnableInterrupt                  
0000568c  esmEnableInterruptUpper             
00005934  esmEnterSelfTest                    
000055a0  esmError                            
00005a0c  esmGetConfigValue                   
00005840  esmGetStatus                        
0000590c  esmGetStatusBuffer                  
000058c4  esmGetStatusUpper                   
000085c0  esmGroup1Notification               
000085d4  esmGroup2Notification               
000085e8  esmGroup3Notification               
00008da0  esmHighInterrupt                    
00005444  esmInit                             
000059bc  esmSelfTestStatus                   
00005820  esmSetCounterPreloadValue           
000056ec  esmSetInterruptLevel                
00005760  esmSetInterruptLevelUpper           
00005644  esmTriggerErrorPinReset             
0000a3ec  exit                                
0000a7f4  finddevice                          
00009310  floor                               
00009310  floorl                              
00009670  fputc                               
00008784  fputs                               
00008c28  free                                
0000a1d8  frexp                               
0000a1d8  frexpl                              
00009bdc  fseek                               
0000450c  getResetSource                      
0000a5c0  getdevice                           
00006b30  gioDisableNotification              
00006ac8  gioEnableNotification               
00006a30  gioGetBit                           
00006b98  gioGetConfigValue                   
00006a58  gioGetPort                          
000068d0  gioInit                             
00008684  gioNotification                     
000069c0  gioSetBit                           
000069a0  gioSetDirection                     
00006a10  gioSetPort                          
00006a70  gioToggleBit                        
0000ac50  handlePLLLockFail                   
00003404  het1GetConfigValue                  
00003594  het2GetConfigValue                  
000033ec  hetGetTimestamp                     
00002be0  hetInit                             
00008728  hetNotification                     
000033d0  hetResetTimestamp                   
00008698  i2cNotification                     
00009444  ldexp                               
00009444  ldexpl                              
000086ac  linNotification                     
0000a9d0  lseek                               
0000a36c  ltoa                                
00007484  main                                
0000ac3c  malloc                              
00004338  mapClocks                           
00008928  memalign                            
0000aac8  memccpy                             
0000aaf4  memchr                              
00008aa8  memcpy                              
00009a90  memset                              
000086d4  mibspiGroupNotification             
000086c0  mibspiNotification                  
000037b0  muxInit                             
08001f10  parmbuf                             
00004284  periphInit                          
0000ac60  phantomInterrupt                    
00009dc8  printf                              
00009670  putc                                
000031f4  pwmDisableNotification              
000031ac  pwmEnableNotification               
000030cc  pwmGetSignal                        
000086fc  pwmNotification                     
00002dcc  pwmSetDuty                          
00002f1c  pwmSetSignal                        
00002d64  pwmStart                            
00002d98  pwmStop                             
0000a988  remove                              
00000000  resetEntry                          
0000a848  rtiCompare0Interrupt                
000060e0  rtiDisableNotification              
000060b4  rtiEnableNotification               
00006100  rtiGetConfigValue                   
00005de8  rtiGetCurrentTick                   
00005dbc  rtiGetPeriod                        
00005bd0  rtiInit                             
000074dc  rtiNotification                     
00005d24  rtiResetCounter                     
00005d90  rtiSetPeriod                        
00005cc4  rtiStartCounter                     
00005cf4  rtiStopCounter                      
00009444  scalbn                              
00009444  scalbnl                             
000026f8  sci1GetConfigValue                  
00002850  sci3GetConfigValue                  
000029a8  sci4GetConfigValue                  
0000256c  sciDisableLoopback                  
00002620  sciDisableNotification              
00002538  sciEnableLoopback                   
00002588  sciEnableNotification               
000026b8  sciEnterResetState                  
000026d8  sciExitResetState                   
00001e6c  sciInit                             
000023b0  sciIsIdleDetected                   
00002394  sciIsRxReady                        
000021e4  sciIsTxReady                        
000086e8  sciNotification                     
00002428  sciReceive                          
000023fc  sciReceiveByte                      
000023cc  sciRxError                          
00002230  sciSend                             
00002200  sciSendByte                         
00002148  sciSetBaudrate                      
00002128  sciSetFunctional                    
00004244  setupFlash                          
00004170  setupPLL                            
00009074  setvbuf                             
0000ab70  strchr                              
0000ab98  strcmp                              
0000ac04  strcpy                              
0000abe4  strlen                              
0000a940  strncpy                             
00004634  systemGetConfigValue                
00004464  systemInit                          
000044dc  systemPowerDown                     
000041d0  trimLPO                             
0000a988  unlink                              
00004be0  vimChannelMap                       
00004e4c  vimDisableInterrupt                 
000077c8  vimECCErrorHandler                  
00004c84  vimEnableInterrupt                  
00004ef8  vimGetConfigValue                   
00004b0c  vimInit                             
0000abc0  wcslen                              
0000aa14  write                               


GLOBAL SYMBOLS: SORTED BY Symbol Address 

address   name                                
-------   ----                                
00000000  __TI_static_base__                  
00000000  resetEntry                          
00000020  __TI_printfi                        
00000800  __SYSMEM_SIZE                       
00000fcc  adcInit                             
00001280  adcStartConversion                  
00001304  adcStopConversion                   
0000132c  adcResetFiFo                        
00001354  adcGetData                          
0000151c  adcIsFifoFull                       
0000154c  adcIsConversionComplete             
0000157c  adcCalibration                      
00001754  adcMidPointCalibration              
000018f0  adcEnableNotification               
00001940  adcDisableNotification              
00001968  adcSetEVTPin                        
00001988  adcGetEVTPin                        
000019a0  adc1GetConfigValue                  
00001ba0  adc2GetConfigValue                  
00001e6c  sciInit                             
00002128  sciSetFunctional                    
00002148  sciSetBaudrate                      
000021e4  sciIsTxReady                        
00002200  sciSendByte                         
00002230  sciSend                             
00002394  sciIsRxReady                        
000023b0  sciIsIdleDetected                   
000023cc  sciRxError                          
000023fc  sciReceiveByte                      
00002428  sciReceive                          
00002538  sciEnableLoopback                   
0000256c  sciDisableLoopback                  
00002588  sciEnableNotification               
00002620  sciDisableNotification              
000026b8  sciEnterResetState                  
000026d8  sciExitResetState                   
000026f8  sci1GetConfigValue                  
00002850  sci3GetConfigValue                  
000029a8  sci4GetConfigValue                  
00002be0  hetInit                             
00002d64  pwmStart                            
00002d98  pwmStop                             
00002dcc  pwmSetDuty                          
00002f1c  pwmSetSignal                        
000030cc  pwmGetSignal                        
000031ac  pwmEnableNotification               
000031f4  pwmDisableNotification              
00003224  edgeResetCounter                    
00003250  edgeGetCounter                      
0000327c  edgeEnableNotification              
000032b8  edgeDisableNotification             
000032f8  capGetSignal                        
000033d0  hetResetTimestamp                   
000033ec  hetGetTimestamp                     
00003404  het1GetConfigValue                  
00003594  het2GetConfigValue                  
000037b0  muxInit                             
00004170  setupPLL                            
000041d0  trimLPO                             
00004244  setupFlash                          
00004284  periphInit                          
00004338  mapClocks                           
00004464  systemInit                          
000044dc  systemPowerDown                     
0000450c  getResetSource                      
00004634  systemGetConfigValue                
00004a64  customTrimLPO                       
00004b0c  vimInit                             
00004be0  vimChannelMap                       
00004c84  vimEnableInterrupt                  
00004e4c  vimDisableInterrupt                 
00004ef8  vimGetConfigValue                   
00005444  esmInit                             
000055a0  esmError                            
000055bc  esmEnableError                      
000055e4  esmEnableErrorUpper                 
00005600  esmDisableError                     
00005628  esmDisableErrorUpper                
00005644  esmTriggerErrorPinReset             
00005654  esmActivateNormalOperation          
00005664  esmEnableInterrupt                  
0000568c  esmEnableInterruptUpper             
000056a8  esmDisableInterrupt                 
000056d0  esmDisableInterruptUpper            
000056ec  esmSetInterruptLevel                
00005760  esmSetInterruptLevelUpper           
000057a0  esmClearStatus                      
000057e0  esmClearStatusUpper                 
00005804  esmClearStatusBuffer                
00005820  esmSetCounterPreloadValue           
00005840  esmGetStatus                        
000058c4  esmGetStatusUpper                   
0000590c  esmGetStatusBuffer                  
00005934  esmEnterSelfTest                    
000059bc  esmSelfTestStatus                   
00005a0c  esmGetConfigValue                   
00005bd0  rtiInit                             
00005cc4  rtiStartCounter                     
00005cf4  rtiStopCounter                      
00005d24  rtiResetCounter                     
00005d90  rtiSetPeriod                        
00005dbc  rtiGetPeriod                        
00005de8  rtiGetCurrentTick                   
00005e80  dwdInit                             
00005eac  dwwdInit                            
00005ef8  dwwdGetCurrentDownCounter           
00005f10  dwdCounterEnable                    
00005f2c  dwdSetPreload                       
00005f4c  dwdReset                            
00005f74  dwdGenerateSysReset                 
00005f9c  IsdwdKeySequenceCorrect             
00005fd4  dwdGetStatus                        
0000600c  dwdClearFlag                        
00006028  dwdGetViolationStatus               
000060b4  rtiEnableNotification               
000060e0  rtiDisableNotification              
00006100  rtiGetConfigValue                   
0000626c  _errata_SSWF021_45_both_plls        
00006460  _errata_SSWF021_45_pll1             
000065d8  _errata_SSWF021_45_pll2             
000068d0  gioInit                             
000069a0  gioSetDirection                     
000069c0  gioSetBit                           
00006a10  gioSetPort                          
00006a30  gioGetBit                           
00006a58  gioGetPort                          
00006a70  gioToggleBit                        
00006ac8  gioEnableNotification               
00006b30  gioDisableNotification              
00006b98  gioGetConfigValue                   
00006d54  _coreInitRegisters_                 
00006e60  _coreInitStackPointer_              
00006eac  _getCPSRValue_                      
00006eb4  _gotoCPUIdle_                       
00006ecc  _coreEnableVfp_                     
00006ee4  _coreEnableEventBusExport_          
00006ef4  _coreDisableEventBusExport_         
00006f04  _coreEnableIrqVicOffset_            
00006f14  _coreGetDataFault_                  
00006f1c  _coreClearDataFault_                
00006f28  _coreGetInstructionFault_           
00006f30  _coreClearInstructionFault_         
00006f3c  _coreGetDataFaultAddress_           
00006f44  _coreClearDataFaultAddress_         
00006f50  _coreGetInstructionFaultAddress_    
00006f58  _coreClearInstructionFaultAddress_  
00006f64  _coreGetAuxiliaryDataFault_         
00006f6c  _coreClearAuxiliaryDataFault_       
00006f78  _coreGetAuxiliaryInstructionFault_  
00006f80  _coreClearAuxiliaryInstructionFault_
00006f8c  _disable_IRQ_interrupt_             
00006f94  _enable_IRQ_interrupt_              
00006f9c  _enable_interrupt_                  
00006fa4  _esmCcmErrorsClear_                 
0000702c  _memInit_                           
00007060  _checkMemInitOn_                    
00007080  _cacheEnable_                       
000070c4  _cacheDisable_                      
000070e8  _dCacheInvalidate_                  
000070fc  _iCacheInvalidate_                  
00007110  __TI_PINIT_Base                     
00007114  __TI_PINIT_Limit                    
00007118  _mpuInit_                           
000073d0  _mpuEnable_                         
000073e8  _mpuDisable_                        
00007400  _mpuEnableBackgroundRegion_         
00007410  _mpuDisableBackgroundRegion_        
00007420  _mpuGetNumberOfRegions_             
0000742c  _mpuAreRegionsSeparate_             
00007438  _mpuSetRegion_                      
00007440  _mpuGetRegion_                      
00007448  _mpuSetRegionBaseAddress_           
00007450  _mpuGetRegionBaseAddress_           
00007458  _mpuSetRegionTypeAndPermission_     
00007464  _mpuGetRegionType_                  
00007470  _mpuGetRegionPermission_            
0000747c  _mpuSetRegionSizeRegister_          
00007484  main                                
000074dc  rtiNotification                     
000077c8  vimECCErrorHandler                  
00007b04  emif_SDRAMInit                      
00007b08  emif_ASYNC1Init                     
00007b54  emif_ASYNC2Init                     
00007ba0  emif_ASYNC3Init                     
00007bec  emifGetConfigValue                  
00007d44  emif_SDRAM_StartupInit              
000080c0  __aeabi_uldivmod                    
000085c0  esmGroup1Notification               
000085d4  esmGroup2Notification               
000085e8  esmGroup3Notification               
000085f8  dmaGroupANotification               
00008620  adcNotification                     
00008634  canErrorNotification                
00008648  canStatusChangeNotification         
0000865c  canMessageNotification              
00008670  dccNotification                     
00008684  gioNotification                     
00008698  i2cNotification                     
000086ac  linNotification                     
000086c0  mibspiNotification                  
000086d4  mibspiGroupNotification             
000086e8  sciNotification                     
000086fc  pwmNotification                     
00008714  edgeNotification                    
00008728  hetNotification                     
0000873c  eqepNotification                    
00008750  epcCAMFullNotification              
00008754  epcFIFOFullNotification             
00008764  emacTxNotification                  
00008774  emacRxNotification                  
00008784  fputs                               
00008928  aligned_alloc                       
00008928  memalign                            
00008aa8  __aeabi_memcpy                      
00008aa8  __aeabi_memcpy4                     
00008aa8  __aeabi_memcpy8                     
00008aa8  memcpy                              
00008c28  free                                
00008da0  esmHighInterrupt                    
00009074  setvbuf                             
00009310  floor                               
00009310  floorl                              
00009444  ldexp                               
00009444  ldexpl                              
00009444  scalbn                              
00009444  scalbnl                             
00009670  fputc                               
00009670  putc                                
00009770  _c_int00                            
00009910  __TI_closefile                      
00009a80  __aeabi_memclr                      
00009a80  __aeabi_memclr4                     
00009a80  __aeabi_memclr8                     
00009a84  __aeabi_memset                      
00009a84  __aeabi_memset4                     
00009a84  __aeabi_memset8                     
00009a90  memset                              
00009b30  HOSTlseek                           
00009bdc  fseek                               
00009c84  HOSTrename                          
00009d28  __TI_wrt_ok                         
00009dc8  printf                              
00009e64  HOSTopen                            
00009efc  close                               
0000a028  HOSTread                            
0000a0b8  HOSTwrite                           
0000a148  __TI_decompress_lzss                
0000a1d8  frexp                               
0000a1d8  frexpl                              
0000a264  __TI_doflush                        
0000a2e8  atoi                                
0000a36c  ltoa                                
0000a3ec  exit                                
0000a468  HOSTclose                           
0000a550  HOSTunlink                          
0000a5c0  getdevice                           
0000a62c  __TI_auto_init_nobinit_nopinit      
0000a6f8  __TI_cleanup                        
0000a74c  __TI_readmsg                        
0000a7a0  __TI_writemsg                       
0000a7e8  C$$IO$$                             
0000a7f4  finddevice                          
0000a848  rtiCompare0Interrupt                
0000a89c  __aeabi_idiv                        
0000a89c  __aeabi_idivmod                     
0000a8f0  __aeabi_uidiv                       
0000a8f0  __aeabi_uidivmod                    
0000a940  strncpy                             
0000a988  remove                              
0000a988  unlink                              
0000a9d0  lseek                               
0000aa14  write                               
0000aac8  memccpy                             
0000aaf4  memchr                              
0000ab20  copysign                            
0000ab20  copysignl                           
0000ab48  __TI_zero_init_nomemset             
0000ab70  strchr                              
0000ab98  strcmp                              
0000abc0  wcslen                              
0000abe4  strlen                              
0000ac04  strcpy                              
0000ac1c  __TI_decompress_none                
0000ac30  __aeabi_errno_addr                  
0000ac3c  malloc                              
0000ac48  C$$EXIT                             
0000ac48  abort                               
0000ac50  handlePLLLockFail                   
0000ac54  _nop                                
0000ac60  phantomInterrupt                    
0000ac64  __aeabi_idiv0                       
0000ac64  __aeabi_ldiv0                       
0000b5c0  _ctypes_                            
0000b7ac  __TI_Handler_Table_Base             
0000b7b8  __TI_Handler_Table_Limit            
0000b7c0  __TI_CINIT_Base                     
0000b7d0  __TI_CINIT_Limit                    
08001500  _sys_memory                         
08001d00  __CIOBUF_                           
08001e20  __TI_tmpnams                        
08001f10  parmbuf                             
08001f18  _ftable                             
08002008  _device                             
08002080  _stream                             
080020d0  __TI_ft_end                         
080020d4  __aeabi_stdin                       
080020d8  __aeabi_stdout                      
080020dc  __aeabi_stderr                      
080020e0  __TI_cleanup_ptr                    
080020e4  __TI_dtors_ptr                      
080020e8  __TI_enable_exit_profile_output     
080020ec  _lock                               
080020f0  _unlock                             
080020fc  errno                               
ffffffff  __TI_pprof_out_hndl                 
ffffffff  __TI_prof_data_size                 
ffffffff  __TI_prof_data_start                
ffffffff  __binit__                           
ffffffff  __c_args__                          
ffffffff  binit                               
UNDEFED   SHT$$INIT_ARRAY$$Base               
UNDEFED   SHT$$INIT_ARRAY$$Limit              
UNDEFED   _system_post_cinit                  

[323 symbols]
